Archive member included to satisfy reference by file (symbol)

app/libapp.a(assert.cc.obj)   (--whole-archive)
app/libapp.a(constants.c.obj)
                              (--whole-archive)
app/libapp.a(main.c.obj)      (--whole-archive)
app/libapp.a(main_functions.cc.obj)
                              (--whole-archive)
app/libapp.a(model.cc.obj)    (--whole-archive)
app/libapp.a(output_handler.cc.obj)
                              (--whole-archive)
zephyr/libzephyr.a(cbprintf.c.obj)
                              (--whole-archive)
zephyr/libzephyr.a(cbprintf_packaged.c.obj)
                              (--whole-archive)
zephyr/libzephyr.a(crc32c_sw.c.obj)
                              (--whole-archive)
zephyr/libzephyr.a(crc32_sw.c.obj)
                              (--whole-archive)
zephyr/libzephyr.a(crc16_sw.c.obj)
                              (--whole-archive)
zephyr/libzephyr.a(crc8_sw.c.obj)
                              (--whole-archive)
zephyr/libzephyr.a(crc7_sw.c.obj)
                              (--whole-archive)
zephyr/libzephyr.a(dec.c.obj)
                              (--whole-archive)
zephyr/libzephyr.a(fdtable.c.obj)
                              (--whole-archive)
zephyr/libzephyr.a(hex.c.obj)
                              (--whole-archive)
zephyr/libzephyr.a(notify.c.obj)
                              (--whole-archive)
zephyr/libzephyr.a(printk.c.obj)
                              (--whole-archive)
zephyr/libzephyr.a(onoff.c.obj)
                              (--whole-archive)
zephyr/libzephyr.a(rb.c.obj)  (--whole-archive)
zephyr/libzephyr.a(sem.c.obj)
                              (--whole-archive)
zephyr/libzephyr.a(thread_entry.c.obj)
                              (--whole-archive)
zephyr/libzephyr.a(timeutil.c.obj)
                              (--whole-archive)
zephyr/libzephyr.a(heap.c.obj)
                              (--whole-archive)
zephyr/libzephyr.a(heap-validate.c.obj)
                              (--whole-archive)
zephyr/libzephyr.a(bitarray.c.obj)
                              (--whole-archive)
zephyr/libzephyr.a(cbprintf_complete.c.obj)
                              (--whole-archive)
zephyr/libzephyr.a(assert.c.obj)
                              (--whole-archive)
zephyr/libzephyr.a(reboot.c.obj)
                              (--whole-archive)
zephyr/libzephyr.a(configs.c.obj)
                              (--whole-archive)
zephyr/libzephyr.a(soc.c.obj)
                              (--whole-archive)
zephyr/libzephyr.a(cpp_init_array.c.obj)
                              (--whole-archive)
zephyr/libzephyr.a(cpp_ctors.c.obj)
                              (--whole-archive)
zephyr/libzephyr.a(cpp_dtors.c.obj)
                              (--whole-archive)
zephyr/libzephyr.a(cpp_virtual.c.obj)
                              (--whole-archive)
zephyr/libzephyr.a(cpp_vtable.cpp.obj)
                              (--whole-archive)
zephyr/libzephyr.a(cpp_new.cpp.obj)
                              (--whole-archive)
zephyr/libzephyr.a(tracing_none.c.obj)
                              (--whole-archive)
zephyr/libzephyr.a(uart_console.c.obj)
                              (--whole-archive)
zephyr/libzephyr.a(clock_fixed_factor.c.obj)
                              (--whole-archive)
zephyr/libzephyr.a(clock_control_ast26xx.c.obj)
                              (--whole-archive)
zephyr/libzephyr.a(reset_control_aspeed.c.obj)
                              (--whole-archive)
zephyr/libzephyr.a(pinmux_aspeed.c.obj)
                              (--whole-archive)
zephyr/libzephyr.a(hwinfo_weak_impl.c.obj)
                              (--whole-archive)
zephyr/libzephyr.a(hwinfo_aspeed.c.obj)
                              (--whole-archive)
zephyr/libzephyr.a(sys_clock_init.c.obj)
                              (--whole-archive)
zephyr/libzephyr.a(cortex_m_systick.c.obj)
                              (--whole-archive)
zephyr/libzephyr.a(cache_aspeed.c.obj)
                              (--whole-archive)
zephyr/arch/common/libarch__common.a(sw_isr_common.c.obj)
                              (--whole-archive)
zephyr/arch/arch/arm/core/aarch32/libarch__arm__core__aarch32.a(swap.c.obj)
                              (--whole-archive)
zephyr/arch/arch/arm/core/aarch32/libarch__arm__core__aarch32.a(swap_helper.S.obj)
                              (--whole-archive)
zephyr/arch/arch/arm/core/aarch32/libarch__arm__core__aarch32.a(irq_manage.c.obj)
                              (--whole-archive)
zephyr/arch/arch/arm/core/aarch32/libarch__arm__core__aarch32.a(thread.c.obj)
                              (--whole-archive)
zephyr/arch/arch/arm/core/aarch32/libarch__arm__core__aarch32.a(cpu_idle.S.obj)
                              (--whole-archive)
zephyr/arch/arch/arm/core/aarch32/libarch__arm__core__aarch32.a(fatal.c.obj)
                              (--whole-archive)
zephyr/arch/arch/arm/core/aarch32/libarch__arm__core__aarch32.a(nmi.c.obj)
                              (--whole-archive)
[...]
Memory Configuration

Name             Origin             Length             Attributes
SRAM_NC          0x0000000001000000 0x0000000001000000 xw
FLASH            0x0000000000000000 0x0000000000000000 xr
SRAM             0x0000000000000000 0x0000000000ffc000 xw
IDT_LIST         0x0000000000ffc000 0x0000000000000800 xw
*default*        0x0000000000000000 0xffffffffffffffff

Linker script and memory map

LOAD zephyr/CMakeFiles/zephyr_prebuilt.dir/misc/empty_file.c.obj
LOAD zephyr/CMakeFiles/offsets.dir/./arch/arm/core/offsets/offsets.c.obj
                0x0000000000000004                _region_min_align = 0x4

.rel.plt        0x0000000000000000        0x0
 *(SORT_BY_ALIGNMENT(.rel.plt))
                [!provide]                        PROVIDE (__rel_iplt_start = .)
 *(SORT_BY_ALIGNMENT(.rel.iplt))
 .rel.iplt      0x0000000000000000        0x0 app/libapp.a(main.c.obj)
                [!provide]                        PROVIDE (__rel_iplt_end = .)

.rela.plt       0x0000000000000000        0x0
 *(SORT_BY_ALIGNMENT(.rela.plt))
                [!provide]                        PROVIDE (__rela_iplt_start = .)
 *(SORT_BY_ALIGNMENT(.rela.iplt))
                [!provide]                        PROVIDE (__rela_iplt_end = .)

.rel.dyn
 *(SORT_BY_ALIGNMENT(.rel.*))

.rela.dyn
 *(SORT_BY_ALIGNMENT(.rela.*))

/DISCARD/
 *(SORT_BY_ALIGNMENT(.plt))

/DISCARD/
 *(SORT_BY_ALIGNMENT(.iplt))
                0x0000000000000000                _image_rom_start = 0x0

rom_start       0x0000000000000000      0x420
                0x0000000000000000                . = 0x0
                0x0000000000000000                . = ALIGN (0x4)
                0x0000000000000000                . = ALIGN (0x80)
                0x0000000000000000                . = ALIGN (0x400)
                0x0000000000000000                _vector_start = .
 *(SORT_BY_ALIGNMENT(.exc_vector_table))
 *(SORT_BY_ALIGNMENT(.exc_vector_table.*))
 .exc_vector_table._vector_table_section
                0x0000000000000000       0x40 zephyr/arch/arch/arm/core/aarch32/cortex_m/libarch__arm__core__aarch32__cortex_m.a(vector_table.S.obj)
                0x0000000000000000                _vector_table
 *(SORT_BY_ALIGNMENT(.gnu.linkonce.irq_vector_table*))
 .gnu.linkonce.irq_vector_table
                0x0000000000000040      0x3c0 zephyr/arch/common/libisr_tables.a(isr_tables.c.obj)
                0x0000000000000040                _irq_vector_table
 *(SORT_BY_ALIGNMENT(.vectors))
                0x0000000000000400                _vector_end = .
 *(SORT_BY_ALIGNMENT(.sboot))
 .sboot         0x0000000000000400       0x20 zephyr/libzephyr.a(soc.c.obj)
                0x0000000000000400                sbh

text            0x0000000000000420     0x72ba
                0x0000000000000420                _image_text_start = .
 *(SORT_BY_ALIGNMENT(.text))
 .text          0x0000000000000420       0x30 /root/zephyr-sdk-0.16.1/arm-zephyr-eabi/bin/../lib/gcc/arm-zephyr-eabi/12.2.0/thumb/v7-m/nofp/libgcc.a(_aeabi_uldivmod.o)
                0x0000000000000420                __aeabi_uldivmod
 .text          0x0000000000000450        0x4 /root/zephyr-sdk-0.16.1/arm-zephyr-eabi/bin/../lib/gcc/arm-zephyr-eabi/12.2.0/thumb/v7-m/nofp/libgcc.a(_dvmd_tls.o)
                0x0000000000000450                __aeabi_ldiv0
                0x0000000000000450                __aeabi_idiv0
 .text          0x0000000000000454      0x2a0 /root/zephyr-sdk-0.16.1/arm-zephyr-eabi/bin/../lib/gcc/arm-zephyr-eabi/12.2.0/thumb/v7-m/nofp/libgcc.a(_udivmoddi4.o)
                0x0000000000000454                __udivmoddi4
 .text          0x00000000000006f4       0x14 /root/zephyr-sdk-0.16.1/arm-zephyr-eabi/arm-zephyr-eabi/lib/thumb/v7-m/nofp/libc_nano.a(lib_a-strcmp.o)
                0x00000000000006f4                strcmp
 .text          0x0000000000000708       0x10 /root/zephyr-sdk-0.16.1/arm-zephyr-eabi/arm-zephyr-eabi/lib/thumb/v7-m/nofp/libc_nano.a(lib_a-strlen.o)
                0x0000000000000708                strlen
 *(SORT_BY_ALIGNMENT(.text.*))
 .text.main     0x0000000000000718       0xa8 app/libapp.a(main.c.obj)
                0x0000000000000718                main
 .text.char_out
                0x00000000000007c0       0x10 zephyr/libzephyr.a(printk.c.obj)
 .text.__printk_hook_install
                0x00000000000007d0        0xc zephyr/libzephyr.a(printk.c.obj)
                0x00000000000007d0                __printk_hook_install
 .text.vprintk  0x00000000000007dc       0x1c zephyr/libzephyr.a(printk.c.obj)
                0x00000000000007dc                vprintk
 .text.vsnprintk
                0x00000000000007f8       0x28 zephyr/libzephyr.a(printk.c.obj)
                0x00000000000007f8                vsnprintk
 .text.sys_heap_init
                0x0000000000000820      0x140 zephyr/libzephyr.a(heap.c.obj)
                0x0000000000000820                sys_heap_init
 .text.extract_decimal
                0x0000000000000960       0x2c zephyr/libzephyr.a(cbprintf_complete.c.obj)
 .text.encode_uint
                0x000000000000098c       0x98 zephyr/libzephyr.a(cbprintf_complete.c.obj)
 .text.cbvprintf
                0x0000000000000a24      0x748 zephyr/libzephyr.a(cbprintf_complete.c.obj)
                0x0000000000000a24                cbvprintf
 .text.z_platform_init
                0x000000000000116c       0x20 zephyr/libzephyr.a(soc.c.obj)
                0x000000000000116c                z_platform_init
 .text.__do_init_array_aux
                0x000000000000118c       0x1c zephyr/libzephyr.a(cpp_init_array.c.obj)
                0x000000000000118c                __do_init_array_aux
 .text.__do_global_ctors_aux
                0x00000000000011a8       0x1c zephyr/libzephyr.a(cpp_ctors.c.obj)
                0x00000000000011a8                __do_global_ctors_aux
 .text.uart_console_init
                0x00000000000011c4       0x2c zephyr/libzephyr.a(uart_console.c.obj)
 .text.console_out
                0x00000000000011f0       0x28 zephyr/libzephyr.a(uart_console.c.obj)
 .text.aspeed_clock_control_get_rate
                0x0000000000001218       0xbc zephyr/libzephyr.a(clock_control_ast26xx.c.obj)
 .text.pinmux_aspeed_get
                0x00000000000012d4       0x1c zephyr/libzephyr.a(pinmux_aspeed.c.obj)
 .text.pinmux_aspeed_set
                0x00000000000012f0       0x94 zephyr/libzephyr.a(pinmux_aspeed.c.obj)
 .text.pinmux_aspeed_init
                0x0000000000001384       0x34 zephyr/libzephyr.a(pinmux_aspeed.c.obj)
 .text.elapsed  0x00000000000013b8       0x3c zephyr/libzephyr.a(cortex_m_systick.c.obj)
 .text.sys_clock_isr
                0x00000000000013f4       0x44 zephyr/libzephyr.a(cortex_m_systick.c.obj)
                0x00000000000013f4                sys_clock_isr
 .text.sys_clock_driver_init
                0x0000000000001438       0x34 zephyr/libzephyr.a(cortex_m_systick.c.obj)
                0x0000000000001438                sys_clock_driver_init
 .text.sys_clock_set_timeout
                0x000000000000146c      0x14c zephyr/libzephyr.a(cortex_m_systick.c.obj)
                0x000000000000146c                sys_clock_set_timeout
 .text.sys_clock_elapsed
                0x00000000000015b8       0xa8 zephyr/libzephyr.a(cortex_m_systick.c.obj)
                0x00000000000015b8                sys_clock_elapsed
 .text.cache_instr_enable
                0x0000000000001660       0x18 zephyr/libzephyr.a(cache_aspeed.c.obj)
                0x0000000000001660                cache_instr_enable
 .text.arch_swap
                0x0000000000001678       0x38 zephyr/arch/arch/arm/core/aarch32/libarch__arm__core__aarch32.a(swap.c.obj)
                0x0000000000001678                arch_swap
 .text.z_arm_pendsv
                0x00000000000016b0       0x4c zephyr/arch/arch/arm/core/aarch32/libarch__arm__core__aarch32.a(swap_helper.S.obj)
                0x00000000000016b0                z_arm_pendsv
 .text.z_arm_svc
                0x00000000000016fc       0x20 zephyr/arch/arch/arm/core/aarch32/libarch__arm__core__aarch32.a(swap_helper.S.obj)
                0x00000000000016fc                z_arm_svc
 .text.arch_irq_enable
                0x000000000000171c       0x1c zephyr/arch/arch/arm/core/aarch32/libarch__arm__core__aarch32.a(irq_manage.c.obj)
                0x000000000000171c                arch_irq_enable
 .text.z_arm_irq_priority_set
                0x0000000000001738       0x64 zephyr/arch/arch/arm/core/aarch32/libarch__arm__core__aarch32.a(irq_manage.c.obj)
                0x0000000000001738                z_arm_irq_priority_set
 .text.arch_new_thread
                0x000000000000179c       0x38 zephyr/arch/arch/arm/core/aarch32/libarch__arm__core__aarch32.a(thread.c.obj)
                0x000000000000179c                arch_new_thread
 .text.arch_switch_to_main_thread
                0x00000000000017d4       0x24 zephyr/arch/arch/arm/core/aarch32/libarch__arm__core__aarch32.a(thread.c.obj)
                0x00000000000017d4                arch_switch_to_main_thread
 .text.z_arm_cpu_idle_init
                0x00000000000017f8        0xc zephyr/arch/arch/arm/core/aarch32/libarch__arm__core__aarch32.a(cpu_idle.S.obj)
                0x00000000000017f8                z_arm_cpu_idle_init
 .text.arch_cpu_idle
                0x0000000000001804       0x1c zephyr/arch/arch/arm/core/aarch32/libarch__arm__core__aarch32.a(cpu_idle.S.obj)
                0x0000000000001804                arch_cpu_idle
 .text.z_SysNmiOnReset
                0x0000000000001820        0x8 zephyr/arch/arch/arm/core/aarch32/libarch__arm__core__aarch32.a(nmi_on_reset.S.obj)
                0x0000000000001820                z_SysNmiOnReset
 .text.z_arm_prep_c
                0x0000000000001828       0x28 zephyr/arch/arch/arm/core/aarch32/libarch__arm__core__aarch32.a(prep_c.c.obj)
                0x0000000000001828                z_arm_prep_c
 .text._isr_wrapper
                0x0000000000001850       0x28 zephyr/arch/arch/arm/core/aarch32/libarch__arm__core__aarch32.a(isr_wrapper.S.obj)
                0x0000000000001850                _isr_wrapper
 .text._reset_section
                0x0000000000001878       0x3c zephyr/arch/arch/arm/core/aarch32/cortex_m/libarch__arm__core__aarch32__cortex_m.a(reset.S.obj)
                0x0000000000001878                z_arm_reset
                0x0000000000001878                __start
 .text.__fault  0x00000000000018b4       0x14 zephyr/arch/arch/arm/core/aarch32/cortex_m/libarch__arm__core__aarch32__cortex_m.a(fault_s.S.obj)
                0x00000000000018b4                z_arm_bus_fault
                0x00000000000018b4                z_arm_usage_fault
                0x00000000000018b4                z_arm_mpu_fault
                0x00000000000018b4                z_arm_exc_spurious
                0x00000000000018b4                z_arm_debug_monitor
                0x00000000000018b4                z_arm_hard_fault
 .text.bus_fault.constprop.0
                0x00000000000018c8       0x34 zephyr/arch/arch/arm/core/aarch32/cortex_m/libarch__arm__core__aarch32__cortex_m.a(fault.c.obj)
 .text.mem_manage_fault.constprop.0
                0x00000000000018fc       0x7c zephyr/arch/arch/arm/core/aarch32/cortex_m/libarch__arm__core__aarch32__cortex_m.a(fault.c.obj)
 .text.z_arm_fault
                0x0000000000001978      0x12c zephyr/arch/arch/arm/core/aarch32/cortex_m/libarch__arm__core__aarch32__cortex_m.a(fault.c.obj)
                0x0000000000001978                z_arm_fault
 .text.z_arm_fault_init
                0x0000000000001aa4       0x10 zephyr/arch/arch/arm/core/aarch32/cortex_m/libarch__arm__core__aarch32__cortex_m.a(fault.c.obj)
                0x0000000000001aa4                z_arm_fault_init
 .text._HandlerModeExit
                0x0000000000001ab4       0x28 zephyr/arch/arch/arm/core/aarch32/cortex_m/libarch__arm__core__aarch32__cortex_m.a(exc_exit.S.obj)
                0x0000000000001ab4                z_arm_exc_exit
                0x0000000000001ab4                z_arm_int_exit
 .text.z_arm_interrupt_init
                0x0000000000001adc       0x18 zephyr/arch/arch/arm/core/aarch32/cortex_m/libarch__arm__core__aarch32__cortex_m.a(irq_init.c.obj)
                0x0000000000001adc                z_arm_interrupt_init
 .text.z_impl_k_thread_abort
                0x0000000000001af4       0x24 zephyr/arch/arch/arm/core/aarch32/cortex_m/libarch__arm__core__aarch32__cortex_m.a(thread_abort.c.obj)
                0x0000000000001af4                z_impl_k_thread_abort
 .text.malloc_prepare
                0x0000000000001b18       0x40 zephyr/lib/libc/newlib/liblib__libc__newlib.a(libc-hooks.c.obj)
 .text.__stdout_hook_install
                0x0000000000001b58        0xc zephyr/lib/libc/newlib/liblib__libc__newlib.a(libc-hooks.c.obj)
                0x0000000000001b58                __stdout_hook_install
 .text.z_impl_zephyr_read_stdin
                0x0000000000001b64       0x28 zephyr/lib/libc/newlib/liblib__libc__newlib.a(libc-hooks.c.obj)
                0x0000000000001b64                z_impl_zephyr_read_stdin
 .text.z_impl_zephyr_write_stdout
                0x0000000000001b8c       0x30 zephyr/lib/libc/newlib/liblib__libc__newlib.a(libc-hooks.c.obj)
                0x0000000000001b8c                z_impl_zephyr_write_stdout
 .text._exit    0x0000000000001bbc       0x10 zephyr/lib/libc/newlib/liblib__libc__newlib.a(libc-hooks.c.obj)
                0x0000000000001bbc                _exit
 .text._sbrk    0x0000000000001bcc       0x24 zephyr/lib/libc/newlib/liblib__libc__newlib.a(libc-hooks.c.obj)
                0x0000000000001bcc                _sbrk
                0x0000000000001bcc                sbrk
 .text.__malloc_lock
                0x0000000000001bf0       0x14 zephyr/lib/libc/newlib/liblib__libc__newlib.a(libc-hooks.c.obj)
                0x0000000000001bf0                __malloc_lock
 .text.__malloc_unlock
                0x0000000000001c04        0xc zephyr/lib/libc/newlib/liblib__libc__newlib.a(libc-hooks.c.obj)
                0x0000000000001c04                __malloc_unlock
 .text.uart_aspeed_poll_in
                0x0000000000001c10       0xd0 zephyr/drivers/serial/libdrivers__serial.a(uart_aspeed.c.obj)
 .text.uart_aspeed_poll_out
                0x0000000000001ce0       0xd8 zephyr/drivers/serial/libdrivers__serial.a(uart_aspeed.c.obj)
 .text.uart_aspeed_err_check
                0x0000000000001db8       0x90 zephyr/drivers/serial/libdrivers__serial.a(uart_aspeed.c.obj)
 .text.uart_aspeed_fifo_fill
                0x0000000000001e48      0x14c zephyr/drivers/serial/libdrivers__serial.a(uart_aspeed.c.obj)
 .text.uart_aspeed_fifo_read
                0x0000000000001f94      0x144 zephyr/drivers/serial/libdrivers__serial.a(uart_aspeed.c.obj)
 .text.uart_aspeed_irq_tx_enable
                0x00000000000020d8      0x118 zephyr/drivers/serial/libdrivers__serial.a(uart_aspeed.c.obj)
 .text.uart_aspeed_irq_tx_disable
                0x00000000000021f0      0x118 zephyr/drivers/serial/libdrivers__serial.a(uart_aspeed.c.obj)
 .text.uart_aspeed_irq_tx_ready
                0x0000000000002308      0x134 zephyr/drivers/serial/libdrivers__serial.a(uart_aspeed.c.obj)
 .text.uart_aspeed_irq_tx_complete
                0x000000000000243c      0x128 zephyr/drivers/serial/libdrivers__serial.a(uart_aspeed.c.obj)
 .text.uart_aspeed_irq_rx_enable
                0x0000000000002564      0x118 zephyr/drivers/serial/libdrivers__serial.a(uart_aspeed.c.obj)
 .text.uart_aspeed_irq_rx_disable
                0x000000000000267c      0x118 zephyr/drivers/serial/libdrivers__serial.a(uart_aspeed.c.obj)
 .text.uart_aspeed_irq_rx_ready
                0x0000000000002794       0xb4 zephyr/drivers/serial/libdrivers__serial.a(uart_aspeed.c.obj)
 .text.uart_aspeed_irq_err_enable
                0x0000000000002848       0x98 zephyr/drivers/serial/libdrivers__serial.a(uart_aspeed.c.obj)
 .text.uart_aspeed_irq_err_disable
                0x00000000000028e0       0x98 zephyr/drivers/serial/libdrivers__serial.a(uart_aspeed.c.obj)
 .text.uart_aspeed_irq_is_pending
                0x0000000000002978       0xb0 zephyr/drivers/serial/libdrivers__serial.a(uart_aspeed.c.obj)
 .text.uart_aspeed_irq_update
                0x0000000000002a28       0x98 zephyr/drivers/serial/libdrivers__serial.a(uart_aspeed.c.obj)
 .text.uart_aspeed_irq_callback_set
                0x0000000000002ac0       0x8c zephyr/drivers/serial/libdrivers__serial.a(uart_aspeed.c.obj)
 .text.udma_aspeed_isr
                0x0000000000002b4c       0xcc zephyr/drivers/serial/libdrivers__serial.a(uart_aspeed.c.obj)
 .text.uart_aspeed_configure
                0x0000000000002c18      0x130 zephyr/drivers/serial/libdrivers__serial.a(uart_aspeed.c.obj)
 .text.uart_aspeed_init
                0x0000000000002d48      0x180 zephyr/drivers/serial/libdrivers__serial.a(uart_aspeed.c.obj)
 .text.z_sys_init_run_level
                0x0000000000002ec8       0x40 zephyr/kernel/libkernel.a(device.c.obj)
                0x0000000000002ec8                z_sys_init_run_level
 .text.z_impl_device_get_binding
                0x0000000000002f08       0x54 zephyr/kernel/libkernel.a(device.c.obj)
                0x0000000000002f08                z_impl_device_get_binding
 .text.z_fatal_error
                0x0000000000002f5c       0xa4 zephyr/kernel/libkernel.a(fatal.c.obj)
                0x0000000000002f5c                z_fatal_error
 .text.z_bss_zero
                0x0000000000003000       0x14 zephyr/kernel/libkernel.a(init.c.obj)
                0x0000000000003000                z_bss_zero
 .text.bg_thread_main
                0x0000000000003014       0x3c zephyr/kernel/libkernel.a(init.c.obj)
 .text.z_cstart
                0x0000000000003050      0x11c zephyr/kernel/libkernel.a(init.c.obj)
                0x0000000000003050                z_cstart
 .text.init_mem_slab_module
                0x000000000000316c       0x74 zephyr/kernel/libkernel.a(mem_slab.c.obj)
 .text.z_impl_k_thread_name_set
                0x00000000000031e0       0x20 zephyr/kernel/libkernel.a(thread.c.obj)
                0x00000000000031e0                z_impl_k_thread_name_set
 .text.z_check_stack_sentinel
                0x0000000000003200       0x30 zephyr/kernel/libkernel.a(thread.c.obj)
                0x0000000000003200                z_check_stack_sentinel
 .text.z_spin_lock_valid
                0x0000000000003230       0x1c zephyr/kernel/libkernel.a(thread.c.obj)
                0x0000000000003230                z_spin_lock_valid
 .text.z_spin_unlock_valid
                0x000000000000324c       0x1c zephyr/kernel/libkernel.a(thread.c.obj)
                0x000000000000324c                z_spin_unlock_valid
 .text.z_spin_lock_set_owner
                0x0000000000003268       0x10 zephyr/kernel/libkernel.a(thread.c.obj)
                0x0000000000003268                z_spin_lock_set_owner
 .text.z_thread_monitor_exit
                0x0000000000003278       0xac zephyr/kernel/libkernel.a(thread.c.obj)
                0x0000000000003278                z_thread_monitor_exit
 .text.z_setup_new_thread
                0x0000000000003324      0x190 zephyr/kernel/libkernel.a(thread.c.obj)
                0x0000000000003324                z_setup_new_thread
 .text.z_impl_k_thread_create
                0x00000000000034b4       0xa0 zephyr/kernel/libkernel.a(thread.c.obj)
                0x00000000000034b4                z_impl_k_thread_create
 .text.z_init_static_threads
                0x0000000000003554       0xf4 zephyr/kernel/libkernel.a(thread.c.obj)
                0x0000000000003554                z_init_static_threads
 .text.idle     0x0000000000003648       0x48 zephyr/kernel/libkernel.a(idle.c.obj)
                0x0000000000003648                idle
 .text.z_impl_k_mutex_lock
                0x0000000000003690      0x1f4 zephyr/kernel/libkernel.a(mutex.c.obj)
                0x0000000000003690                z_impl_k_mutex_lock
 .text.z_impl_k_mutex_unlock
                0x0000000000003884      0x188 zephyr/kernel/libkernel.a(mutex.c.obj)
                0x0000000000003884                z_impl_k_mutex_unlock
 .text.z_impl_k_sem_give
                0x0000000000003a0c       0x88 zephyr/kernel/libkernel.a(sem.c.obj)
                0x0000000000003a0c                z_impl_k_sem_give
 .text.z_reset_time_slice
                0x0000000000003a94       0x2c zephyr/kernel/libkernel.a(sched.c.obj)
                0x0000000000003a94                z_reset_time_slice
 .text.update_cache
                0x0000000000003ac0       0x70 zephyr/kernel/libkernel.a(sched.c.obj)
 .text.ready_thread
                0x0000000000003b30       0xa0 zephyr/kernel/libkernel.a(sched.c.obj)
 .text.k_sched_time_slice_set
                0x0000000000003bd0       0xb8 zephyr/kernel/libkernel.a(sched.c.obj)
                0x0000000000003bd0                k_sched_time_slice_set
 .text.z_ready_thread
                0x0000000000003c88       0x90 zephyr/kernel/libkernel.a(sched.c.obj)
                0x0000000000003c88                z_ready_thread
 .text.z_reschedule
                0x0000000000003d18       0x88 zephyr/kernel/libkernel.a(sched.c.obj)
                0x0000000000003d18                z_reschedule
 .text.z_sched_start
                0x0000000000003da0       0xa8 zephyr/kernel/libkernel.a(sched.c.obj)
                0x0000000000003da0                z_sched_start
 .text.k_sched_lock
                0x0000000000003e48       0xe8 zephyr/kernel/libkernel.a(sched.c.obj)
                0x0000000000003e48                k_sched_lock
 .text.k_sched_unlock
                0x0000000000003f30       0xf8 zephyr/kernel/libkernel.a(sched.c.obj)
                0x0000000000003f30                k_sched_unlock
 .text.z_priq_dumb_remove
                0x0000000000004028       0x44 zephyr/kernel/libkernel.a(sched.c.obj)
                0x0000000000004028                z_priq_dumb_remove
 .text.unready_thread
                0x000000000000406c       0x38 zephyr/kernel/libkernel.a(sched.c.obj)
 .text.add_to_waitq_locked
                0x00000000000040a4       0x80 zephyr/kernel/libkernel.a(sched.c.obj)
 .text.pend     0x0000000000004124       0xbc zephyr/kernel/libkernel.a(sched.c.obj)
 .text.z_pend_curr
                0x00000000000041e0       0x60 zephyr/kernel/libkernel.a(sched.c.obj)
                0x00000000000041e0                z_pend_curr
 .text.move_thread_to_end_of_prio_q
                0x0000000000004240       0xa8 zephyr/kernel/libkernel.a(sched.c.obj)
 .text.z_time_slice
                0x00000000000042e8       0xec zephyr/kernel/libkernel.a(sched.c.obj)
                0x00000000000042e8                z_time_slice
 .text.z_set_prio
                0x00000000000043d4      0x134 zephyr/kernel/libkernel.a(sched.c.obj)
                0x00000000000043d4                z_set_prio
 .text.unpend_thread_no_timeout
                0x0000000000004508       0x44 zephyr/kernel/libkernel.a(sched.c.obj)
 .text.z_unpend_thread
                0x000000000000454c       0x98 zephyr/kernel/libkernel.a(sched.c.obj)
                0x000000000000454c                z_unpend_thread
 .text.z_thread_timeout
                0x00000000000045e4       0xb4 zephyr/kernel/libkernel.a(sched.c.obj)
                0x00000000000045e4                z_thread_timeout
 .text.z_unpend_first_thread
                0x0000000000004698       0xa4 zephyr/kernel/libkernel.a(sched.c.obj)
                0x0000000000004698                z_unpend_first_thread
 .text.z_sched_init
                0x000000000000473c       0x18 zephyr/kernel/libkernel.a(sched.c.obj)
                0x000000000000473c                z_sched_init
 .text.z_impl_k_yield
                0x0000000000004754      0x144 zephyr/kernel/libkernel.a(sched.c.obj)
                0x0000000000004754                z_impl_k_yield
 .text.z_impl_k_current_get
                0x0000000000004898        0xc zephyr/kernel/libkernel.a(sched.c.obj)
                0x0000000000004898                z_impl_k_current_get
 .text.z_impl_k_is_preempt_thread
                0x00000000000048a4       0x20 zephyr/kernel/libkernel.a(sched.c.obj)
                0x00000000000048a4                z_impl_k_is_preempt_thread
 .text.z_thread_abort
                0x00000000000048c4      0x16c zephyr/kernel/libkernel.a(sched.c.obj)
                0x00000000000048c4                z_thread_abort
 .text.z_sched_wake
                0x0000000000004a30       0xbc zephyr/kernel/libkernel.a(sched.c.obj)
                0x0000000000004a30                z_sched_wake
 .text.z_sched_wait
                0x0000000000004aec       0x24 zephyr/kernel/libkernel.a(sched.c.obj)
                0x0000000000004aec                z_sched_wait
 .text.elapsed  0x0000000000004b10       0x14 zephyr/kernel/libkernel.a(timeout.c.obj)
 .text.next_timeout
                0x0000000000004b24       0x54 zephyr/kernel/libkernel.a(timeout.c.obj)
 .text.remove_timeout
                0x0000000000004b78       0x34 zephyr/kernel/libkernel.a(timeout.c.obj)
 .text.z_add_timeout
                0x0000000000004bac      0x190 zephyr/kernel/libkernel.a(timeout.c.obj)
                0x0000000000004bac                z_add_timeout
 .text.z_abort_timeout
                0x0000000000004d3c       0x9c zephyr/kernel/libkernel.a(timeout.c.obj)
                0x0000000000004d3c                z_abort_timeout
 .text.z_set_timeout_expiry
                0x0000000000004dd8       0xa4 zephyr/kernel/libkernel.a(timeout.c.obj)
                0x0000000000004dd8                z_set_timeout_expiry
 .text.sys_clock_announce
                0x0000000000004e7c      0x174 zephyr/kernel/libkernel.a(timeout.c.obj)
                0x0000000000004e7c                sys_clock_announce
 .text.signal_poll_event
                0x0000000000004ff0       0xe8 zephyr/kernel/libkernel.a(poll.c.obj)
 .text.boot_banner
                0x00000000000050d8       0x18 zephyr/kernel/libkernel.a(banner.c.obj)
                0x00000000000050d8                boot_banner
 .text.statics_init
                0x00000000000050f0       0x54 zephyr/kernel/libkernel.a(kheap.c.obj)
 .text.k_sys_work_q_init
                0x0000000000005144       0x34 zephyr/kernel/libkernel.a(system_work_q.c.obj)
 .text.work_queue_main
                0x0000000000005178      0x224 zephyr/kernel/libkernel.a(work.c.obj)
 .text.submit_to_queue_locked
                0x000000000000539c       0xd8 zephyr/kernel/libkernel.a(work.c.obj)
 .text.k_work_submit_to_queue
                0x0000000000005474       0xc8 zephyr/kernel/libkernel.a(work.c.obj)
                0x0000000000005474                k_work_submit_to_queue
 .text.k_work_queue_start
                0x000000000000553c       0xe4 zephyr/kernel/libkernel.a(work.c.obj)
                0x000000000000553c                k_work_queue_start
 .text._fclose_r
                0x0000000000005620       0xd4 /root/zephyr-sdk-0.16.1/arm-zephyr-eabi/arm-zephyr-eabi/lib/thumb/v7-m/nofp/libc_nano.a(lib_a-fclose.o)
                0x0000000000005620                _fclose_r
 .text.fclose   0x00000000000056f4       0x10 /root/zephyr-sdk-0.16.1/arm-zephyr-eabi/arm-zephyr-eabi/lib/thumb/v7-m/nofp/libc_nano.a(lib_a-fclose.o)
                0x00000000000056f4                fclose
 .text._fflush_r
                0x0000000000005704       0x78 /root/zephyr-sdk-0.16.1/arm-zephyr-eabi/arm-zephyr-eabi/lib/thumb/v7-m/nofp/libc_nano.a(lib_a-fflush.o)
                0x0000000000005704                _fflush_r
 .text.std      0x000000000000577c       0x48 /root/zephyr-sdk-0.16.1/arm-zephyr-eabi/arm-zephyr-eabi/lib/thumb/v7-m/nofp/libc_nano.a(lib_a-findfp.o)
 .text._cleanup_r
                0x00000000000057c4        0xc /root/zephyr-sdk-0.16.1/arm-zephyr-eabi/arm-zephyr-eabi/lib/thumb/v7-m/nofp/libc_nano.a(lib_a-findfp.o)
                0x00000000000057c4                _cleanup_r
 .text.__sfp_lock_acquire
                0x00000000000057d0        0xc /root/zephyr-sdk-0.16.1/arm-zephyr-eabi/arm-zephyr-eabi/lib/thumb/v7-m/nofp/libc_nano.a(lib_a-findfp.o)
                0x00000000000057d0                __sfp_lock_acquire
 .text.__sfp_lock_release
                0x00000000000057dc        0xc /root/zephyr-sdk-0.16.1/arm-zephyr-eabi/arm-zephyr-eabi/lib/thumb/v7-m/nofp/libc_nano.a(lib_a-findfp.o)
                0x00000000000057dc                __sfp_lock_release
 .text.__sinit_lock_acquire
                0x00000000000057e8        0xc /root/zephyr-sdk-0.16.1/arm-zephyr-eabi/arm-zephyr-eabi/lib/thumb/v7-m/nofp/libc_nano.a(lib_a-findfp.o)
                0x00000000000057e8                __sinit_lock_acquire
 .text.__sinit_lock_release
                0x00000000000057f4        0xc /root/zephyr-sdk-0.16.1/arm-zephyr-eabi/arm-zephyr-eabi/lib/thumb/v7-m/nofp/libc_nano.a(lib_a-findfp.o)
                0x00000000000057f4                __sinit_lock_release
 .text.__sinit  0x0000000000005800       0x70 /root/zephyr-sdk-0.16.1/arm-zephyr-eabi/arm-zephyr-eabi/lib/thumb/v7-m/nofp/libc_nano.a(lib_a-findfp.o)
                0x0000000000005800                __sinit
 .text.__sfp    0x0000000000005870       0x8c /root/zephyr-sdk-0.16.1/arm-zephyr-eabi/arm-zephyr-eabi/lib/thumb/v7-m/nofp/libc_nano.a(lib_a-findfp.o)
                0x0000000000005870                __sfp
 .text._fmemopen_r
                0x00000000000058fc      0x144 /root/zephyr-sdk-0.16.1/arm-zephyr-eabi/arm-zephyr-eabi/lib/thumb/v7-m/nofp/libc_nano.a(lib_a-fmemopen.o)
                0x00000000000058fc                _fmemopen_r
 .text.fmemopen
                0x0000000000005a40       0x14 /root/zephyr-sdk-0.16.1/arm-zephyr-eabi/arm-zephyr-eabi/lib/thumb/v7-m/nofp/libc_nano.a(lib_a-fmemopen.o)
                0x0000000000005a40                fmemopen
 .text._fwrite_r
                0x0000000000005a54       0xa4 /root/zephyr-sdk-0.16.1/arm-zephyr-eabi/arm-zephyr-eabi/lib/thumb/v7-m/nofp/libc_nano.a(lib_a-fwrite.o)
                0x0000000000005a54                _fwrite_r
 .text.fwrite   0x0000000000005af8       0x1c /root/zephyr-sdk-0.16.1/arm-zephyr-eabi/arm-zephyr-eabi/lib/thumb/v7-m/nofp/libc_nano.a(lib_a-fwrite.o)
                0x0000000000005af8                fwrite
 .text._free_r  0x0000000000005b14       0x90 /root/zephyr-sdk-0.16.1/arm-zephyr-eabi/arm-zephyr-eabi/lib/thumb/v7-m/nofp/libc_nano.a(lib_a-nano-freer.o)
                0x0000000000005b14                _free_r
 .text._malloc_r
                0x0000000000005ba4       0xb4 /root/zephyr-sdk-0.16.1/arm-zephyr-eabi/arm-zephyr-eabi/lib/thumb/v7-m/nofp/libc_nano.a(lib_a-nano-mallocr.o)
                0x0000000000005ba4                _malloc_r
 .text._vfprintf_r
                0x0000000000005c58      0x258 /root/zephyr-sdk-0.16.1/arm-zephyr-eabi/arm-zephyr-eabi/lib/thumb/v7-m/nofp/libc_nano.a(lib_a-nano-vfprintf.o)
                0x0000000000005c58                _vfiprintf_r
                0x0000000000005c58                _vfprintf_r
 .text._printf_i
                0x0000000000005eb0      0x25c /root/zephyr-sdk-0.16.1/arm-zephyr-eabi/arm-zephyr-eabi/lib/thumb/v7-m/nofp/libc_nano.a(lib_a-nano-vfprintf_i.o)
                0x0000000000005eb0                _printf_i
 .text._perror_r
                0x000000000000610c      0x134 /root/zephyr-sdk-0.16.1/arm-zephyr-eabi/arm-zephyr-eabi/lib/thumb/v7-m/nofp/libc_nano.a(lib_a-perror.o)
                0x000000000000610c                _perror_r
 .text.perror   0x0000000000006240       0x10 /root/zephyr-sdk-0.16.1/arm-zephyr-eabi/arm-zephyr-eabi/lib/thumb/v7-m/nofp/libc_nano.a(lib_a-perror.o)
                0x0000000000006240                perror
 .text.printf   0x0000000000006250       0x30 /root/zephyr-sdk-0.16.1/arm-zephyr-eabi/arm-zephyr-eabi/lib/thumb/v7-m/nofp/libc_nano.a(lib_a-printf.o)
                0x0000000000006250                printf
                0x0000000000006250                iprintf
 .text._sbrk_r  0x0000000000006280       0x20 /root/zephyr-sdk-0.16.1/arm-zephyr-eabi/arm-zephyr-eabi/lib/thumb/v7-m/nofp/libc_nano.a(lib_a-sbrkr.o)
                0x0000000000006280                _sbrk_r
 .text.raise    0x00000000000062a0       0x10 /root/zephyr-sdk-0.16.1/arm-zephyr-eabi/arm-zephyr-eabi/lib/thumb/v7-m/nofp/libc_nano.a(lib_a-signal.o)
                0x00000000000062a0                raise
 .text._kill_r  0x00000000000062b0       0x24 /root/zephyr-sdk-0.16.1/arm-zephyr-eabi/arm-zephyr-eabi/lib/thumb/v7-m/nofp/libc_nano.a(lib_a-signalr.o)
                0x00000000000062b0                _kill_r
 .text._strerror_r
                0x00000000000062d4      0x3cc /root/zephyr-sdk-0.16.1/arm-zephyr-eabi/arm-zephyr-eabi/lib/thumb/v7-m/nofp/libc_nano.a(lib_a-strerror.o)
                0x00000000000062d4                _strerror_r
 .text.__swbuf_r
                0x00000000000066a0       0xa4 /root/zephyr-sdk-0.16.1/arm-zephyr-eabi/arm-zephyr-eabi/lib/thumb/v7-m/nofp/libc_nano.a(lib_a-wbuf.o)
                0x00000000000066a0                __swbuf_r
 .text._write_r
                0x0000000000006744       0x24 /root/zephyr-sdk-0.16.1/arm-zephyr-eabi/arm-zephyr-eabi/lib/thumb/v7-m/nofp/libc_nano.a(lib_a-writer.o)
                0x0000000000006744                _write_r
 .text.__swsetup_r
                0x0000000000006768       0xd8 /root/zephyr-sdk-0.16.1/arm-zephyr-eabi/arm-zephyr-eabi/lib/thumb/v7-m/nofp/libc_nano.a(lib_a-wsetup.o)
                0x0000000000006768                __swsetup_r
 .text._close_r
                0x0000000000006840       0x20 /root/zephyr-sdk-0.16.1/arm-zephyr-eabi/arm-zephyr-eabi/lib/thumb/v7-m/nofp/libc_nano.a(lib_a-closer.o)
                0x0000000000006840                _close_r
 .text.fileno   0x0000000000006860       0x84 /root/zephyr-sdk-0.16.1/arm-zephyr-eabi/arm-zephyr-eabi/lib/thumb/v7-m/nofp/libc_nano.a(lib_a-fileno.o)
                0x0000000000006860                fileno
 .text.__sfvwrite_r
                0x00000000000068e4      0x2a0 /root/zephyr-sdk-0.16.1/arm-zephyr-eabi/arm-zephyr-eabi/lib/thumb/v7-m/nofp/libc_nano.a(lib_a-fvwrite.o)
                0x00000000000068e4                __sfvwrite_r
 .text._lseek_r
                0x0000000000006b84       0x24 /root/zephyr-sdk-0.16.1/arm-zephyr-eabi/arm-zephyr-eabi/lib/thumb/v7-m/nofp/libc_nano.a(lib_a-lseekr.o)
                0x0000000000006b84                _lseek_r
 .text.__smakebuf_r
                0x0000000000006ba8       0x80 /root/zephyr-sdk-0.16.1/arm-zephyr-eabi/arm-zephyr-eabi/lib/thumb/v7-m/nofp/libc_nano.a(lib_a-makebuf.o)
                0x0000000000006ba8                __smakebuf_r
 .text._read_r  0x0000000000006c28       0x24 /root/zephyr-sdk-0.16.1/arm-zephyr-eabi/arm-zephyr-eabi/lib/thumb/v7-m/nofp/libc_nano.a(lib_a-readr.o)
                0x0000000000006c28                _read_r
 .text._fstat_r
                0x0000000000006c4c       0x24 /root/zephyr-sdk-0.16.1/arm-zephyr-eabi/arm-zephyr-eabi/lib/thumb/v7-m/nofp/libc_nano.a(lib_a-fstatr.o)
                0x0000000000006c4c                _fstat_r
 .text._isatty_r
                0x0000000000006c70       0x20 /root/zephyr-sdk-0.16.1/arm-zephyr-eabi/arm-zephyr-eabi/lib/thumb/v7-m/nofp/libc_nano.a(lib_a-isattyr.o)
                0x0000000000006c70                _isatty_r
 .text._OffsetAbsSyms
                0x0000000000006c90        0x2 zephyr/CMakeFiles/offsets.dir/./arch/arm/core/offsets/offsets.c.obj
                0x0000000000006c90                _OffsetAbsSyms
 .text.arch_printk_char_out
                0x0000000000006c92        0x4 zephyr/libzephyr.a(printk.c.obj)
                0x0000000000006c92                arch_printk_char_out
 .text.str_out  0x0000000000006c96       0x26 zephyr/libzephyr.a(printk.c.obj)
 .text.printk   0x0000000000006cbc       0x1a zephyr/libzephyr.a(printk.c.obj)
                0x0000000000006cbc                printk
 .text.snprintk
                0x0000000000006cd6       0x1a zephyr/libzephyr.a(printk.c.obj)
                0x0000000000006cd6                snprintk
 .text.z_thread_entry
                0x0000000000006cf0       0x14 zephyr/libzephyr.a(thread_entry.c.obj)
                0x0000000000006cf0                z_thread_entry
 .text.chunk_field
                0x0000000000006d04       0x16 zephyr/libzephyr.a(heap.c.obj)
 .text.chunk_set
                0x0000000000006d1a       0x16 zephyr/libzephyr.a(heap.c.obj)
 .text.chunk_size
                0x0000000000006d30        0xc zephyr/libzephyr.a(heap.c.obj)
 .text.set_chunk_used
                0x0000000000006d3c       0x30 zephyr/libzephyr.a(heap.c.obj)
 .text.set_chunk_size
                0x0000000000006d6c        0x8 zephyr/libzephyr.a(heap.c.obj)
 .text.bytes_to_chunksz.isra.0
                0x0000000000006d74       0x12 zephyr/libzephyr.a(heap.c.obj)
 .text.bucket_idx.isra.0
                0x0000000000006d86       0x18 zephyr/libzephyr.a(heap.c.obj)
 .text.free_list_add
                0x0000000000006d9e       0x84 zephyr/libzephyr.a(heap.c.obj)
 .text.outs     0x0000000000006e22       0x2e zephyr/libzephyr.a(cbprintf_complete.c.obj)
 .text.assert_post_action
                0x0000000000006e50        0xe zephyr/libzephyr.a(assert.c.obj)
                0x0000000000006e50                assert_post_action
 .text._ConfigAbsSyms
                0x0000000000006e5e        0x2 zephyr/libzephyr.a(configs.c.obj)
                0x0000000000006e5e                _ConfigAbsSyms
 .text.aspeed_clock_control_on
                0x0000000000006e60       0x1c zephyr/libzephyr.a(clock_control_ast26xx.c.obj)
 .text.aspeed_clock_control_off
                0x0000000000006e7c       0x1c zephyr/libzephyr.a(clock_control_ast26xx.c.obj)
 .text.aspeed_clock_control_init
                0x0000000000006e98        0x4 zephyr/libzephyr.a(clock_control_ast26xx.c.obj)
 .text.aspeed_reset_control_deassert
                0x0000000000006e9c       0x16 zephyr/libzephyr.a(reset_control_aspeed.c.obj)
 .text.aspeed_reset_control_assert
                0x0000000000006eb2       0x14 zephyr/libzephyr.a(reset_control_aspeed.c.obj)
 .text.aspeed_reset_control_init
                0x0000000000006ec6        0x4 zephyr/libzephyr.a(reset_control_aspeed.c.obj)
 .text.pinmux_aspeed_pullup
                0x0000000000006eca        0x6 zephyr/libzephyr.a(pinmux_aspeed.c.obj)
 .text.pinmux_aspeed_input
                0x0000000000006ed0        0x6 zephyr/libzephyr.a(pinmux_aspeed.c.obj)
 .text.z_irq_spurious
                0x0000000000006ed6        0x8 zephyr/arch/arch/arm/core/aarch32/libarch__arm__core__aarch32.a(irq_manage.c.obj)
                0x0000000000006ed6                z_irq_spurious
 .text.z_arm_fatal_error
                0x0000000000006ede        0x4 zephyr/arch/arch/arm/core/aarch32/libarch__arm__core__aarch32.a(fatal.c.obj)
                0x0000000000006ede                z_arm_fatal_error
 .text.z_do_kernel_oops
                0x0000000000006ee2        0x8 zephyr/arch/arch/arm/core/aarch32/libarch__arm__core__aarch32.a(fatal.c.obj)
                0x0000000000006ee2                z_do_kernel_oops
 .text.z_arm_nmi
                0x0000000000006eea        0xe zephyr/arch/arch/arm/core/aarch32/libarch__arm__core__aarch32.a(nmi.c.obj)
                0x0000000000006eea                z_arm_nmi
 .text._stdout_hook_default
                0x0000000000006ef8        0x6 zephyr/lib/libc/newlib/liblib__libc__newlib.a(libc-hooks.c.obj)
 .text._stdin_hook_default
                0x0000000000006efe        0x4 zephyr/lib/libc/newlib/liblib__libc__newlib.a(libc-hooks.c.obj)
 .text._read    0x0000000000006f02        0x8 zephyr/lib/libc/newlib/liblib__libc__newlib.a(libc-hooks.c.obj)
                0x0000000000006f02                read
                0x0000000000006f02                _read
 .text._write   0x0000000000006f0a        0x8 zephyr/lib/libc/newlib/liblib__libc__newlib.a(libc-hooks.c.obj)
                0x0000000000006f0a                write
                0x0000000000006f0a                _write
 .text._close   0x0000000000006f12        0x6 zephyr/lib/libc/newlib/liblib__libc__newlib.a(libc-hooks.c.obj)
                0x0000000000006f12                close
                0x0000000000006f12                _close
 .text._lseek   0x0000000000006f18        0x4 zephyr/lib/libc/newlib/liblib__libc__newlib.a(libc-hooks.c.obj)
                0x0000000000006f18                lseek
                0x0000000000006f18                _lseek
 .text._isatty  0x0000000000006f1c        0xa zephyr/lib/libc/newlib/liblib__libc__newlib.a(libc-hooks.c.obj)
                0x0000000000006f1c                isatty
                0x0000000000006f1c                _isatty
 .text._kill    0x0000000000006f26        0x4 zephyr/lib/libc/newlib/liblib__libc__newlib.a(libc-hooks.c.obj)
                0x0000000000006f26                kill
                0x0000000000006f26                _kill
 .text._getpid  0x0000000000006f2a        0x4 zephyr/lib/libc/newlib/liblib__libc__newlib.a(libc-hooks.c.obj)
                0x0000000000006f2a                _getpid
                0x0000000000006f2a                getpid
 .text._fstat   0x0000000000006f2e        0xa zephyr/lib/libc/newlib/liblib__libc__newlib.a(libc-hooks.c.obj)
                0x0000000000006f2e                _fstat
                0x0000000000006f2e                fstat
 .text.uart_aspeed_config_get
                0x0000000000006f38       0x1a zephyr/drivers/serial/libdrivers__serial.a(uart_aspeed.c.obj)
 .text.uart_aspeed_isr
                0x0000000000006f52        0xc zephyr/drivers/serial/libdrivers__serial.a(uart_aspeed.c.obj)
 .text.uart_aspeed_irq_config_func_0
                0x0000000000006f5e       0x1e zephyr/drivers/serial/libdrivers__serial.a(uart_aspeed.c.obj)
 .text.z_device_state_init
                0x0000000000006f7c        0x2 zephyr/kernel/libkernel.a(device.c.obj)
                0x0000000000006f7c                z_device_state_init
 .text.z_device_ready
                0x0000000000006f7e       0x14 zephyr/kernel/libkernel.a(device.c.obj)
                0x0000000000006f7e                z_device_ready
 .text.arch_system_halt
                0x0000000000006f92       0x12 zephyr/kernel/libkernel.a(fatal.c.obj)
                0x0000000000006f92                arch_system_halt
 .text.k_sys_fatal_error_handler
                0x0000000000006fa4        0x6 zephyr/kernel/libkernel.a(fatal.c.obj)
                0x0000000000006fa4                k_sys_fatal_error_handler
 .text.k_is_in_isr
                0x0000000000006faa        0xc zephyr/kernel/libkernel.a(thread.c.obj)
                0x0000000000006faa                k_is_in_isr
 .text.z_impl_k_thread_start
                0x0000000000006fb6        0x4 zephyr/kernel/libkernel.a(thread.c.obj)
                0x0000000000006fb6                z_impl_k_thread_start
 .text.adjust_owner_prio.isra.0
                0x0000000000006fba       0x10 zephyr/kernel/libkernel.a(mutex.c.obj)
 .text.z_swap_irqlock
                0x0000000000006fca       0x12 zephyr/kernel/libkernel.a(sched.c.obj)
 .text.z_reschedule_irqlock
                0x0000000000006fdc       0x18 zephyr/kernel/libkernel.a(sched.c.obj)
                0x0000000000006fdc                z_reschedule_irqlock
 .text.z_reschedule_unlocked
                0x0000000000006ff4       0x14 zephyr/kernel/libkernel.a(sched.c.obj)
 .text.z_handle_obj_poll_events
                0x0000000000007008       0x1c zephyr/kernel/libkernel.a(poll.c.obj)
                0x0000000000007008                z_handle_obj_poll_events
 .text.k_heap_init
                0x0000000000007024       0x10 zephyr/kernel/libkernel.a(kheap.c.obj)
                0x0000000000007024                k_heap_init
 .text.flag_test_and_clear
                0x0000000000007034       0x16 zephyr/kernel/libkernel.a(work.c.obj)
 .text.notify_queue_locked.isra.0
                0x000000000000704a        0xe zephyr/kernel/libkernel.a(work.c.obj)
 .text.abort    0x0000000000007058        0xe /root/zephyr-sdk-0.16.1/arm-zephyr-eabi/arm-zephyr-eabi/lib/thumb/v7-m/nofp/libc_nano.a(lib_a-abort.o)
                0x0000000000007058                abort
 .text.__sflush_r
                0x0000000000007066      0x100 /root/zephyr-sdk-0.16.1/arm-zephyr-eabi/arm-zephyr-eabi/lib/thumb/v7-m/nofp/libc_nano.a(lib_a-fflush.o)
                0x0000000000007066                __sflush_r
 .text.__sfmoreglue
                0x0000000000007166       0x2c /root/zephyr-sdk-0.16.1/arm-zephyr-eabi/arm-zephyr-eabi/lib/thumb/v7-m/nofp/libc_nano.a(lib_a-findfp.o)
                0x0000000000007166                __sfmoreglue
 .text.fmemseeker
                0x0000000000007192       0x5c /root/zephyr-sdk-0.16.1/arm-zephyr-eabi/arm-zephyr-eabi/lib/thumb/v7-m/nofp/libc_nano.a(lib_a-fmemopen.o)
 .text.fmemcloser
                0x00000000000071ee        0xc /root/zephyr-sdk-0.16.1/arm-zephyr-eabi/arm-zephyr-eabi/lib/thumb/v7-m/nofp/libc_nano.a(lib_a-fmemopen.o)
 .text.fmemwriter
                0x00000000000071fa       0x90 /root/zephyr-sdk-0.16.1/arm-zephyr-eabi/arm-zephyr-eabi/lib/thumb/v7-m/nofp/libc_nano.a(lib_a-fmemopen.o)
 .text.fmemreader
                0x000000000000728a       0x30 /root/zephyr-sdk-0.16.1/arm-zephyr-eabi/arm-zephyr-eabi/lib/thumb/v7-m/nofp/libc_nano.a(lib_a-fmemopen.o)
 .text._fwalk_reent
                0x00000000000072ba       0x3e /root/zephyr-sdk-0.16.1/arm-zephyr-eabi/arm-zephyr-eabi/lib/thumb/v7-m/nofp/libc_nano.a(lib_a-fwalk.o)
                0x00000000000072ba                _fwalk_reent
 .text.__retarget_lock_init_recursive
                0x00000000000072f8        0x2 /root/zephyr-sdk-0.16.1/arm-zephyr-eabi/arm-zephyr-eabi/lib/thumb/v7-m/nofp/libc_nano.a(lib_a-lock.o)
                0x00000000000072f8                __retarget_lock_init_recursive
 .text.__retarget_lock_close_recursive
                0x00000000000072fa        0x2 /root/zephyr-sdk-0.16.1/arm-zephyr-eabi/arm-zephyr-eabi/lib/thumb/v7-m/nofp/libc_nano.a(lib_a-lock.o)
                0x00000000000072fa                __retarget_lock_close_recursive
 .text.__retarget_lock_acquire_recursive
                0x00000000000072fc        0x2 /root/zephyr-sdk-0.16.1/arm-zephyr-eabi/arm-zephyr-eabi/lib/thumb/v7-m/nofp/libc_nano.a(lib_a-lock.o)
                0x00000000000072fc                __retarget_lock_acquire_recursive
 .text.__retarget_lock_release_recursive
                0x00000000000072fe        0x2 /root/zephyr-sdk-0.16.1/arm-zephyr-eabi/arm-zephyr-eabi/lib/thumb/v7-m/nofp/libc_nano.a(lib_a-lock.o)
                0x00000000000072fe                __retarget_lock_release_recursive
 .text.memchr   0x0000000000007300       0x1c /root/zephyr-sdk-0.16.1/arm-zephyr-eabi/arm-zephyr-eabi/lib/thumb/v7-m/nofp/libc_nano.a(lib_a-memchr-stub.o)
                0x0000000000007300                memchr
 .text.memcpy   0x000000000000731c       0x1c /root/zephyr-sdk-0.16.1/arm-zephyr-eabi/arm-zephyr-eabi/lib/thumb/v7-m/nofp/libc_nano.a(lib_a-memcpy-stub.o)
                0x000000000000731c                memcpy
 .text.memmove  0x0000000000007338       0x34 /root/zephyr-sdk-0.16.1/arm-zephyr-eabi/arm-zephyr-eabi/lib/thumb/v7-m/nofp/libc_nano.a(lib_a-memmove.o)
                0x0000000000007338                memmove
 .text.memset   0x000000000000736c       0x10 /root/zephyr-sdk-0.16.1/arm-zephyr-eabi/arm-zephyr-eabi/lib/thumb/v7-m/nofp/libc_nano.a(lib_a-memset.o)
                0x000000000000736c                memset
 .text.__sfputc_r
                0x000000000000737c       0x2a /root/zephyr-sdk-0.16.1/arm-zephyr-eabi/arm-zephyr-eabi/lib/thumb/v7-m/nofp/libc_nano.a(lib_a-nano-vfprintf.o)
 .text.__sfputs_r
                0x00000000000073a6       0x24 /root/zephyr-sdk-0.16.1/arm-zephyr-eabi/arm-zephyr-eabi/lib/thumb/v7-m/nofp/libc_nano.a(lib_a-nano-vfprintf.o)
                0x00000000000073a6                __sfputs_r
 .text._printf_common
                0x00000000000073ca       0xe4 /root/zephyr-sdk-0.16.1/arm-zephyr-eabi/arm-zephyr-eabi/lib/thumb/v7-m/nofp/libc_nano.a(lib_a-nano-vfprintf_i.o)
                0x00000000000073ca                _printf_common
 .text._raise_r
                0x00000000000074ae       0x50 /root/zephyr-sdk-0.16.1/arm-zephyr-eabi/arm-zephyr-eabi/lib/thumb/v7-m/nofp/libc_nano.a(lib_a-signal.o)
                0x00000000000074ae                _raise_r
 .text._getpid_r
                0x00000000000074fe        0x4 /root/zephyr-sdk-0.16.1/arm-zephyr-eabi/arm-zephyr-eabi/lib/thumb/v7-m/nofp/libc_nano.a(lib_a-signalr.o)
                0x00000000000074fe                _getpid_r
 .text.__sread  0x0000000000007502       0x22 /root/zephyr-sdk-0.16.1/arm-zephyr-eabi/arm-zephyr-eabi/lib/thumb/v7-m/nofp/libc_nano.a(lib_a-stdio.o)
                0x0000000000007502                __sread
 .text.__swrite
                0x0000000000007524       0x38 /root/zephyr-sdk-0.16.1/arm-zephyr-eabi/arm-zephyr-eabi/lib/thumb/v7-m/nofp/libc_nano.a(lib_a-stdio.o)
                0x0000000000007524                __swrite
 .text.__sseek  0x000000000000755c       0x24 /root/zephyr-sdk-0.16.1/arm-zephyr-eabi/arm-zephyr-eabi/lib/thumb/v7-m/nofp/libc_nano.a(lib_a-stdio.o)
                0x000000000000755c                __sseek
 .text.__sclose
                0x0000000000007580        0x8 /root/zephyr-sdk-0.16.1/arm-zephyr-eabi/arm-zephyr-eabi/lib/thumb/v7-m/nofp/libc_nano.a(lib_a-stdio.o)
                0x0000000000007580                __sclose
 .text.strncpy  0x0000000000007588       0x26 /root/zephyr-sdk-0.16.1/arm-zephyr-eabi/arm-zephyr-eabi/lib/thumb/v7-m/nofp/libc_nano.a(lib_a-strncpy.o)
                0x0000000000007588                strncpy
 .text.strnlen  0x00000000000075ae       0x18 /root/zephyr-sdk-0.16.1/arm-zephyr-eabi/arm-zephyr-eabi/lib/thumb/v7-m/nofp/libc_nano.a(lib_a-strnlen.o)
                0x00000000000075ae                strnlen
 .text._user_strerror
                0x00000000000075c6        0x4 /root/zephyr-sdk-0.16.1/arm-zephyr-eabi/arm-zephyr-eabi/lib/thumb/v7-m/nofp/libc_nano.a(lib_a-u_strerr.o)
                0x00000000000075c6                _user_strerror
 .text.__sflags
                0x00000000000075ca       0x6c /root/zephyr-sdk-0.16.1/arm-zephyr-eabi/arm-zephyr-eabi/lib/thumb/v7-m/nofp/libc_nano.a(lib_a-flags.o)
                0x00000000000075ca                __sflags
 .text.__swhatbuf_r
                0x0000000000007636       0x4a /root/zephyr-sdk-0.16.1/arm-zephyr-eabi/arm-zephyr-eabi/lib/thumb/v7-m/nofp/libc_nano.a(lib_a-makebuf.o)
                0x0000000000007636                __swhatbuf_r
 .text._realloc_r
                0x0000000000007680       0x4a /root/zephyr-sdk-0.16.1/arm-zephyr-eabi/arm-zephyr-eabi/lib/thumb/v7-m/nofp/libc_nano.a(lib_a-nano-reallocr.o)
                0x0000000000007680                _realloc_r
 .text._malloc_usable_size_r
                0x00000000000076ca       0x10 /root/zephyr-sdk-0.16.1/arm-zephyr-eabi/arm-zephyr-eabi/lib/thumb/v7-m/nofp/libc_nano.a(lib_a-nano-msizer.o)
                0x00000000000076ca                _malloc_usable_size_r
 *(SORT_BY_ALIGNMENT(.TEXT.*))
 *(SORT_BY_ALIGNMENT(.gnu.linkonce.t.*))
 *(SORT_BY_ALIGNMENT(.glue_7t))
 .glue_7t       0x00000000000076da        0x0 linker stubs
 *(SORT_BY_ALIGNMENT(.glue_7))
 .glue_7        0x00000000000076da        0x0 linker stubs
 *(SORT_BY_ALIGNMENT(.vfp11_veneer))
 .vfp11_veneer  0x00000000000076da        0x0 linker stubs
 *(SORT_BY_ALIGNMENT(.v4_bx))
 .v4_bx         0x00000000000076da        0x0 linker stubs
                0x00000000000076da                _image_text_end = .

.ARM.extab
 *(SORT_BY_ALIGNMENT(.ARM.extab*) SORT_BY_ALIGNMENT(.gnu.linkonce.armextab.*))

.ARM.exidx      0x00000000000076dc        0x8
                0x00000000000076dc                __exidx_start = .
 *(SORT_BY_ALIGNMENT(.ARM.exidx*) SORT_BY_ALIGNMENT(gnu.linkonce.armexidx.*))
 .ARM.exidx     0x00000000000076dc        0x8 /root/zephyr-sdk-0.16.1/arm-zephyr-eabi/bin/../lib/gcc/arm-zephyr-eabi/12.2.0/thumb/v7-m/nofp/libgcc.a(_udivmoddi4.o)
                0x00000000000076e4                __exidx_end = .
                0x00000000000076e4                _image_rodata_start = .

initlevel       0x00000000000076e4       0x50
                0x00000000000076e4                __init_start = .
                0x00000000000076e4                __init_PRE_KERNEL_1_start = .
 *(SORT_BY_NAME(SORT_BY_ALIGNMENT(.z_init_PRE_KERNEL_1[0-9]_*)))
 *(SORT_BY_NAME(SORT_BY_ALIGNMENT(.z_init_PRE_KERNEL_1[1-9][0-9]_*)))
 .z_init_PRE_KERNEL_130_
                0x00000000000076e4        0x8 zephyr/kernel/libkernel.a(mem_slab.c.obj)
 .z_init_PRE_KERNEL_130_
                0x00000000000076ec        0x8 zephyr/kernel/libkernel.a(kheap.c.obj)
 .z_init_PRE_KERNEL_145_
                0x00000000000076f4        0x8 zephyr/libzephyr.a(pinmux_aspeed.c.obj)
 .z_init_PRE_KERNEL_150_
                0x00000000000076fc        0x8 zephyr/libzephyr.a(clock_control_ast26xx.c.obj)
 .z_init_PRE_KERNEL_150_
                0x0000000000007704        0x8 zephyr/libzephyr.a(reset_control_aspeed.c.obj)
 .z_init_PRE_KERNEL_150_
                0x000000000000770c        0x8 zephyr/drivers/serial/libdrivers__serial.a(uart_aspeed.c.obj)
 .z_init_PRE_KERNEL_160_
                0x0000000000007714        0x8 zephyr/libzephyr.a(uart_console.c.obj)
                0x000000000000771c                __init_PRE_KERNEL_2_start = .
 *(SORT_BY_NAME(SORT_BY_ALIGNMENT(.z_init_PRE_KERNEL_2[0-9]_*)))
 .z_init_PRE_KERNEL_20_
                0x000000000000771c        0x8 zephyr/libzephyr.a(sys_clock_init.c.obj)
 *(SORT_BY_NAME(SORT_BY_ALIGNMENT(.z_init_PRE_KERNEL_2[1-9][0-9]_*)))
                0x0000000000007724                __init_POST_KERNEL_start = .
 *(SORT_BY_NAME(SORT_BY_ALIGNMENT(.z_init_POST_KERNEL[0-9]_*)))
 *(SORT_BY_NAME(SORT_BY_ALIGNMENT(.z_init_POST_KERNEL[1-9][0-9]_*)))
 .z_init_POST_KERNEL40_
                0x0000000000007724        0x8 zephyr/kernel/libkernel.a(system_work_q.c.obj)
                0x000000000000772c                __init_APPLICATION_start = .
 *(SORT_BY_NAME(SORT_BY_ALIGNMENT(.z_init_APPLICATION[0-9]_*)))
 *(SORT_BY_NAME(SORT_BY_ALIGNMENT(.z_init_APPLICATION[1-9][0-9]_*)))
 .z_init_APPLICATION40_
                0x000000000000772c        0x8 zephyr/lib/libc/newlib/liblib__libc__newlib.a(libc-hooks.c.obj)
                0x0000000000007734                __init_SMP_start = .
 *(SORT_BY_NAME(SORT_BY_ALIGNMENT(.z_init_SMP[0-9]_*)))
 *(SORT_BY_NAME(SORT_BY_ALIGNMENT(.z_init_SMP[1-9][0-9]_*)))
                0x0000000000007734                __init_end = .

sw_isr_table    0x0000000000007734      0x780
                0x0000000000007734                . = ALIGN (0x0)
 *(SORT_BY_ALIGNMENT(.gnu.linkonce.sw_isr_table*))
 .gnu.linkonce.sw_isr_table
                0x0000000000007734      0x780 zephyr/arch/common/libisr_tables.a(isr_tables.c.obj)
                0x0000000000007734                _sw_isr_table

initlevel_error
                0x00000000000076e4        0x0
 *(SORT_BY_NAME(SORT_BY_ALIGNMENT(.z_init_[_A-Z0-9]*)))
                0x0000000000000001                ASSERT ((SIZEOF (initlevel_error) == 0x0), Undefined initialization levels used.)

ctors           0x0000000000007eb4        0x8
                0x0000000000007eb4                . = ALIGN (0x4)
                0x0000000000007eb4                __CTOR_LIST__ = .
                0x0000000000007eb4        0x4 LONG 0x0 (((__CTOR_END__ - __CTOR_LIST__) / 0x4) - 0x2)
 *(SORT_BY_NAME(SORT_BY_ALIGNMENT(.ctors*)))
                0x0000000000007eb8        0x4 LONG 0x0
                0x0000000000007ebc                __CTOR_END__ = .

init_array      0x0000000000007ebc        0x0
                0x0000000000007ebc                . = ALIGN (0x4)
                0x0000000000007ebc                __init_array_start = .
 *(SORT_BY_NAME(SORT_BY_ALIGNMENT(.init_array*)))
                0x0000000000007ebc                __init_array_end = .

app_shmem_regions
                0x0000000000007ebc        0x0
                0x0000000000007ebc                __app_shmem_regions_start = .
 *(SORT_BY_NAME(SORT_BY_ALIGNMENT(.app_regions.*)))
                0x0000000000007ebc                __app_shmem_regions_end = .

bt_l2cap_fixed_chan_area
                0x0000000000007ebc        0x0
                0x0000000000007ebc                _bt_l2cap_fixed_chan_list_start = .
 *(SORT_BY_NAME(SORT_BY_ALIGNMENT(._bt_l2cap_fixed_chan.static.*)))
                0x0000000000007ebc                _bt_l2cap_fixed_chan_list_end = .

bt_gatt_service_static_area
                0x0000000000007ebc        0x0
                0x0000000000007ebc                _bt_gatt_service_static_list_start = .
 *(SORT_BY_NAME(SORT_BY_ALIGNMENT(._bt_gatt_service_static.static.*)))
                0x0000000000007ebc                _bt_gatt_service_static_list_end = .

k_p4wq_initparam_area
                0x0000000000007ebc        0x0
                0x0000000000007ebc                _k_p4wq_initparam_list_start = .
 *(SORT_BY_NAME(SORT_BY_ALIGNMENT(._k_p4wq_initparam.static.*)))
                0x0000000000007ebc                _k_p4wq_initparam_list_end = .

log_strings_sections
                0x0000000000007ebc        0x0
                0x0000000000007ebc                __log_strings_start = .
 *(SORT_BY_NAME(SORT_BY_ALIGNMENT(.log_strings*)))
                0x0000000000007ebc                __log_strings_end = .

log_const_sections
                0x0000000000007ebc        0x0
                0x0000000000007ebc                __log_const_start = .
 *(SORT_BY_NAME(SORT_BY_ALIGNMENT(.log_const_*)))
                0x0000000000007ebc                __log_const_end = .

log_backends_sections
                0x0000000000007ebc        0x0
                0x0000000000007ebc                __log_backends_start = .
 *(SORT_BY_ALIGNMENT(._log_backend.*))
                0x0000000000007ebc                __log_backends_end = .

shell_area      0x0000000000007ebc        0x0
                0x0000000000007ebc                _shell_list_start = .
 *(SORT_BY_NAME(SORT_BY_ALIGNMENT(._shell.static.*)))
                0x0000000000007ebc                _shell_list_end = .

shell_root_cmds_sections
                0x0000000000007ebc        0x0
                0x0000000000007ebc                __shell_root_cmds_start = .
 *(SORT_BY_NAME(SORT_BY_ALIGNMENT(.shell_root_cmd_*)))
                0x0000000000007ebc                __shell_root_cmds_end = .

font_entry_sections
                0x0000000000007ebc        0x0
                0x0000000000007ebc                __font_entry_start = .
 *(SORT_BY_NAME(SORT_BY_ALIGNMENT(._cfb_font.*)))
                0x0000000000007ebc                __font_entry_end = .

tracing_backend_area
                0x0000000000007ebc        0x0
                0x0000000000007ebc                _tracing_backend_list_start = .
 *(SORT_BY_NAME(SORT_BY_ALIGNMENT(._tracing_backend.static.*)))
                0x0000000000007ebc                _tracing_backend_list_end = .

zephyr_dbg_info
 *(SORT_BY_ALIGNMENT(.dbg_thread_info))

device_handles  0x0000000000007ebc       0x2c
                0x0000000000007ebc                __device_handles_start = .
 *(SORT_BY_NAME(SORT_BY_ALIGNMENT(.__device_handles_pass1*)))
 .__device_handles_pass1
                0x0000000000007ebc        0x8 zephyr/libzephyr.a(clock_control_ast26xx.c.obj)
                0x0000000000007ebc                __devicehdl_DT_N_S_soc_S_syscon_7e6e2000_S_sysclk
 .__device_handles_pass1
                0x0000000000007ec4        0x8 zephyr/libzephyr.a(reset_control_aspeed.c.obj)
                0x0000000000007ec4                __devicehdl_DT_N_S_soc_S_syscon_7e6e2000_S_sysrst
 .__device_handles_pass1
                0x0000000000007ecc        0x8 zephyr/libzephyr.a(pinmux_aspeed.c.obj)
                0x0000000000007ecc                __devicehdl_DT_N_S_soc_S_syscon_7e6e2000_S_pinmux
 .__device_handles_pass1
                0x0000000000007ed4        0x6 zephyr/libzephyr.a(sys_clock_init.c.obj)
                0x0000000000007ed4                __devicehdl_sys_init_sys_clock_driver_init0
 .__device_handles_pass1
                0x0000000000007eda        0xe zephyr/drivers/serial/libdrivers__serial.a(uart_aspeed.c.obj)
                0x0000000000007eda                __devicehdl_DT_N_S_soc_S_serial_7e790500
                0x0000000000007ee8                __device_handles_end = .

rodata          0x0000000000007ee8     0x1628
 *(SORT_BY_ALIGNMENT(.rodata))
 *(SORT_BY_ALIGNMENT(.rodata.*))
 .rodata.clock_aspeed_cfg
                0x0000000000007ee8        0x4 zephyr/libzephyr.a(clock_control_ast26xx.c.obj)
 .rodata.aspeed_clk_api
                0x0000000000007eec       0x14 zephyr/libzephyr.a(clock_control_ast26xx.c.obj)
 .rodata.reset_aspeed_cfg
                0x0000000000007f00        0x4 zephyr/libzephyr.a(reset_control_aspeed.c.obj)
 .rodata.aspeed_rst_api
                0x0000000000007f04        0xc zephyr/libzephyr.a(reset_control_aspeed.c.obj)
 .rodata.pinmux_aspeed_config
                0x0000000000007f10        0x4 zephyr/libzephyr.a(pinmux_aspeed.c.obj)
 .rodata.pinmux_aspeed_driver_api
                0x0000000000007f14       0x10 zephyr/libzephyr.a(pinmux_aspeed.c.obj)
 .rodata.sig_desc_ARM_TDI
                0x0000000000007f24        0x8 zephyr/libzephyr.a(pinmux_aspeed.c.obj)
                0x0000000000007f24                sig_desc_ARM_TDI
 .rodata.sig_desc_ARM_TMS
                0x0000000000007f2c        0x8 zephyr/libzephyr.a(pinmux_aspeed.c.obj)
                0x0000000000007f2c                sig_desc_ARM_TMS
 .rodata.sig_desc_ARM_TCK
                0x0000000000007f34        0x8 zephyr/libzephyr.a(pinmux_aspeed.c.obj)
                0x0000000000007f34                sig_desc_ARM_TCK
 .rodata.sig_desc_ARM_TDO
                0x0000000000007f3c        0x8 zephyr/libzephyr.a(pinmux_aspeed.c.obj)
                0x0000000000007f3c                sig_desc_ARM_TDO
 .rodata.sig_desc_ARM_TRST
                0x0000000000007f44        0x8 zephyr/libzephyr.a(pinmux_aspeed.c.obj)
                0x0000000000007f44                sig_desc_ARM_TRST
 .rodata.sig_desc_RXD11
                0x0000000000007f4c        0x8 zephyr/libzephyr.a(pinmux_aspeed.c.obj)
                0x0000000000007f4c                sig_desc_RXD11
 .rodata.sig_desc_TXD11
                0x0000000000007f54        0x8 zephyr/libzephyr.a(pinmux_aspeed.c.obj)
                0x0000000000007f54                sig_desc_TXD11
 .rodata.uart_aspeed_config_0
                0x0000000000007f5c       0x2c zephyr/drivers/serial/libdrivers__serial.a(uart_aspeed.c.obj)
 .rodata.uart_aspeed_driver_api
                0x0000000000007f88       0x4c zephyr/drivers/serial/libdrivers__serial.a(uart_aspeed.c.obj)
 .rodata.levels.0
                0x0000000000007fd4       0x14 zephyr/kernel/libkernel.a(device.c.obj)
 .rodata._k_neg_eagain
                0x0000000000007fe8        0x4 zephyr/kernel/libkernel.a(errno.c.obj)
                0x0000000000007fe8                _k_neg_eagain
 .rodata.__sf_fake_stderr
                0x0000000000007fec       0x20 /root/zephyr-sdk-0.16.1/arm-zephyr-eabi/arm-zephyr-eabi/lib/thumb/v7-m/nofp/libc_nano.a(lib_a-findfp.o)
                0x0000000000007fec                __sf_fake_stderr
 .rodata.__sf_fake_stdout
                0x000000000000800c       0x20 /root/zephyr-sdk-0.16.1/arm-zephyr-eabi/arm-zephyr-eabi/lib/thumb/v7-m/nofp/libc_nano.a(lib_a-findfp.o)
                0x000000000000800c                __sf_fake_stdout
 .rodata.__sf_fake_stdin
                0x000000000000802c       0x20 /root/zephyr-sdk-0.16.1/arm-zephyr-eabi/arm-zephyr-eabi/lib/thumb/v7-m/nofp/libc_nano.a(lib_a-findfp.o)
                0x000000000000802c                __sf_fake_stdin
 .rodata._global_impure_ptr
                0x000000000000804c        0x4 /root/zephyr-sdk-0.16.1/arm-zephyr-eabi/arm-zephyr-eabi/lib/thumb/v7-m/nofp/libc_nano.a(lib_a-impure.o)
                0x000000000000804c                _global_impure_ptr
 .rodata.fun_desc_DT_N_S_soc_S_syscon_7e6e2000_S_pinmux_S_uart11_default
                0x0000000000008050        0x6 zephyr/libzephyr.a(pinmux_aspeed.c.obj)
                0x0000000000008050                fun_desc_DT_N_S_soc_S_syscon_7e6e2000_S_pinmux_S_uart11_default
 .rodata.fun_desc_DT_N_S_soc_S_syscon_7e6e2000_S_pinmux_S_arm_ice_default
                0x0000000000008056        0xc zephyr/libzephyr.a(pinmux_aspeed.c.obj)
                0x0000000000008056                fun_desc_DT_N_S_soc_S_syscon_7e6e2000_S_pinmux_S_arm_ice_default
 .rodata.sig_en_ARM_TDI
                0x0000000000008062        0x4 zephyr/libzephyr.a(pinmux_aspeed.c.obj)
 .rodata.sig_en_ARM_TMS
                0x0000000000008066        0x4 zephyr/libzephyr.a(pinmux_aspeed.c.obj)
 .rodata.sig_en_ARM_TCK
                0x000000000000806a        0x4 zephyr/libzephyr.a(pinmux_aspeed.c.obj)
 .rodata.sig_en_ARM_TDO
                0x000000000000806e        0x4 zephyr/libzephyr.a(pinmux_aspeed.c.obj)
 .rodata.sig_en_ARM_TRST
                0x0000000000008072        0x4 zephyr/libzephyr.a(pinmux_aspeed.c.obj)
 .rodata.sig_en_RXD11
                0x0000000000008076        0x4 zephyr/libzephyr.a(pinmux_aspeed.c.obj)
 .rodata.sig_en_TXD11
                0x000000000000807a        0x4 zephyr/libzephyr.a(pinmux_aspeed.c.obj)
 .rodata.main.str1.1
                0x000000000000807e       0xd2 app/libapp.a(main.c.obj)
                                         0xfa (size before relaxing)
 .rodata.sys_heap_free.str1.1
                0x0000000000008150       0xe9 zephyr/libzephyr.a(heap.c.obj)
 .rodata.sys_heap_init.str1.1
                0x0000000000008239       0x8e zephyr/libzephyr.a(heap.c.obj)
 .rodata.cbvprintf.str1.1
                0x00000000000082c7        0x6 zephyr/libzephyr.a(cbprintf_complete.c.obj)
 .rodata.uart_console_init.str1.1
                0x00000000000082cd        0x8 zephyr/libzephyr.a(uart_console.c.obj)
 .rodata.str1.1
                0x00000000000082d5        0x7 zephyr/libzephyr.a(clock_control_ast26xx.c.obj)
 .rodata.str1.1
                0x00000000000082dc        0x7 zephyr/libzephyr.a(reset_control_aspeed.c.obj)
 .rodata.str1.1
                0x00000000000082e3        0x7 zephyr/libzephyr.a(pinmux_aspeed.c.obj)
 .rodata.str1.1
                0x00000000000082ea        0xa zephyr/libzephyr.a(sys_clock_init.c.obj)
 .rodata.sys_clock_set_timeout.str1.1
                0x00000000000082f4       0x7f zephyr/libzephyr.a(cortex_m_systick.c.obj)
                                         0x9c (size before relaxing)
 .rodata.z_arm_irq_priority_set.str1.1
                0x0000000000008373       0x91 zephyr/arch/arch/arm/core/aarch32/libarch__arm__core__aarch32.a(irq_manage.c.obj)
                                         0xae (size before relaxing)
 .rodata.mem_manage_fault.constprop.0.str1.1
                0x0000000000008404       0xe8 zephyr/arch/arch/arm/core/aarch32/cortex_m/libarch__arm__core__aarch32__cortex_m.a(fault.c.obj)
                                        0x105 (size before relaxing)
 .rodata.z_arm_fault.str1.1
                0x00000000000084ec       0x51 zephyr/arch/arch/arm/core/aarch32/cortex_m/libarch__arm__core__aarch32__cortex_m.a(fault.c.obj)
 .rodata.malloc_prepare.str1.1
                0x000000000000853d       0xf9 zephyr/lib/libc/newlib/liblib__libc__newlib.a(libc-hooks.c.obj)
                                        0x116 (size before relaxing)
 .rodata._exit.str1.1
                0x0000000000008636        0x6 zephyr/lib/libc/newlib/liblib__libc__newlib.a(libc-hooks.c.obj)
 .rodata.uart_aspeed_poll_in.str1.1
                0x000000000000863c       0x9c zephyr/drivers/serial/libdrivers__serial.a(uart_aspeed.c.obj)
 .rodata.str1.1
                0x000000000000863c        0x8 zephyr/drivers/serial/libdrivers__serial.a(uart_aspeed.c.obj)
 .rodata.z_fatal_error.str1.1
                0x000000000000863c       0xa5 zephyr/kernel/libkernel.a(fatal.c.obj)
                                         0xc4 (size before relaxing)
 .rodata.z_cstart.str1.1
                0x00000000000086e1        0xf zephyr/kernel/libkernel.a(init.c.obj)
 .rodata.init_mem_slab_module.str1.1
                0x00000000000086f0       0x61 zephyr/kernel/libkernel.a(mem_slab.c.obj)
                                         0x7e (size before relaxing)
 .rodata.k_thread_foreach.str1.1
                0x0000000000008751       0x54 zephyr/kernel/libkernel.a(thread.c.obj)
                                         0xf0 (size before relaxing)
 .rodata.z_setup_new_thread.str1.1
                0x00000000000087a5       0xb1 zephyr/kernel/libkernel.a(thread.c.obj)
 .rodata.z_impl_k_thread_create.str1.1
                0x0000000000008856       0x37 zephyr/kernel/libkernel.a(thread.c.obj)
 .rodata.z_init_static_threads.str1.1
                0x000000000000888d       0x2d zephyr/kernel/libkernel.a(thread.c.obj)
                                         0x4c (size before relaxing)
 .rodata.idle.str1.1
                0x00000000000088ba       0x49 zephyr/kernel/libkernel.a(idle.c.obj)
                                         0x66 (size before relaxing)
 .rodata.z_impl_k_mutex_lock.str1.1
                0x0000000000008903       0x47 zephyr/kernel/libkernel.a(mutex.c.obj)
                                         0xf5 (size before relaxing)
 .rodata.z_impl_k_mutex_unlock.str1.1
                0x000000000000894a       0x76 zephyr/kernel/libkernel.a(mutex.c.obj)
 .rodata.z_impl_k_sem_give.str1.1
                0x00000000000089c0       0x70 zephyr/kernel/libkernel.a(sem.c.obj)
 .rodata.update_cache.str1.1
                0x00000000000089c0       0x49 zephyr/kernel/libkernel.a(sched.c.obj)
                                         0x69 (size before relaxing)
 .rodata.ready_thread.str1.1
                0x0000000000008a09       0x21 zephyr/kernel/libkernel.a(sched.c.obj)
 .rodata.k_sched_time_slice_set.str1.1
                0x0000000000008a2a       0x7f zephyr/kernel/libkernel.a(sched.c.obj)
 .rodata.k_sched_lock.str1.1
                0x0000000000008a2a       0x6e zephyr/kernel/libkernel.a(sched.c.obj)
 .rodata.k_sched_unlock.str1.1
                0x0000000000008a2a       0x31 zephyr/kernel/libkernel.a(sched.c.obj)
 .rodata.unpend_thread_no_timeout.str1.1
                0x0000000000008a5b       0x17 zephyr/kernel/libkernel.a(sched.c.obj)
 .rodata.z_thread_abort.str1.1
                0x0000000000008a72       0x22 zephyr/kernel/libkernel.a(sched.c.obj)
                                         0x24 (size before relaxing)
 .rodata.z_add_timeout.str1.1
                0x0000000000008a94       0x44 zephyr/kernel/libkernel.a(timeout.c.obj)
                                         0xe3 (size before relaxing)
 .rodata.register_events.str1.1
                0x0000000000008ad8      0x118 zephyr/kernel/libkernel.a(poll.c.obj)
                                        0x1b6 (size before relaxing)
 .rodata.signal_poll_event.str1.1
                0x0000000000008bf0       0x35 zephyr/kernel/libkernel.a(poll.c.obj)
 .rodata.boot_banner.str1.1
                0x0000000000008c25       0x34 zephyr/kernel/libkernel.a(banner.c.obj)
                                         0x35 (size before relaxing)
 .rodata.statics_init.str1.1
                0x0000000000008c59       0x38 zephyr/kernel/libkernel.a(kheap.c.obj)
                                         0x74 (size before relaxing)
 .rodata.k_sys_work_q_init.str1.1
                0x0000000000008c91        0x9 zephyr/kernel/libkernel.a(system_work_q.c.obj)
 .rodata.work_queue_main.str1.1
                0x0000000000008c9a       0x38 zephyr/kernel/libkernel.a(work.c.obj)
                                         0xd4 (size before relaxing)
 .rodata.submit_to_queue_locked.str1.1
                0x0000000000008cd2       0x1b zephyr/kernel/libkernel.a(work.c.obj)
 .rodata.k_work_init.str1.1
                0x0000000000008ced       0x14 zephyr/kernel/libkernel.a(work.c.obj)
 .rodata.k_work_queue_start.str1.1
                0x0000000000008d01       0x40 zephyr/kernel/libkernel.a(work.c.obj)
 .rodata._ctype_
                0x0000000000008d41      0x101 /root/zephyr-sdk-0.16.1/arm-zephyr-eabi/arm-zephyr-eabi/lib/thumb/v7-m/nofp/libc_nano.a(lib_a-ctype_.o)
                0x0000000000008d41                _ctype_
 .rodata._vfprintf_r.str1.1
                0x0000000000008e42       0x11 /root/zephyr-sdk-0.16.1/arm-zephyr-eabi/arm-zephyr-eabi/lib/thumb/v7-m/nofp/libc_nano.a(lib_a-nano-vfprintf.o)
 .rodata._printf_i.str1.1
                0x0000000000008e53       0x22 /root/zephyr-sdk-0.16.1/arm-zephyr-eabi/arm-zephyr-eabi/lib/thumb/v7-m/nofp/libc_nano.a(lib_a-nano-vfprintf_i.o)
 .rodata._perror_r.str1.1
                0x0000000000008e75        0x3 /root/zephyr-sdk-0.16.1/arm-zephyr-eabi/arm-zephyr-eabi/lib/thumb/v7-m/nofp/libc_nano.a(lib_a-perror.o)
                                          0x5 (size before relaxing)
 .rodata._strerror_r.str1.1
                0x0000000000008e78      0x696 /root/zephyr-sdk-0.16.1/arm-zephyr-eabi/arm-zephyr-eabi/lib/thumb/v7-m/nofp/libc_nano.a(lib_a-strerror.o)
                                        0x697 (size before relaxing)
 *(SORT_BY_ALIGNMENT(.gnu.linkonce.r.*))
                0x0000000000009510                . = ALIGN (0x4)
 *fill*         0x000000000000950e        0x2 

.gcc_except_table
 *(SORT_BY_ALIGNMENT(.gcc_except_table) SORT_BY_ALIGNMENT(.gcc_except_table.*))
                0x0000000000009510                _image_rodata_end = .
                0x0000000000009510                . = ALIGN (_region_min_align)
                0x0000000000009510                _image_rom_end = .

/DISCARD/
 *(SORT_BY_ALIGNMENT(.got.plt))
 *(SORT_BY_ALIGNMENT(.igot.plt))
 *(SORT_BY_ALIGNMENT(.got))
 *(SORT_BY_ALIGNMENT(.igot))
                0x0000000000000000                . = 0x0
                0x0000000000000000                . = ALIGN (_region_min_align)
                0x0000000000000000                _image_ram_start = .

.ramfunc        0x0000000000009510        0x0
                0x0000000000009510                . = ALIGN (_region_min_align)
                0x0000000000009510                _ramfunc_ram_start = .
 *(SORT_BY_ALIGNMENT(.ramfunc))
 *(SORT_BY_ALIGNMENT(.ramfunc.*))
                0x0000000000009510                . = ALIGN (_region_min_align)
                0x0000000000009510                _ramfunc_ram_end = .
                0x0000000000000000                _ramfunc_ram_size = (_ramfunc_ram_end - _ramfunc_ram_start)
                0x0000000000009510                _ramfunc_rom_start = LOADADDR (.ramfunc)

.bss_nc         0x0000000001000000     0x7000
                0x0000000001000000                __bss_nc_start__ = .
 *(SORT_BY_ALIGNMENT(.nocache.bss*))
 .nocache.bss   0x0000000001000000     0x7000 zephyr/drivers/serial/libdrivers__serial.a(uart_aspeed.c.obj)
                0x0000000001007000                . = ALIGN (0x4)
                0x0000000001007000                __bss_nc_end__ = .

datas           0x0000000000009510      0x4cc
                0x0000000000009510                __data_ram_start = .
 *(SORT_BY_ALIGNMENT(.data))
 *(SORT_BY_ALIGNMENT(.data.*))
 .data._char_out
                0x0000000000009510        0x4 zephyr/libzephyr.a(printk.c.obj)
                0x0000000000009510                _char_out
 .data.aspeed_fun_desc_table
                0x0000000000009514        0x8 zephyr/libzephyr.a(pinmux_aspeed.c.obj)
                0x0000000000009514                aspeed_fun_desc_table
 .data.aspeed_sig_desc_table
                0x000000000000951c       0x1c zephyr/libzephyr.a(pinmux_aspeed.c.obj)
                0x000000000000951c                aspeed_sig_desc_table
 .data.aspeed_pin_desc_table
                0x0000000000009538      0x41c zephyr/libzephyr.a(pinmux_aspeed.c.obj)
                0x0000000000009538                aspeed_pin_desc_table
 .data.heap_mutex
                0x0000000000009954       0x14 zephyr/lib/libc/newlib/liblib__libc__newlib.a(libc-hooks.c.obj)
 .data._stdin_hook
                0x0000000000009968        0x4 zephyr/lib/libc/newlib/liblib__libc__newlib.a(libc-hooks.c.obj)
 .data._stdout_hook
                0x000000000000996c        0x4 zephyr/lib/libc/newlib/liblib__libc__newlib.a(libc-hooks.c.obj)
 .data.timeout_list
                0x0000000000009970        0x8 zephyr/kernel/libkernel.a(timeout.c.obj)
 .data._impure_ptr
                0x0000000000009978        0x4 /root/zephyr-sdk-0.16.1/arm-zephyr-eabi/arm-zephyr-eabi/lib/thumb/v7-m/nofp/libc_nano.a(lib_a-impure.o)
                0x0000000000009978                _impure_ptr
 .data.impure_data
                0x000000000000997c       0x60 /root/zephyr-sdk-0.16.1/arm-zephyr-eabi/arm-zephyr-eabi/lib/thumb/v7-m/nofp/libc_nano.a(lib_a-impure.o)
 *(SORT_BY_ALIGNMENT(.kernel.*))
                0x0000000000009510                __data_rom_start = LOADADDR (datas)

devices         0x00000000000099dc       0x78
                0x00000000000099dc                __device_start = .
                0x00000000000099dc                __device_PRE_KERNEL_1_start = .
 *(SORT_BY_NAME(SORT_BY_ALIGNMENT(.z_device_PRE_KERNEL_1[0-9]_*)))
 *(SORT_BY_NAME(SORT_BY_ALIGNMENT(.z_device_PRE_KERNEL_1[1-9][0-9]_*)))
 .z_device_PRE_KERNEL_145_
                0x00000000000099dc       0x18 zephyr/libzephyr.a(pinmux_aspeed.c.obj)
                0x00000000000099dc                __device_dts_ord_30
 .z_device_PRE_KERNEL_150_
                0x00000000000099f4       0x18 zephyr/libzephyr.a(clock_control_ast26xx.c.obj)
                0x00000000000099f4                __device_dts_ord_10
 .z_device_PRE_KERNEL_150_
                0x0000000000009a0c       0x18 zephyr/libzephyr.a(reset_control_aspeed.c.obj)
                0x0000000000009a0c                __device_dts_ord_27
 .z_device_PRE_KERNEL_150_
                0x0000000000009a24       0x18 zephyr/drivers/serial/libdrivers__serial.a(uart_aspeed.c.obj)
                0x0000000000009a24                __device_dts_ord_32
                0x0000000000009a3c                __device_PRE_KERNEL_2_start = .
 *(SORT_BY_NAME(SORT_BY_ALIGNMENT(.z_device_PRE_KERNEL_2[0-9]_*)))
 .z_device_PRE_KERNEL_20_
                0x0000000000009a3c       0x18 zephyr/libzephyr.a(sys_clock_init.c.obj)
 *(SORT_BY_NAME(SORT_BY_ALIGNMENT(.z_device_PRE_KERNEL_2[1-9][0-9]_*)))
                0x0000000000009a54                __device_POST_KERNEL_start = .
 *(SORT_BY_NAME(SORT_BY_ALIGNMENT(.z_device_POST_KERNEL[0-9]_*)))
 *(SORT_BY_NAME(SORT_BY_ALIGNMENT(.z_device_POST_KERNEL[1-9][0-9]_*)))
                0x0000000000009a54                __device_APPLICATION_start = .
 *(SORT_BY_NAME(SORT_BY_ALIGNMENT(.z_device_APPLICATION[0-9]_*)))
 *(SORT_BY_NAME(SORT_BY_ALIGNMENT(.z_device_APPLICATION[1-9][0-9]_*)))
                0x0000000000009a54                __device_SMP_start = .
 *(SORT_BY_NAME(SORT_BY_ALIGNMENT(.z_device_SMP[0-9]_*)))
 *(SORT_BY_NAME(SORT_BY_ALIGNMENT(.z_device_SMP[1-9][0-9]_*)))
                0x0000000000009a54                __device_end = .

initshell       0x0000000000009a54        0x0
                0x0000000000009a54                __shell_module_start = .
 *(SORT_BY_ALIGNMENT(.shell_module_*))
                0x0000000000009a54                __shell_module_end = .
                0x0000000000009a54                __shell_cmd_start = .
 *(SORT_BY_ALIGNMENT(.shell_cmd_*))
                0x0000000000009a54                __shell_cmd_end = .

log_dynamic_sections
                0x0000000000009a54        0x0
                0x0000000000009a54                __log_dynamic_start = .
 *(SORT_BY_NAME(SORT_BY_ALIGNMENT(.log_dynamic_*)))
                0x0000000000009a54                __log_dynamic_end = .

_static_thread_data_area
                0x0000000000009a54        0x0
                0x0000000000009a54                __static_thread_data_list_start = .
 *(SORT_BY_NAME(SORT_BY_ALIGNMENT(.__static_thread_data.static.*)))
                0x0000000000009a54                __static_thread_data_list_end = .

k_timer_area    0x0000000000009a54        0x0
                0x0000000000009a54                _k_timer_list_start = .
 *(SORT_BY_NAME(SORT_BY_ALIGNMENT(._k_timer.static.*)))
                0x0000000000009a54                _k_timer_list_end = .

k_mem_slab_area
                0x0000000000009a54        0x0
                0x0000000000009a54                _k_mem_slab_list_start = .
 *(SORT_BY_NAME(SORT_BY_ALIGNMENT(._k_mem_slab.static.*)))
                0x0000000000009a54                _k_mem_slab_list_end = .

k_mem_pool_area
                0x0000000000009a54        0x0
                0x0000000000009a54                _k_mem_pool_list_start = .
 *(SORT_BY_NAME(SORT_BY_ALIGNMENT(._k_mem_pool.static.*)))
                0x0000000000009a54                _k_mem_pool_list_end = .

k_heap_area     0x0000000000009a54        0x0
                0x0000000000009a54                _k_heap_list_start = .
 *(SORT_BY_NAME(SORT_BY_ALIGNMENT(._k_heap.static.*)))
                0x0000000000009a54                _k_heap_list_end = .

k_mutex_area    0x0000000000009a54        0x0
                0x0000000000009a54                _k_mutex_list_start = .
 *(SORT_BY_NAME(SORT_BY_ALIGNMENT(._k_mutex.static.*)))
                0x0000000000009a54                _k_mutex_list_end = .

k_stack_area    0x0000000000009a54        0x0
                0x0000000000009a54                _k_stack_list_start = .
 *(SORT_BY_NAME(SORT_BY_ALIGNMENT(._k_stack.static.*)))
                0x0000000000009a54                _k_stack_list_end = .

k_msgq_area     0x0000000000009a54        0x0
                0x0000000000009a54                _k_msgq_list_start = .
 *(SORT_BY_NAME(SORT_BY_ALIGNMENT(._k_msgq.static.*)))
                0x0000000000009a54                _k_msgq_list_end = .

k_mbox_area     0x0000000000009a54        0x0
                0x0000000000009a54                _k_mbox_list_start = .
 *(SORT_BY_NAME(SORT_BY_ALIGNMENT(._k_mbox.static.*)))
                0x0000000000009a54                _k_mbox_list_end = .

k_pipe_area     0x0000000000009a54        0x0
                0x0000000000009a54                _k_pipe_list_start = .
 *(SORT_BY_NAME(SORT_BY_ALIGNMENT(._k_pipe.static.*)))
                0x0000000000009a54                _k_pipe_list_end = .

k_sem_area      0x0000000000009a54        0x0
                0x0000000000009a54                _k_sem_list_start = .
 *(SORT_BY_NAME(SORT_BY_ALIGNMENT(._k_sem.static.*)))
                0x0000000000009a54                _k_sem_list_end = .

k_queue_area    0x0000000000009a54        0x0
                0x0000000000009a54                _k_queue_list_start = .
 *(SORT_BY_NAME(SORT_BY_ALIGNMENT(._k_queue.static.*)))
                0x0000000000009a54                _k_queue_list_end = .

k_condvar_area  0x0000000000009a54        0x0
                0x0000000000009a54                _k_condvar_list_start = .
 *(SORT_BY_NAME(SORT_BY_ALIGNMENT(._k_condvar.static.*)))
                0x0000000000009a54                _k_condvar_list_end = .

_net_buf_pool_area
                0x0000000000009a54        0x0
                0x0000000000009a54                _net_buf_pool_list = .
 *(SORT_BY_NAME(SORT_BY_ALIGNMENT(._net_buf_pool.static.*)))

.gcc_except_table
 *(SORT_BY_ALIGNMENT(.gcc_except_table) SORT_BY_ALIGNMENT(.gcc_except_table.*))
                0x0000000000009a54                __data_ram_end = .

bss             0x0000000000009a58      0x354
                0x0000000000009a58                . = ALIGN (0x4)
                0x0000000000009a58                __bss_start = .
                0x0000000000009a58                __kernel_ram_start = .
 *(SORT_BY_ALIGNMENT(.bss))
 *(SORT_BY_ALIGNMENT(.bss.*))
 .bss.z_idle_threads
                0x0000000000009a58       0xb8 zephyr/kernel/libkernel.a(init.c.obj)
                0x0000000000009a58                z_idle_threads
 .bss.z_main_thread
                0x0000000000009b10       0xb8 zephyr/kernel/libkernel.a(init.c.obj)
                0x0000000000009b10                z_main_thread
 .bss.curr_tick
                0x0000000000009bc8        0x8 zephyr/kernel/libkernel.a(timeout.c.obj)
 .bss.k_sys_work_q
                0x0000000000009bd0       0xd8 zephyr/kernel/libkernel.a(system_work_q.c.obj)
                0x0000000000009bd0                k_sys_work_q
 .bss.uart_console_dev
                0x0000000000009ca8        0x4 zephyr/libzephyr.a(uart_console.c.obj)
 .bss.__devstate_dts_ord_10
                0x0000000000009cac        0x4 zephyr/libzephyr.a(clock_control_ast26xx.c.obj)
 .bss.__devstate_dts_ord_27
                0x0000000000009cb0        0x4 zephyr/libzephyr.a(reset_control_aspeed.c.obj)
 .bss.__devstate_dts_ord_30
                0x0000000000009cb4        0x4 zephyr/libzephyr.a(pinmux_aspeed.c.obj)
 .bss.__devstate_sys_init_sys_clock_driver_init0
                0x0000000000009cb8        0x4 zephyr/libzephyr.a(sys_clock_init.c.obj)
 .bss.overflow_cyc
                0x0000000000009cbc        0x4 zephyr/libzephyr.a(cortex_m_systick.c.obj)
 .bss.announced_cycles
                0x0000000000009cc0        0x4 zephyr/libzephyr.a(cortex_m_systick.c.obj)
 .bss.cycle_count
                0x0000000000009cc4        0x4 zephyr/libzephyr.a(cortex_m_systick.c.obj)
 .bss.last_load
                0x0000000000009cc8        0x4 zephyr/libzephyr.a(cortex_m_systick.c.obj)
 .bss.lock      0x0000000000009ccc        0x4 zephyr/libzephyr.a(cortex_m_systick.c.obj)
 .bss.heap_sz   0x0000000000009cd0        0x4 zephyr/lib/libc/newlib/liblib__libc__newlib.a(libc-hooks.c.obj)
 .bss.__devstate_dts_ord_32
                0x0000000000009cd4        0x4 zephyr/drivers/serial/libdrivers__serial.a(uart_aspeed.c.obj)
 .bss.uart_aspeed_data_0
                0x0000000000009cd8       0x28 zephyr/drivers/serial/libdrivers__serial.a(uart_aspeed.c.obj)
 .bss.udma_lock
                0x0000000000009d00        0x4 zephyr/drivers/serial/libdrivers__serial.a(uart_aspeed.c.obj)
 .bss.udma_udev
                0x0000000000009d04       0x38 zephyr/drivers/serial/libdrivers__serial.a(uart_aspeed.c.obj)
 .bss._kernel   0x0000000000009d3c       0x30 zephyr/kernel/libkernel.a(init.c.obj)
                0x0000000000009d3c                _kernel
 .bss.z_thread_monitor_lock
                0x0000000000009d6c        0x4 zephyr/kernel/libkernel.a(thread.c.obj)
 .bss.lock      0x0000000000009d70        0x4 zephyr/kernel/libkernel.a(mutex.c.obj)
 .bss.lock      0x0000000000009d74        0x4 zephyr/kernel/libkernel.a(sem.c.obj)
 .bss.pending_current
                0x0000000000009d78        0x4 zephyr/kernel/libkernel.a(sched.c.obj)
 .bss.slice_max_prio
                0x0000000000009d7c        0x4 zephyr/kernel/libkernel.a(sched.c.obj)
 .bss.slice_time
                0x0000000000009d80        0x4 zephyr/kernel/libkernel.a(sched.c.obj)
 .bss.sched_spinlock
                0x0000000000009d84        0x4 zephyr/kernel/libkernel.a(sched.c.obj)
                0x0000000000009d84                sched_spinlock
 .bss.announce_remaining
                0x0000000000009d88        0x4 zephyr/kernel/libkernel.a(timeout.c.obj)
 .bss.timeout_lock
                0x0000000000009d8c        0x4 zephyr/kernel/libkernel.a(timeout.c.obj)
 .bss.pending_cancels
                0x0000000000009d90        0x8 zephyr/kernel/libkernel.a(work.c.obj)
 .bss.lock      0x0000000000009d98        0x4 zephyr/kernel/libkernel.a(work.c.obj)
 .bss.__malloc_sbrk_start
                0x0000000000009d9c        0x4 /root/zephyr-sdk-0.16.1/arm-zephyr-eabi/arm-zephyr-eabi/lib/thumb/v7-m/nofp/libc_nano.a(lib_a-nano-mallocr.o)
                0x0000000000009d9c                __malloc_sbrk_start
 .bss.__malloc_free_list
                0x0000000000009da0        0x4 /root/zephyr-sdk-0.16.1/arm-zephyr-eabi/arm-zephyr-eabi/lib/thumb/v7-m/nofp/libc_nano.a(lib_a-nano-mallocr.o)
                0x0000000000009da0                __malloc_free_list
 .bss.errno     0x0000000000009da4        0x4 /root/zephyr-sdk-0.16.1/arm-zephyr-eabi/arm-zephyr-eabi/lib/thumb/v7-m/nofp/libc_nano.a(lib_a-reent.o)
                0x0000000000009da4                errno
 .bss.udma_init
                0x0000000000009da8        0x1 zephyr/drivers/serial/libdrivers__serial.a(uart_aspeed.c.obj)
 .bss.z_sys_post_kernel
                0x0000000000009da9        0x1 zephyr/kernel/libkernel.a(init.c.obj)
                0x0000000000009da9                z_sys_post_kernel
 .bss.__lock___sfp_recursive_mutex
                0x0000000000009daa        0x1 /root/zephyr-sdk-0.16.1/arm-zephyr-eabi/arm-zephyr-eabi/lib/thumb/v7-m/nofp/libc_nano.a(lib_a-lock.o)
                0x0000000000009daa                __lock___sfp_recursive_mutex
 .bss.__lock___sinit_recursive_mutex
                0x0000000000009dab        0x1 /root/zephyr-sdk-0.16.1/arm-zephyr-eabi/arm-zephyr-eabi/lib/thumb/v7-m/nofp/libc_nano.a(lib_a-lock.o)
                0x0000000000009dab                __lock___sinit_recursive_mutex
 *(SORT_BY_ALIGNMENT(COMMON))
 *(SORT_BY_ALIGNMENT(.kernel_bss.*))
                0x0000000000009dac                __bss_end = ALIGN (0x4)

noinit          0x0000000000009db0     0x1d00
 *(SORT_BY_ALIGNMENT(.noinit))
 *(SORT_BY_ALIGNMENT(.noinit.*))
 .noinit."WEST_TOPDIR/zephyr/kernel/init.c".3
                0x0000000000009db0      0x100 zephyr/kernel/libkernel.a(init.c.obj)
 .noinit."WEST_TOPDIR/zephyr/kernel/init.c".2
                0x0000000000009eb0     0x1000 zephyr/kernel/libkernel.a(init.c.obj)
                0x0000000000009eb0                z_main_stack
 .noinit."WEST_TOPDIR/zephyr/arch/arm/include/aarch32/cortex_m/stack.h".0
                0x000000000000aeb0      0x800 zephyr/kernel/libkernel.a(init.c.obj)
                0x000000000000aeb0                z_interrupt_stacks
 .noinit."WEST_TOPDIR/zephyr/kernel/system_work_q.c".0
                0x000000000000b6b0      0x400 zephyr/kernel/libkernel.a(system_work_q.c.obj)
 *(SORT_BY_ALIGNMENT(.kernel_noinit.*))
                0x000000000000bab0                _image_ram_end = .
                0x000000000000bab0                _end = .
                0x0000000000ffc000                __kernel_ram_end = 0xffc000
                0x0000000000ff25a8                __kernel_ram_size = (__kernel_ram_end - __kernel_ram_start)

.intList        0x0000000000ffc000       0x28
 *(SORT_BY_ALIGNMENT(.irq_info*))
 .irq_info      0x0000000000ffc000        0x8 zephyr/arch/common/libisr_tables.a(isr_tables.c.obj)
                0x0000000000ffc000                _iheader
 *(SORT_BY_ALIGNMENT(.intList*))
 .intList       0x0000000000ffc008       0x20 zephyr/drivers/serial/libdrivers__serial.a(uart_aspeed.c.obj)

.stab
 *(SORT_BY_ALIGNMENT(.stab))

.stabstr
 *(SORT_BY_ALIGNMENT(.stabstr))

.stab.excl
 *(SORT_BY_ALIGNMENT(.stab.excl))

.stab.exclstr
 *(SORT_BY_ALIGNMENT(.stab.exclstr))

.stab.index
 *(SORT_BY_ALIGNMENT(.stab.index))

.stab.indexstr
 *(SORT_BY_ALIGNMENT(.stab.indexstr))

.gnu.build.attributes
 *(SORT_BY_ALIGNMENT(.gnu.build.attributes) SORT_BY_ALIGNMENT(.gnu.build.attributes.*))

.comment        0x0000000000000000       0x20
 *(SORT_BY_ALIGNMENT(.comment))
 .comment       0x0000000000000000       0x20 zephyr/CMakeFiles/offsets.dir/./arch/arm/core/offsets/offsets.c.obj
                                         0x21 (size before relaxing)
 .comment       0x0000000000000020       0x21 app/libapp.a(main.c.obj)
 .comment       0x0000000000000020       0x21 zephyr/libzephyr.a(printk.c.obj)
 .comment       0x0000000000000020       0x21 zephyr/libzephyr.a(thread_entry.c.obj)
 .comment       0x0000000000000020       0x21 zephyr/libzephyr.a(heap.c.obj)
 .comment       0x0000000000000020       0x21 zephyr/libzephyr.a(cbprintf_complete.c.obj)
 .comment       0x0000000000000020       0x21 zephyr/libzephyr.a(assert.c.obj)
 .comment       0x0000000000000020       0x21 zephyr/libzephyr.a(configs.c.obj)
 .comment       0x0000000000000020       0x21 zephyr/libzephyr.a(soc.c.obj)
 .comment       0x0000000000000020       0x21 zephyr/libzephyr.a(cpp_init_array.c.obj)
 .comment       0x0000000000000020       0x21 zephyr/libzephyr.a(cpp_ctors.c.obj)
 .comment       0x0000000000000020       0x21 zephyr/libzephyr.a(uart_console.c.obj)
 .comment       0x0000000000000020       0x21 zephyr/libzephyr.a(clock_control_ast26xx.c.obj)
 .comment       0x0000000000000020       0x21 zephyr/libzephyr.a(reset_control_aspeed.c.obj)
 .comment       0x0000000000000020       0x21 zephyr/libzephyr.a(pinmux_aspeed.c.obj)
 .comment       0x0000000000000020       0x21 zephyr/libzephyr.a(sys_clock_init.c.obj)
 .comment       0x0000000000000020       0x21 zephyr/libzephyr.a(cortex_m_systick.c.obj)
 .comment       0x0000000000000020       0x21 zephyr/libzephyr.a(cache_aspeed.c.obj)
 .comment       0x0000000000000020       0x21 zephyr/arch/arch/arm/core/aarch32/libarch__arm__core__aarch32.a(swap.c.obj)
 .comment       0x0000000000000020       0x21 zephyr/arch/arch/arm/core/aarch32/libarch__arm__core__aarch32.a(irq_manage.c.obj)
 .comment       0x0000000000000020       0x21 zephyr/arch/arch/arm/core/aarch32/libarch__arm__core__aarch32.a(thread.c.obj)
 .comment       0x0000000000000020       0x21 zephyr/arch/arch/arm/core/aarch32/libarch__arm__core__aarch32.a(fatal.c.obj)
 .comment       0x0000000000000020       0x21 zephyr/arch/arch/arm/core/aarch32/libarch__arm__core__aarch32.a(nmi.c.obj)
 .comment       0x0000000000000020       0x21 zephyr/arch/arch/arm/core/aarch32/libarch__arm__core__aarch32.a(prep_c.c.obj)
 .comment       0x0000000000000020       0x21 zephyr/arch/arch/arm/core/aarch32/cortex_m/libarch__arm__core__aarch32__cortex_m.a(fault.c.obj)
 .comment       0x0000000000000020       0x21 zephyr/arch/arch/arm/core/aarch32/cortex_m/libarch__arm__core__aarch32__cortex_m.a(irq_init.c.obj)
 .comment       0x0000000000000020       0x21 zephyr/arch/arch/arm/core/aarch32/cortex_m/libarch__arm__core__aarch32__cortex_m.a(thread_abort.c.obj)
 .comment       0x0000000000000020       0x21 zephyr/lib/libc/newlib/liblib__libc__newlib.a(libc-hooks.c.obj)
 .comment       0x0000000000000020       0x21 zephyr/drivers/serial/libdrivers__serial.a(uart_aspeed.c.obj)
 .comment       0x0000000000000020       0x21 zephyr/kernel/libkernel.a(device.c.obj)
 .comment       0x0000000000000020       0x21 zephyr/kernel/libkernel.a(errno.c.obj)
 .comment       0x0000000000000020       0x21 zephyr/kernel/libkernel.a(fatal.c.obj)
 .comment       0x0000000000000020       0x21 zephyr/kernel/libkernel.a(init.c.obj)
 .comment       0x0000000000000020       0x21 zephyr/kernel/libkernel.a(mem_slab.c.obj)
 .comment       0x0000000000000020       0x21 zephyr/kernel/libkernel.a(thread.c.obj)
 .comment       0x0000000000000020       0x21 zephyr/kernel/libkernel.a(idle.c.obj)
 .comment       0x0000000000000020       0x21 zephyr/kernel/libkernel.a(mutex.c.obj)
 .comment       0x0000000000000020       0x21 zephyr/kernel/libkernel.a(sem.c.obj)
 .comment       0x0000000000000020       0x21 zephyr/kernel/libkernel.a(sched.c.obj)
 .comment       0x0000000000000020       0x21 zephyr/kernel/libkernel.a(timeout.c.obj)
 .comment       0x0000000000000020       0x21 zephyr/kernel/libkernel.a(poll.c.obj)
 .comment       0x0000000000000020       0x21 zephyr/kernel/libkernel.a(banner.c.obj)