Archive member included to satisfy reference by file (symbol)

app/libapp.a(assert.cc.obj)   (--whole-archive)
app/libapp.a(constants.c.obj)
                              (--whole-archive)
app/libapp.a(main.c.obj)      (--whole-archive)
app/libapp.a(main_functions.cc.obj)
                              (--whole-archive)
app/libapp.a(model.cc.obj)    (--whole-archive)
app/libapp.a(output_handler.cc.obj)
                              (--whole-archive)
zephyr/libzephyr.a(cbprintf.c.obj)
                              (--whole-archive)
zephyr/libzephyr.a(cbprintf_packaged.c.obj)
                              (--whole-archive)
zephyr/libzephyr.a(crc32c_sw.c.obj)
                              (--whole-archive)
zephyr/libzephyr.a(crc32_sw.c.obj)
                              (--whole-archive)
zephyr/libzephyr.a(crc16_sw.c.obj)
                              (--whole-archive)
zephyr/libzephyr.a(crc8_sw.c.obj)
                              (--whole-archive)
zephyr/libzephyr.a(crc7_sw.c.obj)
                              (--whole-archive)
zephyr/libzephyr.a(dec.c.obj)
                              (--whole-archive)
zephyr/libzephyr.a(fdtable.c.obj)
                              (--whole-archive)
zephyr/libzephyr.a(hex.c.obj)
                              (--whole-archive)
zephyr/libzephyr.a(notify.c.obj)
                              (--whole-archive)
zephyr/libzephyr.a(printk.c.obj)
                              (--whole-archive)
zephyr/libzephyr.a(onoff.c.obj)
                              (--whole-archive)
zephyr/libzephyr.a(rb.c.obj)  (--whole-archive)
zephyr/libzephyr.a(sem.c.obj)
                              (--whole-archive)
zephyr/libzephyr.a(thread_entry.c.obj)
                              (--whole-archive)
zephyr/libzephyr.a(timeutil.c.obj)
                              (--whole-archive)
zephyr/libzephyr.a(heap.c.obj)
                              (--whole-archive)
zephyr/libzephyr.a(heap-validate.c.obj)
                              (--whole-archive)
zephyr/libzephyr.a(bitarray.c.obj)
                              (--whole-archive)
zephyr/libzephyr.a(cbprintf_complete.c.obj)
                              (--whole-archive)
zephyr/libzephyr.a(assert.c.obj)
                              (--whole-archive)
zephyr/libzephyr.a(reboot.c.obj)
                              (--whole-archive)
zephyr/libzephyr.a(configs.c.obj)
                              (--whole-archive)
zephyr/libzephyr.a(soc.c.obj)
                              (--whole-archive)
zephyr/libzephyr.a(cpp_init_array.c.obj)
                              (--whole-archive)
zephyr/libzephyr.a(cpp_ctors.c.obj)
                              (--whole-archive)
zephyr/libzephyr.a(cpp_dtors.c.obj)
                              (--whole-archive)
zephyr/libzephyr.a(cpp_virtual.c.obj)
                              (--whole-archive)
zephyr/libzephyr.a(cpp_vtable.cpp.obj)
                              (--whole-archive)
zephyr/libzephyr.a(cpp_new.cpp.obj)
                              (--whole-archive)
zephyr/libzephyr.a(tracing_none.c.obj)
                              (--whole-archive)
zephyr/libzephyr.a(uart_console.c.obj)
                              (--whole-archive)
zephyr/libzephyr.a(clock_fixed_factor.c.obj)
                              (--whole-archive)
zephyr/libzephyr.a(clock_control_ast26xx.c.obj)
                              (--whole-archive)
zephyr/libzephyr.a(reset_control_aspeed.c.obj)
                              (--whole-archive)
zephyr/libzephyr.a(pinmux_aspeed.c.obj)
                              (--whole-archive)
zephyr/libzephyr.a(hwinfo_weak_impl.c.obj)
                              (--whole-archive)
zephyr/libzephyr.a(hwinfo_aspeed.c.obj)
                              (--whole-archive)
zephyr/libzephyr.a(sys_clock_init.c.obj)
                              (--whole-archive)
zephyr/libzephyr.a(cortex_m_systick.c.obj)
                              (--whole-archive)
zephyr/libzephyr.a(cache_aspeed.c.obj)
                              (--whole-archive)
zephyr/arch/common/libarch__common.a(sw_isr_common.c.obj)
                              (--whole-archive)
zephyr/arch/arch/arm/core/aarch32/libarch__arm__core__aarch32.a(swap.c.obj)
                              (--whole-archive)
zephyr/arch/arch/arm/core/aarch32/libarch__arm__core__aarch32.a(swap_helper.S.obj)
                              (--whole-archive)
zephyr/arch/arch/arm/core/aarch32/libarch__arm__core__aarch32.a(irq_manage.c.obj)
                              (--whole-archive)
zephyr/arch/arch/arm/core/aarch32/libarch__arm__core__aarch32.a(thread.c.obj)
                              (--whole-archive)
zephyr/arch/arch/arm/core/aarch32/libarch__arm__core__aarch32.a(cpu_idle.S.obj)
                              (--whole-archive)
zephyr/arch/arch/arm/core/aarch32/libarch__arm__core__aarch32.a(fatal.c.obj)
                              (--whole-archive)
zephyr/arch/arch/arm/core/aarch32/libarch__arm__core__aarch32.a(nmi.c.obj)
                              (--whole-archive)
[...]
Memory Configuration

Name             Origin             Length             Attributes
SRAM_NC          0x0000000001000000 0x0000000001000000 xw
FLASH            0x0000000000000000 0x0000000000000000 xr
SRAM             0x0000000000000000 0x0000000000ffc000 xw
IDT_LIST         0x0000000000ffc000 0x0000000000000800 xw
*default*        0x0000000000000000 0xffffffffffffffff

Linker script and memory map

LOAD zephyr/CMakeFiles/zephyr_final.dir/misc/empty_file.c.obj
LOAD zephyr/CMakeFiles/zephyr_final.dir/isr_tables.c.obj
LOAD zephyr/CMakeFiles/zephyr_final.dir/dev_handles.c.obj
LOAD zephyr/CMakeFiles/offsets.dir/./arch/arm/core/offsets/offsets.c.obj
                0x0000000000000004                _region_min_align = 0x4

.rel.plt        0x0000000000000000        0x0
 *(SORT_BY_ALIGNMENT(.rel.plt))
                [!provide]                        PROVIDE (__rel_iplt_start = .)
 *(SORT_BY_ALIGNMENT(.rel.iplt))
 .rel.iplt      0x0000000000000000        0x0 zephyr/CMakeFiles/zephyr_final.dir/isr_tables.c.obj
                [!provide]                        PROVIDE (__rel_iplt_end = .)

.rela.plt       0x0000000000000000        0x0
 *(SORT_BY_ALIGNMENT(.rela.plt))
                [!provide]                        PROVIDE (__rela_iplt_start = .)
 *(SORT_BY_ALIGNMENT(.rela.iplt))
                [!provide]                        PROVIDE (__rela_iplt_end = .)

.rel.dyn
 *(SORT_BY_ALIGNMENT(.rel.*))

.rela.dyn
 *(SORT_BY_ALIGNMENT(.rela.*))

/DISCARD/
 *(SORT_BY_ALIGNMENT(.plt))

/DISCARD/
 *(SORT_BY_ALIGNMENT(.iplt))
                0x0000000000000000                _image_rom_start = 0x0

rom_start       0x0000000000000000      0x420
                0x0000000000000000                . = 0x0
                0x0000000000000000                . = ALIGN (0x4)
                0x0000000000000000                . = ALIGN (0x80)
                0x0000000000000000                . = ALIGN (0x400)
                0x0000000000000000                _vector_start = .
 *(SORT_BY_ALIGNMENT(.exc_vector_table))
 *(SORT_BY_ALIGNMENT(.exc_vector_table.*))
 .exc_vector_table._vector_table_section
                0x0000000000000000       0x40 zephyr/arch/arch/arm/core/aarch32/cortex_m/libarch__arm__core__aarch32__cortex_m.a(vector_table.S.obj)
                0x0000000000000000                _vector_table
 *(SORT_BY_ALIGNMENT(.gnu.linkonce.irq_vector_table*))
 .gnu.linkonce.irq_vector_table
                0x0000000000000040      0x3c0 zephyr/CMakeFiles/zephyr_final.dir/isr_tables.c.obj
                0x0000000000000040                _irq_vector_table
 *(SORT_BY_ALIGNMENT(.vectors))
                0x0000000000000400                _vector_end = .
 *(SORT_BY_ALIGNMENT(.sboot))
 .sboot         0x0000000000000400       0x20 zephyr/libzephyr.a(soc.c.obj)
                0x0000000000000400                sbh

text            0x0000000000000420     0x6454
                0x0000000000000420                _image_text_start = .
 *(SORT_BY_ALIGNMENT(.text))
 .text          0x0000000000000420       0x30 /root/zephyr-sdk-0.16.1/arm-zephyr-eabi/bin/../lib/gcc/arm-zephyr-eabi/12.2.0/thumb/v7-m/nofp/libgcc.a(_aeabi_uldivmod.o)
                0x0000000000000420                __aeabi_uldivmod
 .text          0x0000000000000450        0x4 /root/zephyr-sdk-0.16.1/arm-zephyr-eabi/bin/../lib/gcc/arm-zephyr-eabi/12.2.0/thumb/v7-m/nofp/libgcc.a(_dvmd_tls.o)
                0x0000000000000450                __aeabi_ldiv0
                0x0000000000000450                __aeabi_idiv0
 .text          0x0000000000000454      0x2a0 /root/zephyr-sdk-0.16.1/arm-zephyr-eabi/bin/../lib/gcc/arm-zephyr-eabi/12.2.0/thumb/v7-m/nofp/libgcc.a(_udivmoddi4.o)
                0x0000000000000454                __udivmoddi4
 .text          0x00000000000006f4       0x14 /root/zephyr-sdk-0.16.1/arm-zephyr-eabi/arm-zephyr-eabi/lib/thumb/v7-m/nofp/libc_nano.a(lib_a-strcmp.o)
                0x00000000000006f4                strcmp
 .text          0x0000000000000708       0x10 /root/zephyr-sdk-0.16.1/arm-zephyr-eabi/arm-zephyr-eabi/lib/thumb/v7-m/nofp/libc_nano.a(lib_a-strlen.o)
                0x0000000000000708                strlen
 *(SORT_BY_ALIGNMENT(.text.*))
 .text.main     0x0000000000000718       0x64 app/libapp.a(main.c.obj)
                0x0000000000000718                main
 .text.char_out
                0x000000000000077c       0x10 zephyr/libzephyr.a(printk.c.obj)
 .text.__printk_hook_install
                0x000000000000078c        0xc zephyr/libzephyr.a(printk.c.obj)
                0x000000000000078c                __printk_hook_install
 .text.vprintk  0x0000000000000798       0x1c zephyr/libzephyr.a(printk.c.obj)
                0x0000000000000798                vprintk
 .text.vsnprintk
                0x00000000000007b4       0x28 zephyr/libzephyr.a(printk.c.obj)
                0x00000000000007b4                vsnprintk
 .text.sys_heap_init
                0x00000000000007dc      0x140 zephyr/libzephyr.a(heap.c.obj)
                0x00000000000007dc                sys_heap_init
 .text.extract_decimal
                0x000000000000091c       0x2c zephyr/libzephyr.a(cbprintf_complete.c.obj)
 .text.encode_uint
                0x0000000000000948       0x98 zephyr/libzephyr.a(cbprintf_complete.c.obj)
 .text.cbvprintf
                0x00000000000009e0      0x748 zephyr/libzephyr.a(cbprintf_complete.c.obj)
                0x00000000000009e0                cbvprintf
 .text.z_platform_init
                0x0000000000001128       0x20 zephyr/libzephyr.a(soc.c.obj)
                0x0000000000001128                z_platform_init
 .text.__do_init_array_aux
                0x0000000000001148       0x1c zephyr/libzephyr.a(cpp_init_array.c.obj)
                0x0000000000001148                __do_init_array_aux
 .text.__do_global_ctors_aux
                0x0000000000001164       0x1c zephyr/libzephyr.a(cpp_ctors.c.obj)
                0x0000000000001164                __do_global_ctors_aux
 .text.uart_console_init
                0x0000000000001180       0x2c zephyr/libzephyr.a(uart_console.c.obj)
 .text.console_out
                0x00000000000011ac       0x28 zephyr/libzephyr.a(uart_console.c.obj)
 .text.aspeed_clock_control_get_rate
                0x00000000000011d4       0xbc zephyr/libzephyr.a(clock_control_ast26xx.c.obj)
 .text.pinmux_aspeed_get
                0x0000000000001290       0x1c zephyr/libzephyr.a(pinmux_aspeed.c.obj)
 .text.pinmux_aspeed_set
                0x00000000000012ac       0x94 zephyr/libzephyr.a(pinmux_aspeed.c.obj)
 .text.pinmux_aspeed_init
                0x0000000000001340       0x34 zephyr/libzephyr.a(pinmux_aspeed.c.obj)
 .text.elapsed  0x0000000000001374       0x3c zephyr/libzephyr.a(cortex_m_systick.c.obj)
 .text.sys_clock_isr
                0x00000000000013b0       0x44 zephyr/libzephyr.a(cortex_m_systick.c.obj)
                0x00000000000013b0                sys_clock_isr
 .text.sys_clock_driver_init
                0x00000000000013f4       0x34 zephyr/libzephyr.a(cortex_m_systick.c.obj)
                0x00000000000013f4                sys_clock_driver_init
 .text.sys_clock_set_timeout
                0x0000000000001428      0x14c zephyr/libzephyr.a(cortex_m_systick.c.obj)
                0x0000000000001428                sys_clock_set_timeout
 .text.sys_clock_elapsed
                0x0000000000001574       0xa8 zephyr/libzephyr.a(cortex_m_systick.c.obj)
                0x0000000000001574                sys_clock_elapsed
 .text.cache_instr_enable
                0x000000000000161c       0x18 zephyr/libzephyr.a(cache_aspeed.c.obj)
                0x000000000000161c                cache_instr_enable
 .text.arch_swap
                0x0000000000001634       0x38 zephyr/arch/arch/arm/core/aarch32/libarch__arm__core__aarch32.a(swap.c.obj)
                0x0000000000001634                arch_swap
 .text.z_arm_pendsv
                0x000000000000166c       0x4c zephyr/arch/arch/arm/core/aarch32/libarch__arm__core__aarch32.a(swap_helper.S.obj)
                0x000000000000166c                z_arm_pendsv
 .text.z_arm_svc
                0x00000000000016b8       0x20 zephyr/arch/arch/arm/core/aarch32/libarch__arm__core__aarch32.a(swap_helper.S.obj)
                0x00000000000016b8                z_arm_svc
 .text.arch_irq_enable
                0x00000000000016d8       0x1c zephyr/arch/arch/arm/core/aarch32/libarch__arm__core__aarch32.a(irq_manage.c.obj)
                0x00000000000016d8                arch_irq_enable
 .text.z_arm_irq_priority_set
                0x00000000000016f4       0x64 zephyr/arch/arch/arm/core/aarch32/libarch__arm__core__aarch32.a(irq_manage.c.obj)
                0x00000000000016f4                z_arm_irq_priority_set
 .text.arch_new_thread
                0x0000000000001758       0x38 zephyr/arch/arch/arm/core/aarch32/libarch__arm__core__aarch32.a(thread.c.obj)
                0x0000000000001758                arch_new_thread
 .text.arch_switch_to_main_thread
                0x0000000000001790       0x24 zephyr/arch/arch/arm/core/aarch32/libarch__arm__core__aarch32.a(thread.c.obj)
                0x0000000000001790                arch_switch_to_main_thread
 .text.z_arm_cpu_idle_init
                0x00000000000017b4        0xc zephyr/arch/arch/arm/core/aarch32/libarch__arm__core__aarch32.a(cpu_idle.S.obj)
                0x00000000000017b4                z_arm_cpu_idle_init
 .text.arch_cpu_idle
                0x00000000000017c0       0x1c zephyr/arch/arch/arm/core/aarch32/libarch__arm__core__aarch32.a(cpu_idle.S.obj)
                0x00000000000017c0                arch_cpu_idle
 .text.z_SysNmiOnReset
                0x00000000000017dc        0x8 zephyr/arch/arch/arm/core/aarch32/libarch__arm__core__aarch32.a(nmi_on_reset.S.obj)
                0x00000000000017dc                z_SysNmiOnReset
 .text.z_arm_prep_c
                0x00000000000017e4       0x28 zephyr/arch/arch/arm/core/aarch32/libarch__arm__core__aarch32.a(prep_c.c.obj)
                0x00000000000017e4                z_arm_prep_c
 .text._isr_wrapper
                0x000000000000180c       0x28 zephyr/arch/arch/arm/core/aarch32/libarch__arm__core__aarch32.a(isr_wrapper.S.obj)
                0x000000000000180c                _isr_wrapper
 .text._reset_section
                0x0000000000001834       0x3c zephyr/arch/arch/arm/core/aarch32/cortex_m/libarch__arm__core__aarch32__cortex_m.a(reset.S.obj)
                0x0000000000001834                z_arm_reset
                0x0000000000001834                __start
 .text.__fault  0x0000000000001870       0x14 zephyr/arch/arch/arm/core/aarch32/cortex_m/libarch__arm__core__aarch32__cortex_m.a(fault_s.S.obj)
                0x0000000000001870                z_arm_bus_fault
                0x0000000000001870                z_arm_usage_fault
                0x0000000000001870                z_arm_mpu_fault
                0x0000000000001870                z_arm_exc_spurious
                0x0000000000001870                z_arm_debug_monitor
                0x0000000000001870                z_arm_hard_fault
 .text.bus_fault.constprop.0
                0x0000000000001884       0x34 zephyr/arch/arch/arm/core/aarch32/cortex_m/libarch__arm__core__aarch32__cortex_m.a(fault.c.obj)
 .text.mem_manage_fault.constprop.0
                0x00000000000018b8       0x7c zephyr/arch/arch/arm/core/aarch32/cortex_m/libarch__arm__core__aarch32__cortex_m.a(fault.c.obj)
 .text.z_arm_fault
                0x0000000000001934      0x12c zephyr/arch/arch/arm/core/aarch32/cortex_m/libarch__arm__core__aarch32__cortex_m.a(fault.c.obj)
                0x0000000000001934                z_arm_fault
 .text.z_arm_fault_init
                0x0000000000001a60       0x10 zephyr/arch/arch/arm/core/aarch32/cortex_m/libarch__arm__core__aarch32__cortex_m.a(fault.c.obj)
                0x0000000000001a60                z_arm_fault_init
 .text._HandlerModeExit
                0x0000000000001a70       0x28 zephyr/arch/arch/arm/core/aarch32/cortex_m/libarch__arm__core__aarch32__cortex_m.a(exc_exit.S.obj)
                0x0000000000001a70                z_arm_exc_exit
                0x0000000000001a70                z_arm_int_exit
 .text.z_arm_interrupt_init
                0x0000000000001a98       0x18 zephyr/arch/arch/arm/core/aarch32/cortex_m/libarch__arm__core__aarch32__cortex_m.a(irq_init.c.obj)
                0x0000000000001a98                z_arm_interrupt_init
 .text.z_impl_k_thread_abort
                0x0000000000001ab0       0x24 zephyr/arch/arch/arm/core/aarch32/cortex_m/libarch__arm__core__aarch32__cortex_m.a(thread_abort.c.obj)
                0x0000000000001ab0                z_impl_k_thread_abort
 .text.malloc_prepare
                0x0000000000001ad4       0x40 zephyr/lib/libc/newlib/liblib__libc__newlib.a(libc-hooks.c.obj)
 .text.__stdout_hook_install
                0x0000000000001b14        0xc zephyr/lib/libc/newlib/liblib__libc__newlib.a(libc-hooks.c.obj)
                0x0000000000001b14                __stdout_hook_install
 .text.z_impl_zephyr_read_stdin
                0x0000000000001b20       0x28 zephyr/lib/libc/newlib/liblib__libc__newlib.a(libc-hooks.c.obj)
                0x0000000000001b20                z_impl_zephyr_read_stdin
 .text.z_impl_zephyr_write_stdout
                0x0000000000001b48       0x30 zephyr/lib/libc/newlib/liblib__libc__newlib.a(libc-hooks.c.obj)
                0x0000000000001b48                z_impl_zephyr_write_stdout
 .text._sbrk    0x0000000000001b78       0x24 zephyr/lib/libc/newlib/liblib__libc__newlib.a(libc-hooks.c.obj)
                0x0000000000001b78                _sbrk
                0x0000000000001b78                sbrk
 .text.__malloc_lock
                0x0000000000001b9c       0x14 zephyr/lib/libc/newlib/liblib__libc__newlib.a(libc-hooks.c.obj)
                0x0000000000001b9c                __malloc_lock
 .text.__malloc_unlock
                0x0000000000001bb0        0xc zephyr/lib/libc/newlib/liblib__libc__newlib.a(libc-hooks.c.obj)
                0x0000000000001bb0                __malloc_unlock
 .text.uart_aspeed_poll_in
                0x0000000000001bbc       0xd0 zephyr/drivers/serial/libdrivers__serial.a(uart_aspeed.c.obj)
 .text.uart_aspeed_poll_out
                0x0000000000001c8c       0xd8 zephyr/drivers/serial/libdrivers__serial.a(uart_aspeed.c.obj)
 .text.uart_aspeed_err_check
                0x0000000000001d64       0x90 zephyr/drivers/serial/libdrivers__serial.a(uart_aspeed.c.obj)
 .text.uart_aspeed_fifo_fill
                0x0000000000001df4      0x14c zephyr/drivers/serial/libdrivers__serial.a(uart_aspeed.c.obj)
 .text.uart_aspeed_fifo_read
                0x0000000000001f40      0x144 zephyr/drivers/serial/libdrivers__serial.a(uart_aspeed.c.obj)
 .text.uart_aspeed_irq_tx_enable
                0x0000000000002084      0x118 zephyr/drivers/serial/libdrivers__serial.a(uart_aspeed.c.obj)
 .text.uart_aspeed_irq_tx_disable
                0x000000000000219c      0x118 zephyr/drivers/serial/libdrivers__serial.a(uart_aspeed.c.obj)
 .text.uart_aspeed_irq_tx_ready
                0x00000000000022b4      0x134 zephyr/drivers/serial/libdrivers__serial.a(uart_aspeed.c.obj)
 .text.uart_aspeed_irq_tx_complete
                0x00000000000023e8      0x128 zephyr/drivers/serial/libdrivers__serial.a(uart_aspeed.c.obj)
 .text.uart_aspeed_irq_rx_enable
                0x0000000000002510      0x118 zephyr/drivers/serial/libdrivers__serial.a(uart_aspeed.c.obj)
 .text.uart_aspeed_irq_rx_disable
                0x0000000000002628      0x118 zephyr/drivers/serial/libdrivers__serial.a(uart_aspeed.c.obj)
 .text.uart_aspeed_irq_rx_ready
                0x0000000000002740       0xb4 zephyr/drivers/serial/libdrivers__serial.a(uart_aspeed.c.obj)
 .text.uart_aspeed_irq_err_enable
                0x00000000000027f4       0x98 zephyr/drivers/serial/libdrivers__serial.a(uart_aspeed.c.obj)
 .text.uart_aspeed_irq_err_disable
                0x000000000000288c       0x98 zephyr/drivers/serial/libdrivers__serial.a(uart_aspeed.c.obj)
 .text.uart_aspeed_irq_is_pending
                0x0000000000002924       0xb0 zephyr/drivers/serial/libdrivers__serial.a(uart_aspeed.c.obj)
 .text.uart_aspeed_irq_update
                0x00000000000029d4       0x98 zephyr/drivers/serial/libdrivers__serial.a(uart_aspeed.c.obj)
 .text.uart_aspeed_irq_callback_set
                0x0000000000002a6c       0x8c zephyr/drivers/serial/libdrivers__serial.a(uart_aspeed.c.obj)
 .text.udma_aspeed_isr
                0x0000000000002af8       0xcc zephyr/drivers/serial/libdrivers__serial.a(uart_aspeed.c.obj)
 .text.uart_aspeed_configure
                0x0000000000002bc4      0x130 zephyr/drivers/serial/libdrivers__serial.a(uart_aspeed.c.obj)
 .text.uart_aspeed_init
                0x0000000000002cf4      0x180 zephyr/drivers/serial/libdrivers__serial.a(uart_aspeed.c.obj)
 .text.z_sys_init_run_level
                0x0000000000002e74       0x40 zephyr/kernel/libkernel.a(device.c.obj)
                0x0000000000002e74                z_sys_init_run_level
 .text.z_impl_device_get_binding
                0x0000000000002eb4       0x54 zephyr/kernel/libkernel.a(device.c.obj)
                0x0000000000002eb4                z_impl_device_get_binding
 .text.z_fatal_error
                0x0000000000002f08       0xa4 zephyr/kernel/libkernel.a(fatal.c.obj)
                0x0000000000002f08                z_fatal_error
 .text.z_bss_zero
                0x0000000000002fac       0x14 zephyr/kernel/libkernel.a(init.c.obj)
                0x0000000000002fac                z_bss_zero
 .text.bg_thread_main
                0x0000000000002fc0       0x3c zephyr/kernel/libkernel.a(init.c.obj)
 .text.z_cstart
                0x0000000000002ffc      0x11c zephyr/kernel/libkernel.a(init.c.obj)
                0x0000000000002ffc                z_cstart
 .text.init_mem_slab_module
                0x0000000000003118       0x74 zephyr/kernel/libkernel.a(mem_slab.c.obj)
 .text.z_impl_k_thread_name_set
                0x000000000000318c       0x20 zephyr/kernel/libkernel.a(thread.c.obj)
                0x000000000000318c                z_impl_k_thread_name_set
 .text.z_check_stack_sentinel
                0x00000000000031ac       0x30 zephyr/kernel/libkernel.a(thread.c.obj)
                0x00000000000031ac                z_check_stack_sentinel
 .text.z_spin_lock_valid
                0x00000000000031dc       0x1c zephyr/kernel/libkernel.a(thread.c.obj)
                0x00000000000031dc                z_spin_lock_valid
 .text.z_spin_unlock_valid
                0x00000000000031f8       0x1c zephyr/kernel/libkernel.a(thread.c.obj)
                0x00000000000031f8                z_spin_unlock_valid
 .text.z_spin_lock_set_owner
                0x0000000000003214       0x10 zephyr/kernel/libkernel.a(thread.c.obj)
                0x0000000000003214                z_spin_lock_set_owner
 .text.z_thread_monitor_exit
                0x0000000000003224       0xac zephyr/kernel/libkernel.a(thread.c.obj)
                0x0000000000003224                z_thread_monitor_exit
 .text.z_setup_new_thread
                0x00000000000032d0      0x190 zephyr/kernel/libkernel.a(thread.c.obj)
                0x00000000000032d0                z_setup_new_thread
 .text.z_impl_k_thread_create
                0x0000000000003460       0xa0 zephyr/kernel/libkernel.a(thread.c.obj)
                0x0000000000003460                z_impl_k_thread_create
 .text.z_init_static_threads
                0x0000000000003500       0xf4 zephyr/kernel/libkernel.a(thread.c.obj)
                0x0000000000003500                z_init_static_threads
 .text.idle     0x00000000000035f4       0x48 zephyr/kernel/libkernel.a(idle.c.obj)
                0x00000000000035f4                idle
 .text.z_impl_k_mutex_lock
                0x000000000000363c      0x1f4 zephyr/kernel/libkernel.a(mutex.c.obj)
                0x000000000000363c                z_impl_k_mutex_lock
 .text.z_impl_k_mutex_unlock
                0x0000000000003830      0x188 zephyr/kernel/libkernel.a(mutex.c.obj)
                0x0000000000003830                z_impl_k_mutex_unlock
 .text.z_impl_k_sem_give
                0x00000000000039b8       0x88 zephyr/kernel/libkernel.a(sem.c.obj)
                0x00000000000039b8                z_impl_k_sem_give
 .text.z_reset_time_slice
                0x0000000000003a40       0x2c zephyr/kernel/libkernel.a(sched.c.obj)
                0x0000000000003a40                z_reset_time_slice
 .text.update_cache
                0x0000000000003a6c       0x70 zephyr/kernel/libkernel.a(sched.c.obj)
 .text.ready_thread
                0x0000000000003adc       0xa0 zephyr/kernel/libkernel.a(sched.c.obj)
 .text.k_sched_time_slice_set
                0x0000000000003b7c       0xb8 zephyr/kernel/libkernel.a(sched.c.obj)
                0x0000000000003b7c                k_sched_time_slice_set
 .text.z_ready_thread
                0x0000000000003c34       0x90 zephyr/kernel/libkernel.a(sched.c.obj)
                0x0000000000003c34                z_ready_thread
 .text.z_reschedule
                0x0000000000003cc4       0x88 zephyr/kernel/libkernel.a(sched.c.obj)
                0x0000000000003cc4                z_reschedule
 .text.z_sched_start
                0x0000000000003d4c       0xa8 zephyr/kernel/libkernel.a(sched.c.obj)
                0x0000000000003d4c                z_sched_start
 .text.k_sched_lock
                0x0000000000003df4       0xe8 zephyr/kernel/libkernel.a(sched.c.obj)
                0x0000000000003df4                k_sched_lock
 .text.k_sched_unlock
                0x0000000000003edc       0xf8 zephyr/kernel/libkernel.a(sched.c.obj)
                0x0000000000003edc                k_sched_unlock
 .text.z_priq_dumb_remove
                0x0000000000003fd4       0x44 zephyr/kernel/libkernel.a(sched.c.obj)
                0x0000000000003fd4                z_priq_dumb_remove
 .text.unready_thread
                0x0000000000004018       0x38 zephyr/kernel/libkernel.a(sched.c.obj)
 .text.add_to_waitq_locked
                0x0000000000004050       0x80 zephyr/kernel/libkernel.a(sched.c.obj)
 .text.pend     0x00000000000040d0       0xbc zephyr/kernel/libkernel.a(sched.c.obj)
 .text.z_pend_curr
                0x000000000000418c       0x60 zephyr/kernel/libkernel.a(sched.c.obj)
                0x000000000000418c                z_pend_curr
 .text.move_thread_to_end_of_prio_q
                0x00000000000041ec       0xa8 zephyr/kernel/libkernel.a(sched.c.obj)
 .text.z_time_slice
                0x0000000000004294       0xec zephyr/kernel/libkernel.a(sched.c.obj)
                0x0000000000004294                z_time_slice
 .text.z_set_prio
                0x0000000000004380      0x134 zephyr/kernel/libkernel.a(sched.c.obj)
                0x0000000000004380                z_set_prio
 .text.unpend_thread_no_timeout
                0x00000000000044b4       0x44 zephyr/kernel/libkernel.a(sched.c.obj)
 .text.z_unpend_thread
                0x00000000000044f8       0x98 zephyr/kernel/libkernel.a(sched.c.obj)
                0x00000000000044f8                z_unpend_thread
 .text.z_thread_timeout
                0x0000000000004590       0xb4 zephyr/kernel/libkernel.a(sched.c.obj)
                0x0000000000004590                z_thread_timeout
 .text.z_unpend_first_thread
                0x0000000000004644       0xa4 zephyr/kernel/libkernel.a(sched.c.obj)
                0x0000000000004644                z_unpend_first_thread
 .text.z_sched_init
                0x00000000000046e8       0x18 zephyr/kernel/libkernel.a(sched.c.obj)
                0x00000000000046e8                z_sched_init
 .text.z_impl_k_yield
                0x0000000000004700      0x144 zephyr/kernel/libkernel.a(sched.c.obj)
                0x0000000000004700                z_impl_k_yield
 .text.z_impl_k_current_get
                0x0000000000004844        0xc zephyr/kernel/libkernel.a(sched.c.obj)
                0x0000000000004844                z_impl_k_current_get
 .text.z_impl_k_is_preempt_thread
                0x0000000000004850       0x20 zephyr/kernel/libkernel.a(sched.c.obj)
                0x0000000000004850                z_impl_k_is_preempt_thread
 .text.z_thread_abort
                0x0000000000004870      0x16c zephyr/kernel/libkernel.a(sched.c.obj)
                0x0000000000004870                z_thread_abort
 .text.z_sched_wake
                0x00000000000049dc       0xbc zephyr/kernel/libkernel.a(sched.c.obj)
                0x00000000000049dc                z_sched_wake
 .text.z_sched_wait
                0x0000000000004a98       0x24 zephyr/kernel/libkernel.a(sched.c.obj)
                0x0000000000004a98                z_sched_wait
 .text.elapsed  0x0000000000004abc       0x14 zephyr/kernel/libkernel.a(timeout.c.obj)
 .text.next_timeout
                0x0000000000004ad0       0x54 zephyr/kernel/libkernel.a(timeout.c.obj)
 .text.remove_timeout
                0x0000000000004b24       0x34 zephyr/kernel/libkernel.a(timeout.c.obj)
 .text.z_add_timeout
                0x0000000000004b58      0x190 zephyr/kernel/libkernel.a(timeout.c.obj)
                0x0000000000004b58                z_add_timeout
 .text.z_abort_timeout
                0x0000000000004ce8       0x9c zephyr/kernel/libkernel.a(timeout.c.obj)
                0x0000000000004ce8                z_abort_timeout
 .text.z_set_timeout_expiry
                0x0000000000004d84       0xa4 zephyr/kernel/libkernel.a(timeout.c.obj)
                0x0000000000004d84                z_set_timeout_expiry
 .text.sys_clock_announce
                0x0000000000004e28      0x174 zephyr/kernel/libkernel.a(timeout.c.obj)
                0x0000000000004e28                sys_clock_announce
 .text.signal_poll_event
                0x0000000000004f9c       0xe8 zephyr/kernel/libkernel.a(poll.c.obj)
 .text.boot_banner
                0x0000000000005084       0x18 zephyr/kernel/libkernel.a(banner.c.obj)
                0x0000000000005084                boot_banner
 .text.statics_init
                0x000000000000509c       0x54 zephyr/kernel/libkernel.a(kheap.c.obj)
 .text.k_sys_work_q_init
                0x00000000000050f0       0x34 zephyr/kernel/libkernel.a(system_work_q.c.obj)
 .text.work_queue_main
                0x0000000000005124      0x224 zephyr/kernel/libkernel.a(work.c.obj)
 .text.submit_to_queue_locked
                0x0000000000005348       0xd8 zephyr/kernel/libkernel.a(work.c.obj)
 .text.k_work_submit_to_queue
                0x0000000000005420       0xc8 zephyr/kernel/libkernel.a(work.c.obj)
                0x0000000000005420                k_work_submit_to_queue
 .text.k_work_queue_start
                0x00000000000054e8       0xe4 zephyr/kernel/libkernel.a(work.c.obj)
                0x00000000000054e8                k_work_queue_start
 .text._free_r  0x00000000000055cc       0x90 /root/zephyr-sdk-0.16.1/arm-zephyr-eabi/arm-zephyr-eabi/lib/thumb/v7-m/nofp/libc_nano.a(lib_a-nano-freer.o)
                0x00000000000055cc                _free_r
 .text._malloc_r
                0x000000000000565c       0xb4 /root/zephyr-sdk-0.16.1/arm-zephyr-eabi/arm-zephyr-eabi/lib/thumb/v7-m/nofp/libc_nano.a(lib_a-nano-mallocr.o)
                0x000000000000565c                _malloc_r
 .text._vfprintf_r
                0x0000000000005710      0x258 /root/zephyr-sdk-0.16.1/arm-zephyr-eabi/arm-zephyr-eabi/lib/thumb/v7-m/nofp/libc_nano.a(lib_a-nano-vfprintf.o)
                0x0000000000005710                _vfiprintf_r
                0x0000000000005710                _vfprintf_r
 .text._printf_i
                0x0000000000005968      0x25c /root/zephyr-sdk-0.16.1/arm-zephyr-eabi/arm-zephyr-eabi/lib/thumb/v7-m/nofp/libc_nano.a(lib_a-nano-vfprintf_i.o)
                0x0000000000005968                _printf_i
 .text.printf   0x0000000000005bc4       0x30 /root/zephyr-sdk-0.16.1/arm-zephyr-eabi/arm-zephyr-eabi/lib/thumb/v7-m/nofp/libc_nano.a(lib_a-printf.o)
                0x0000000000005bc4                printf
                0x0000000000005bc4                iprintf
 .text._sbrk_r  0x0000000000005bf4       0x20 /root/zephyr-sdk-0.16.1/arm-zephyr-eabi/arm-zephyr-eabi/lib/thumb/v7-m/nofp/libc_nano.a(lib_a-sbrkr.o)
                0x0000000000005bf4                _sbrk_r
 .text.__swbuf_r
                0x0000000000005c14       0xa4 /root/zephyr-sdk-0.16.1/arm-zephyr-eabi/arm-zephyr-eabi/lib/thumb/v7-m/nofp/libc_nano.a(lib_a-wbuf.o)
                0x0000000000005c14                __swbuf_r
 .text.__swsetup_r
                0x0000000000005cb8       0xd8 /root/zephyr-sdk-0.16.1/arm-zephyr-eabi/arm-zephyr-eabi/lib/thumb/v7-m/nofp/libc_nano.a(lib_a-wsetup.o)
                0x0000000000005cb8                __swsetup_r
 .text._fflush_r
                0x0000000000005d90       0x78 /root/zephyr-sdk-0.16.1/arm-zephyr-eabi/arm-zephyr-eabi/lib/thumb/v7-m/nofp/libc_nano.a(lib_a-fflush.o)
                0x0000000000005d90                _fflush_r
 .text.std      0x0000000000005e08       0x48 /root/zephyr-sdk-0.16.1/arm-zephyr-eabi/arm-zephyr-eabi/lib/thumb/v7-m/nofp/libc_nano.a(lib_a-findfp.o)
 .text._cleanup_r
                0x0000000000005e50        0xc /root/zephyr-sdk-0.16.1/arm-zephyr-eabi/arm-zephyr-eabi/lib/thumb/v7-m/nofp/libc_nano.a(lib_a-findfp.o)
                0x0000000000005e50                _cleanup_r
 .text.__sfp_lock_acquire
                0x0000000000005e5c        0xc /root/zephyr-sdk-0.16.1/arm-zephyr-eabi/arm-zephyr-eabi/lib/thumb/v7-m/nofp/libc_nano.a(lib_a-findfp.o)
                0x0000000000005e5c                __sfp_lock_acquire
 .text.__sfp_lock_release
                0x0000000000005e68        0xc /root/zephyr-sdk-0.16.1/arm-zephyr-eabi/arm-zephyr-eabi/lib/thumb/v7-m/nofp/libc_nano.a(lib_a-findfp.o)
                0x0000000000005e68                __sfp_lock_release
 .text.__sinit_lock_acquire
                0x0000000000005e74        0xc /root/zephyr-sdk-0.16.1/arm-zephyr-eabi/arm-zephyr-eabi/lib/thumb/v7-m/nofp/libc_nano.a(lib_a-findfp.o)
                0x0000000000005e74                __sinit_lock_acquire
 .text.__sinit_lock_release
                0x0000000000005e80        0xc /root/zephyr-sdk-0.16.1/arm-zephyr-eabi/arm-zephyr-eabi/lib/thumb/v7-m/nofp/libc_nano.a(lib_a-findfp.o)
                0x0000000000005e80                __sinit_lock_release
 .text.__sinit  0x0000000000005e8c       0x70 /root/zephyr-sdk-0.16.1/arm-zephyr-eabi/arm-zephyr-eabi/lib/thumb/v7-m/nofp/libc_nano.a(lib_a-findfp.o)
                0x0000000000005e8c                __sinit
 .text.__sfp    0x0000000000005efc       0x8c /root/zephyr-sdk-0.16.1/arm-zephyr-eabi/arm-zephyr-eabi/lib/thumb/v7-m/nofp/libc_nano.a(lib_a-findfp.o)
                0x0000000000005efc                __sfp
 .text.__smakebuf_r
                0x0000000000005f88       0x80 /root/zephyr-sdk-0.16.1/arm-zephyr-eabi/arm-zephyr-eabi/lib/thumb/v7-m/nofp/libc_nano.a(lib_a-makebuf.o)
                0x0000000000005f88                __smakebuf_r
 .text._write_r
                0x0000000000006008       0x24 /root/zephyr-sdk-0.16.1/arm-zephyr-eabi/arm-zephyr-eabi/lib/thumb/v7-m/nofp/libc_nano.a(lib_a-writer.o)
                0x0000000000006008                _write_r
 .text._close_r
                0x000000000000602c       0x20 /root/zephyr-sdk-0.16.1/arm-zephyr-eabi/arm-zephyr-eabi/lib/thumb/v7-m/nofp/libc_nano.a(lib_a-closer.o)
                0x000000000000602c                _close_r
 .text._fstat_r
                0x000000000000604c       0x24 /root/zephyr-sdk-0.16.1/arm-zephyr-eabi/arm-zephyr-eabi/lib/thumb/v7-m/nofp/libc_nano.a(lib_a-fstatr.o)
                0x000000000000604c                _fstat_r
 .text._isatty_r
                0x0000000000006070       0x20 /root/zephyr-sdk-0.16.1/arm-zephyr-eabi/arm-zephyr-eabi/lib/thumb/v7-m/nofp/libc_nano.a(lib_a-isattyr.o)
                0x0000000000006070                _isatty_r
 .text._lseek_r
                0x0000000000006090       0x24 /root/zephyr-sdk-0.16.1/arm-zephyr-eabi/arm-zephyr-eabi/lib/thumb/v7-m/nofp/libc_nano.a(lib_a-lseekr.o)
                0x0000000000006090                _lseek_r
 .text._read_r  0x00000000000060b4       0x24 /root/zephyr-sdk-0.16.1/arm-zephyr-eabi/arm-zephyr-eabi/lib/thumb/v7-m/nofp/libc_nano.a(lib_a-readr.o)
                0x00000000000060b4                _read_r
 .text._OffsetAbsSyms
                0x00000000000060d8        0x2 zephyr/CMakeFiles/offsets.dir/./arch/arm/core/offsets/offsets.c.obj
                0x00000000000060d8                _OffsetAbsSyms
 .text.arch_printk_char_out
                0x00000000000060da        0x4 zephyr/libzephyr.a(printk.c.obj)
                0x00000000000060da                arch_printk_char_out
 .text.str_out  0x00000000000060de       0x26 zephyr/libzephyr.a(printk.c.obj)
 .text.printk   0x0000000000006104       0x1a zephyr/libzephyr.a(printk.c.obj)
                0x0000000000006104                printk
 .text.snprintk
                0x000000000000611e       0x1a zephyr/libzephyr.a(printk.c.obj)
                0x000000000000611e                snprintk
 .text.z_thread_entry
                0x0000000000006138       0x14 zephyr/libzephyr.a(thread_entry.c.obj)
                0x0000000000006138                z_thread_entry
 .text.chunk_field
                0x000000000000614c       0x16 zephyr/libzephyr.a(heap.c.obj)
 .text.chunk_set
                0x0000000000006162       0x16 zephyr/libzephyr.a(heap.c.obj)
 .text.chunk_size
                0x0000000000006178        0xc zephyr/libzephyr.a(heap.c.obj)
 .text.set_chunk_used
                0x0000000000006184       0x30 zephyr/libzephyr.a(heap.c.obj)
 .text.set_chunk_size
                0x00000000000061b4        0x8 zephyr/libzephyr.a(heap.c.obj)
 .text.bytes_to_chunksz.isra.0
                0x00000000000061bc       0x12 zephyr/libzephyr.a(heap.c.obj)
 .text.bucket_idx.isra.0
                0x00000000000061ce       0x18 zephyr/libzephyr.a(heap.c.obj)
 .text.free_list_add
                0x00000000000061e6       0x84 zephyr/libzephyr.a(heap.c.obj)
 .text.outs     0x000000000000626a       0x2e zephyr/libzephyr.a(cbprintf_complete.c.obj)
 .text.assert_post_action
                0x0000000000006298        0xe zephyr/libzephyr.a(assert.c.obj)
                0x0000000000006298                assert_post_action
 .text._ConfigAbsSyms
                0x00000000000062a6        0x2 zephyr/libzephyr.a(configs.c.obj)
                0x00000000000062a6                _ConfigAbsSyms
 .text.aspeed_clock_control_on
                0x00000000000062a8       0x1c zephyr/libzephyr.a(clock_control_ast26xx.c.obj)
 .text.aspeed_clock_control_off
                0x00000000000062c4       0x1c zephyr/libzephyr.a(clock_control_ast26xx.c.obj)
 .text.aspeed_clock_control_init
                0x00000000000062e0        0x4 zephyr/libzephyr.a(clock_control_ast26xx.c.obj)
 .text.aspeed_reset_control_deassert
                0x00000000000062e4       0x16 zephyr/libzephyr.a(reset_control_aspeed.c.obj)
 .text.aspeed_reset_control_assert
                0x00000000000062fa       0x14 zephyr/libzephyr.a(reset_control_aspeed.c.obj)
 .text.aspeed_reset_control_init
                0x000000000000630e        0x4 zephyr/libzephyr.a(reset_control_aspeed.c.obj)
 .text.pinmux_aspeed_pullup
                0x0000000000006312        0x6 zephyr/libzephyr.a(pinmux_aspeed.c.obj)
 .text.pinmux_aspeed_input
                0x0000000000006318        0x6 zephyr/libzephyr.a(pinmux_aspeed.c.obj)
 .text.z_irq_spurious
                0x000000000000631e        0x8 zephyr/arch/arch/arm/core/aarch32/libarch__arm__core__aarch32.a(irq_manage.c.obj)
                0x000000000000631e                z_irq_spurious
 .text.z_arm_fatal_error
                0x0000000000006326        0x4 zephyr/arch/arch/arm/core/aarch32/libarch__arm__core__aarch32.a(fatal.c.obj)
                0x0000000000006326                z_arm_fatal_error
 .text.z_do_kernel_oops
                0x000000000000632a        0x8 zephyr/arch/arch/arm/core/aarch32/libarch__arm__core__aarch32.a(fatal.c.obj)
                0x000000000000632a                z_do_kernel_oops
 .text.z_arm_nmi
                0x0000000000006332        0xe zephyr/arch/arch/arm/core/aarch32/libarch__arm__core__aarch32.a(nmi.c.obj)
                0x0000000000006332                z_arm_nmi
 .text._stdout_hook_default
                0x0000000000006340        0x6 zephyr/lib/libc/newlib/liblib__libc__newlib.a(libc-hooks.c.obj)
 .text._stdin_hook_default
                0x0000000000006346        0x4 zephyr/lib/libc/newlib/liblib__libc__newlib.a(libc-hooks.c.obj)
 .text._read    0x000000000000634a        0x8 zephyr/lib/libc/newlib/liblib__libc__newlib.a(libc-hooks.c.obj)
                0x000000000000634a                read
                0x000000000000634a                _read
 .text._write   0x0000000000006352        0x8 zephyr/lib/libc/newlib/liblib__libc__newlib.a(libc-hooks.c.obj)
                0x0000000000006352                write
                0x0000000000006352                _write
 .text._close   0x000000000000635a        0x6 zephyr/lib/libc/newlib/liblib__libc__newlib.a(libc-hooks.c.obj)
                0x000000000000635a                close
                0x000000000000635a                _close
 .text._lseek   0x0000000000006360        0x4 zephyr/lib/libc/newlib/liblib__libc__newlib.a(libc-hooks.c.obj)
                0x0000000000006360                lseek
                0x0000000000006360                _lseek
 .text._isatty  0x0000000000006364        0xa zephyr/lib/libc/newlib/liblib__libc__newlib.a(libc-hooks.c.obj)
                0x0000000000006364                isatty
                0x0000000000006364                _isatty
 .text._fstat   0x000000000000636e        0xa zephyr/lib/libc/newlib/liblib__libc__newlib.a(libc-hooks.c.obj)
                0x000000000000636e                _fstat
                0x000000000000636e                fstat
 .text.uart_aspeed_config_get
                0x0000000000006378       0x1a zephyr/drivers/serial/libdrivers__serial.a(uart_aspeed.c.obj)
 .text.uart_aspeed_isr
                0x0000000000006392        0xc zephyr/drivers/serial/libdrivers__serial.a(uart_aspeed.c.obj)
 .text.uart_aspeed_irq_config_func_0
                0x000000000000639e       0x1e zephyr/drivers/serial/libdrivers__serial.a(uart_aspeed.c.obj)
 .text.z_device_state_init
                0x00000000000063bc        0x2 zephyr/kernel/libkernel.a(device.c.obj)
                0x00000000000063bc                z_device_state_init
 .text.z_device_ready
                0x00000000000063be       0x14 zephyr/kernel/libkernel.a(device.c.obj)
                0x00000000000063be                z_device_ready
 .text.arch_system_halt
                0x00000000000063d2       0x12 zephyr/kernel/libkernel.a(fatal.c.obj)
                0x00000000000063d2                arch_system_halt
 .text.k_sys_fatal_error_handler
                0x00000000000063e4        0x6 zephyr/kernel/libkernel.a(fatal.c.obj)
                0x00000000000063e4                k_sys_fatal_error_handler
 .text.k_is_in_isr
                0x00000000000063ea        0xc zephyr/kernel/libkernel.a(thread.c.obj)
                0x00000000000063ea                k_is_in_isr
 .text.z_impl_k_thread_start
                0x00000000000063f6        0x4 zephyr/kernel/libkernel.a(thread.c.obj)
                0x00000000000063f6                z_impl_k_thread_start
 .text.adjust_owner_prio.isra.0
                0x00000000000063fa       0x10 zephyr/kernel/libkernel.a(mutex.c.obj)
 .text.z_swap_irqlock
                0x000000000000640a       0x12 zephyr/kernel/libkernel.a(sched.c.obj)
 .text.z_reschedule_irqlock
                0x000000000000641c       0x18 zephyr/kernel/libkernel.a(sched.c.obj)
                0x000000000000641c                z_reschedule_irqlock
 .text.z_reschedule_unlocked
                0x0000000000006434       0x14 zephyr/kernel/libkernel.a(sched.c.obj)
 .text.z_handle_obj_poll_events
                0x0000000000006448       0x1c zephyr/kernel/libkernel.a(poll.c.obj)
                0x0000000000006448                z_handle_obj_poll_events
 .text.k_heap_init
                0x0000000000006464       0x10 zephyr/kernel/libkernel.a(kheap.c.obj)
                0x0000000000006464                k_heap_init
 .text.flag_test_and_clear
                0x0000000000006474       0x16 zephyr/kernel/libkernel.a(work.c.obj)
 .text.notify_queue_locked.isra.0
                0x000000000000648a        0xe zephyr/kernel/libkernel.a(work.c.obj)
 .text.memset   0x0000000000006498       0x10 /root/zephyr-sdk-0.16.1/arm-zephyr-eabi/arm-zephyr-eabi/lib/thumb/v7-m/nofp/libc_nano.a(lib_a-memset.o)
                0x0000000000006498                memset
 .text.__sfputc_r
                0x00000000000064a8       0x2a /root/zephyr-sdk-0.16.1/arm-zephyr-eabi/arm-zephyr-eabi/lib/thumb/v7-m/nofp/libc_nano.a(lib_a-nano-vfprintf.o)
 .text.__sfputs_r
                0x00000000000064d2       0x24 /root/zephyr-sdk-0.16.1/arm-zephyr-eabi/arm-zephyr-eabi/lib/thumb/v7-m/nofp/libc_nano.a(lib_a-nano-vfprintf.o)
                0x00000000000064d2                __sfputs_r
 .text._printf_common
                0x00000000000064f6       0xe4 /root/zephyr-sdk-0.16.1/arm-zephyr-eabi/arm-zephyr-eabi/lib/thumb/v7-m/nofp/libc_nano.a(lib_a-nano-vfprintf_i.o)
                0x00000000000064f6                _printf_common
 .text.strncpy  0x00000000000065da       0x26 /root/zephyr-sdk-0.16.1/arm-zephyr-eabi/arm-zephyr-eabi/lib/thumb/v7-m/nofp/libc_nano.a(lib_a-strncpy.o)
                0x00000000000065da                strncpy
 .text.strnlen  0x0000000000006600       0x18 /root/zephyr-sdk-0.16.1/arm-zephyr-eabi/arm-zephyr-eabi/lib/thumb/v7-m/nofp/libc_nano.a(lib_a-strnlen.o)
                0x0000000000006600                strnlen
 .text.__sflush_r
                0x0000000000006618      0x100 /root/zephyr-sdk-0.16.1/arm-zephyr-eabi/arm-zephyr-eabi/lib/thumb/v7-m/nofp/libc_nano.a(lib_a-fflush.o)
                0x0000000000006618                __sflush_r
 .text.__sfmoreglue
                0x0000000000006718       0x2c /root/zephyr-sdk-0.16.1/arm-zephyr-eabi/arm-zephyr-eabi/lib/thumb/v7-m/nofp/libc_nano.a(lib_a-findfp.o)
                0x0000000000006718                __sfmoreglue
 .text._fwalk_reent
                0x0000000000006744       0x3e /root/zephyr-sdk-0.16.1/arm-zephyr-eabi/arm-zephyr-eabi/lib/thumb/v7-m/nofp/libc_nano.a(lib_a-fwalk.o)
                0x0000000000006744                _fwalk_reent
 .text.__retarget_lock_init_recursive
                0x0000000000006782        0x2 /root/zephyr-sdk-0.16.1/arm-zephyr-eabi/arm-zephyr-eabi/lib/thumb/v7-m/nofp/libc_nano.a(lib_a-lock.o)
                0x0000000000006782                __retarget_lock_init_recursive
 .text.__retarget_lock_acquire_recursive
                0x0000000000006784        0x2 /root/zephyr-sdk-0.16.1/arm-zephyr-eabi/arm-zephyr-eabi/lib/thumb/v7-m/nofp/libc_nano.a(lib_a-lock.o)
                0x0000000000006784                __retarget_lock_acquire_recursive
 .text.__retarget_lock_release_recursive
                0x0000000000006786        0x2 /root/zephyr-sdk-0.16.1/arm-zephyr-eabi/arm-zephyr-eabi/lib/thumb/v7-m/nofp/libc_nano.a(lib_a-lock.o)
                0x0000000000006786                __retarget_lock_release_recursive
 .text.__swhatbuf_r
                0x0000000000006788       0x4a /root/zephyr-sdk-0.16.1/arm-zephyr-eabi/arm-zephyr-eabi/lib/thumb/v7-m/nofp/libc_nano.a(lib_a-makebuf.o)
                0x0000000000006788                __swhatbuf_r
 .text.memchr   0x00000000000067d2       0x1c /root/zephyr-sdk-0.16.1/arm-zephyr-eabi/arm-zephyr-eabi/lib/thumb/v7-m/nofp/libc_nano.a(lib_a-memchr-stub.o)
                0x00000000000067d2                memchr
 .text.__sread  0x00000000000067ee       0x22 /root/zephyr-sdk-0.16.1/arm-zephyr-eabi/arm-zephyr-eabi/lib/thumb/v7-m/nofp/libc_nano.a(lib_a-stdio.o)
                0x00000000000067ee                __sread
 .text.__swrite
                0x0000000000006810       0x38 /root/zephyr-sdk-0.16.1/arm-zephyr-eabi/arm-zephyr-eabi/lib/thumb/v7-m/nofp/libc_nano.a(lib_a-stdio.o)
                0x0000000000006810                __swrite
 .text.__sseek  0x0000000000006848       0x24 /root/zephyr-sdk-0.16.1/arm-zephyr-eabi/arm-zephyr-eabi/lib/thumb/v7-m/nofp/libc_nano.a(lib_a-stdio.o)
                0x0000000000006848                __sseek
 .text.__sclose
                0x000000000000686c        0x8 /root/zephyr-sdk-0.16.1/arm-zephyr-eabi/arm-zephyr-eabi/lib/thumb/v7-m/nofp/libc_nano.a(lib_a-stdio.o)
                0x000000000000686c                __sclose
 *(SORT_BY_ALIGNMENT(.TEXT.*))
 *(SORT_BY_ALIGNMENT(.gnu.linkonce.t.*))
 *(SORT_BY_ALIGNMENT(.glue_7t))
 .glue_7t       0x0000000000006874        0x0 linker stubs
 *(SORT_BY_ALIGNMENT(.glue_7))
 .glue_7        0x0000000000006874        0x0 linker stubs
 *(SORT_BY_ALIGNMENT(.vfp11_veneer))
 .vfp11_veneer  0x0000000000006874        0x0 linker stubs
 *(SORT_BY_ALIGNMENT(.v4_bx))
 .v4_bx         0x0000000000006874        0x0 linker stubs
                0x0000000000006874                _image_text_end = .

.ARM.extab
 *(SORT_BY_ALIGNMENT(.ARM.extab*) SORT_BY_ALIGNMENT(.gnu.linkonce.armextab.*))

.ARM.exidx      0x0000000000006874        0x8
                0x0000000000006874                __exidx_start = .
 *(SORT_BY_ALIGNMENT(.ARM.exidx*) SORT_BY_ALIGNMENT(gnu.linkonce.armexidx.*))
 .ARM.exidx     0x0000000000006874        0x8 /root/zephyr-sdk-0.16.1/arm-zephyr-eabi/bin/../lib/gcc/arm-zephyr-eabi/12.2.0/thumb/v7-m/nofp/libgcc.a(_udivmoddi4.o)
                0x000000000000687c                __exidx_end = .
                0x000000000000687c                _image_rodata_start = .

initlevel       0x000000000000687c       0x50
                0x000000000000687c                __init_start = .
                0x000000000000687c                __init_PRE_KERNEL_1_start = .
 *(SORT_BY_NAME(SORT_BY_ALIGNMENT(.z_init_PRE_KERNEL_1[0-9]_*)))
 *(SORT_BY_NAME(SORT_BY_ALIGNMENT(.z_init_PRE_KERNEL_1[1-9][0-9]_*)))
 .z_init_PRE_KERNEL_130_
                0x000000000000687c        0x8 zephyr/kernel/libkernel.a(mem_slab.c.obj)
 .z_init_PRE_KERNEL_130_
                0x0000000000006884        0x8 zephyr/kernel/libkernel.a(kheap.c.obj)
 .z_init_PRE_KERNEL_145_
                0x000000000000688c        0x8 zephyr/libzephyr.a(pinmux_aspeed.c.obj)
 .z_init_PRE_KERNEL_150_
                0x0000000000006894        0x8 zephyr/libzephyr.a(clock_control_ast26xx.c.obj)
 .z_init_PRE_KERNEL_150_
                0x000000000000689c        0x8 zephyr/libzephyr.a(reset_control_aspeed.c.obj)
 .z_init_PRE_KERNEL_150_
                0x00000000000068a4        0x8 zephyr/drivers/serial/libdrivers__serial.a(uart_aspeed.c.obj)
 .z_init_PRE_KERNEL_160_
                0x00000000000068ac        0x8 zephyr/libzephyr.a(uart_console.c.obj)
                0x00000000000068b4                __init_PRE_KERNEL_2_start = .
 *(SORT_BY_NAME(SORT_BY_ALIGNMENT(.z_init_PRE_KERNEL_2[0-9]_*)))
 .z_init_PRE_KERNEL_20_
                0x00000000000068b4        0x8 zephyr/libzephyr.a(sys_clock_init.c.obj)
 *(SORT_BY_NAME(SORT_BY_ALIGNMENT(.z_init_PRE_KERNEL_2[1-9][0-9]_*)))
                0x00000000000068bc                __init_POST_KERNEL_start = .
 *(SORT_BY_NAME(SORT_BY_ALIGNMENT(.z_init_POST_KERNEL[0-9]_*)))
 *(SORT_BY_NAME(SORT_BY_ALIGNMENT(.z_init_POST_KERNEL[1-9][0-9]_*)))
 .z_init_POST_KERNEL40_
                0x00000000000068bc        0x8 zephyr/kernel/libkernel.a(system_work_q.c.obj)
                0x00000000000068c4                __init_APPLICATION_start = .
 *(SORT_BY_NAME(SORT_BY_ALIGNMENT(.z_init_APPLICATION[0-9]_*)))
 *(SORT_BY_NAME(SORT_BY_ALIGNMENT(.z_init_APPLICATION[1-9][0-9]_*)))
 .z_init_APPLICATION40_
                0x00000000000068c4        0x8 zephyr/lib/libc/newlib/liblib__libc__newlib.a(libc-hooks.c.obj)
                0x00000000000068cc                __init_SMP_start = .
 *(SORT_BY_NAME(SORT_BY_ALIGNMENT(.z_init_SMP[0-9]_*)))
 *(SORT_BY_NAME(SORT_BY_ALIGNMENT(.z_init_SMP[1-9][0-9]_*)))
                0x00000000000068cc                __init_end = .

sw_isr_table    0x00000000000068cc      0x780
                0x00000000000068cc                . = ALIGN (0x0)
 *(SORT_BY_ALIGNMENT(.gnu.linkonce.sw_isr_table*))
 .gnu.linkonce.sw_isr_table
                0x00000000000068cc      0x780 zephyr/CMakeFiles/zephyr_final.dir/isr_tables.c.obj
                0x00000000000068cc                _sw_isr_table

initlevel_error
                0x000000000000687c        0x0
 *(SORT_BY_NAME(SORT_BY_ALIGNMENT(.z_init_[_A-Z0-9]*)))
                0x0000000000000001                ASSERT ((SIZEOF (initlevel_error) == 0x0), Undefined initialization levels used.)

ctors           0x000000000000704c        0x8
                0x000000000000704c                . = ALIGN (0x4)
                0x000000000000704c                __CTOR_LIST__ = .
                0x000000000000704c        0x4 LONG 0x0 (((__CTOR_END__ - __CTOR_LIST__) / 0x4) - 0x2)
 *(SORT_BY_NAME(SORT_BY_ALIGNMENT(.ctors*)))
                0x0000000000007050        0x4 LONG 0x0
                0x0000000000007054                __CTOR_END__ = .

init_array      0x0000000000007054        0x0
                0x0000000000007054                . = ALIGN (0x4)
                0x0000000000007054                __init_array_start = .
 *(SORT_BY_NAME(SORT_BY_ALIGNMENT(.init_array*)))
                0x0000000000007054                __init_array_end = .

app_shmem_regions
                0x0000000000007054        0x0
                0x0000000000007054                __app_shmem_regions_start = .
 *(SORT_BY_NAME(SORT_BY_ALIGNMENT(.app_regions.*)))
                0x0000000000007054                __app_shmem_regions_end = .

bt_l2cap_fixed_chan_area
                0x0000000000007054        0x0
                0x0000000000007054                _bt_l2cap_fixed_chan_list_start = .
 *(SORT_BY_NAME(SORT_BY_ALIGNMENT(._bt_l2cap_fixed_chan.static.*)))
                0x0000000000007054                _bt_l2cap_fixed_chan_list_end = .

bt_gatt_service_static_area
                0x0000000000007054        0x0
                0x0000000000007054                _bt_gatt_service_static_list_start = .
 *(SORT_BY_NAME(SORT_BY_ALIGNMENT(._bt_gatt_service_static.static.*)))
                0x0000000000007054                _bt_gatt_service_static_list_end = .

k_p4wq_initparam_area
                0x0000000000007054        0x0
                0x0000000000007054                _k_p4wq_initparam_list_start = .
 *(SORT_BY_NAME(SORT_BY_ALIGNMENT(._k_p4wq_initparam.static.*)))
                0x0000000000007054                _k_p4wq_initparam_list_end = .

log_strings_sections
                0x0000000000007054        0x0
                0x0000000000007054                __log_strings_start = .
 *(SORT_BY_NAME(SORT_BY_ALIGNMENT(.log_strings*)))
                0x0000000000007054                __log_strings_end = .

log_const_sections
                0x0000000000007054        0x0
                0x0000000000007054                __log_const_start = .
 *(SORT_BY_NAME(SORT_BY_ALIGNMENT(.log_const_*)))
                0x0000000000007054                __log_const_end = .

log_backends_sections
                0x0000000000007054        0x0
                0x0000000000007054                __log_backends_start = .
 *(SORT_BY_ALIGNMENT(._log_backend.*))
                0x0000000000007054                __log_backends_end = .

shell_area      0x0000000000007054        0x0
                0x0000000000007054                _shell_list_start = .
 *(SORT_BY_NAME(SORT_BY_ALIGNMENT(._shell.static.*)))
                0x0000000000007054                _shell_list_end = .

shell_root_cmds_sections
                0x0000000000007054        0x0
                0x0000000000007054                __shell_root_cmds_start = .
 *(SORT_BY_NAME(SORT_BY_ALIGNMENT(.shell_root_cmd_*)))
                0x0000000000007054                __shell_root_cmds_end = .

font_entry_sections
                0x0000000000007054        0x0
                0x0000000000007054                __font_entry_start = .
 *(SORT_BY_NAME(SORT_BY_ALIGNMENT(._cfb_font.*)))
                0x0000000000007054                __font_entry_end = .

tracing_backend_area
                0x0000000000007054        0x0
                0x0000000000007054                _tracing_backend_list_start = .
 *(SORT_BY_NAME(SORT_BY_ALIGNMENT(._tracing_backend.static.*)))
                0x0000000000007054                _tracing_backend_list_end = .

zephyr_dbg_info
 *(SORT_BY_ALIGNMENT(.dbg_thread_info))

device_handles  0x0000000000007054       0x2c
                0x0000000000007054                __device_handles_start = .
 *(SORT_BY_NAME(SORT_BY_ALIGNMENT(.__device_handles_pass2*)))
 .__device_handles_pass2
                0x0000000000007054       0x2c zephyr/CMakeFiles/zephyr_final.dir/dev_handles.c.obj
                0x0000000000007054                __devicehdl_sys_init_sys_clock_driver_init0
                0x000000000000705a                __devicehdl_DT_N_S_soc_S_serial_7e790500
                0x0000000000007068                __devicehdl_DT_N_S_soc_S_syscon_7e6e2000_S_sysrst
                0x0000000000007070                __devicehdl_DT_N_S_soc_S_syscon_7e6e2000_S_sysclk
                0x0000000000007078                __devicehdl_DT_N_S_soc_S_syscon_7e6e2000_S_pinmux
                0x0000000000007080                __device_handles_end = .

rodata          0x0000000000007080      0xf28
 *(SORT_BY_ALIGNMENT(.rodata))
 *(SORT_BY_ALIGNMENT(.rodata.*))
 .rodata.clock_aspeed_cfg
                0x0000000000007080        0x4 zephyr/libzephyr.a(clock_control_ast26xx.c.obj)
 .rodata.aspeed_clk_api
                0x0000000000007084       0x14 zephyr/libzephyr.a(clock_control_ast26xx.c.obj)
 .rodata.reset_aspeed_cfg
                0x0000000000007098        0x4 zephyr/libzephyr.a(reset_control_aspeed.c.obj)
 .rodata.aspeed_rst_api
                0x000000000000709c        0xc zephyr/libzephyr.a(reset_control_aspeed.c.obj)
 .rodata.pinmux_aspeed_config
                0x00000000000070a8        0x4 zephyr/libzephyr.a(pinmux_aspeed.c.obj)
 .rodata.pinmux_aspeed_driver_api
                0x00000000000070ac       0x10 zephyr/libzephyr.a(pinmux_aspeed.c.obj)
 .rodata.sig_desc_ARM_TDI
                0x00000000000070bc        0x8 zephyr/libzephyr.a(pinmux_aspeed.c.obj)
                0x00000000000070bc                sig_desc_ARM_TDI
 .rodata.sig_desc_ARM_TMS
                0x00000000000070c4        0x8 zephyr/libzephyr.a(pinmux_aspeed.c.obj)
                0x00000000000070c4                sig_desc_ARM_TMS
 .rodata.sig_desc_ARM_TCK
                0x00000000000070cc        0x8 zephyr/libzephyr.a(pinmux_aspeed.c.obj)
                0x00000000000070cc                sig_desc_ARM_TCK
 .rodata.sig_desc_ARM_TDO
                0x00000000000070d4        0x8 zephyr/libzephyr.a(pinmux_aspeed.c.obj)
                0x00000000000070d4                sig_desc_ARM_TDO
 .rodata.sig_desc_ARM_TRST
                0x00000000000070dc        0x8 zephyr/libzephyr.a(pinmux_aspeed.c.obj)
                0x00000000000070dc                sig_desc_ARM_TRST
 .rodata.sig_desc_RXD11
                0x00000000000070e4        0x8 zephyr/libzephyr.a(pinmux_aspeed.c.obj)
                0x00000000000070e4                sig_desc_RXD11
 .rodata.sig_desc_TXD11
                0x00000000000070ec        0x8 zephyr/libzephyr.a(pinmux_aspeed.c.obj)
                0x00000000000070ec                sig_desc_TXD11
 .rodata.uart_aspeed_config_0
                0x00000000000070f4       0x2c zephyr/drivers/serial/libdrivers__serial.a(uart_aspeed.c.obj)
 .rodata.uart_aspeed_driver_api
                0x0000000000007120       0x4c zephyr/drivers/serial/libdrivers__serial.a(uart_aspeed.c.obj)
 .rodata.levels.0
                0x000000000000716c       0x14 zephyr/kernel/libkernel.a(device.c.obj)
 .rodata._k_neg_eagain
                0x0000000000007180        0x4 zephyr/kernel/libkernel.a(errno.c.obj)
                0x0000000000007180                _k_neg_eagain
 .rodata._global_impure_ptr
                0x0000000000007184        0x4 /root/zephyr-sdk-0.16.1/arm-zephyr-eabi/arm-zephyr-eabi/lib/thumb/v7-m/nofp/libc_nano.a(lib_a-impure.o)
                0x0000000000007184                _global_impure_ptr
 .rodata.__sf_fake_stderr
                0x0000000000007188       0x20 /root/zephyr-sdk-0.16.1/arm-zephyr-eabi/arm-zephyr-eabi/lib/thumb/v7-m/nofp/libc_nano.a(lib_a-findfp.o)
                0x0000000000007188                __sf_fake_stderr
 .rodata.__sf_fake_stdout
                0x00000000000071a8       0x20 /root/zephyr-sdk-0.16.1/arm-zephyr-eabi/arm-zephyr-eabi/lib/thumb/v7-m/nofp/libc_nano.a(lib_a-findfp.o)
                0x00000000000071a8                __sf_fake_stdout
 .rodata.__sf_fake_stdin
                0x00000000000071c8       0x20 /root/zephyr-sdk-0.16.1/arm-zephyr-eabi/arm-zephyr-eabi/lib/thumb/v7-m/nofp/libc_nano.a(lib_a-findfp.o)
                0x00000000000071c8                __sf_fake_stdin
 .rodata.fun_desc_DT_N_S_soc_S_syscon_7e6e2000_S_pinmux_S_uart11_default
                0x00000000000071e8        0x6 zephyr/libzephyr.a(pinmux_aspeed.c.obj)
                0x00000000000071e8                fun_desc_DT_N_S_soc_S_syscon_7e6e2000_S_pinmux_S_uart11_default
 .rodata.fun_desc_DT_N_S_soc_S_syscon_7e6e2000_S_pinmux_S_arm_ice_default
                0x00000000000071ee        0xc zephyr/libzephyr.a(pinmux_aspeed.c.obj)
                0x00000000000071ee                fun_desc_DT_N_S_soc_S_syscon_7e6e2000_S_pinmux_S_arm_ice_default
 .rodata.sig_en_ARM_TDI
                0x00000000000071fa        0x4 zephyr/libzephyr.a(pinmux_aspeed.c.obj)
 .rodata.sig_en_ARM_TMS
                0x00000000000071fe        0x4 zephyr/libzephyr.a(pinmux_aspeed.c.obj)
 .rodata.sig_en_ARM_TCK
                0x0000000000007202        0x4 zephyr/libzephyr.a(pinmux_aspeed.c.obj)
 .rodata.sig_en_ARM_TDO
                0x0000000000007206        0x4 zephyr/libzephyr.a(pinmux_aspeed.c.obj)
 .rodata.sig_en_ARM_TRST
                0x000000000000720a        0x4 zephyr/libzephyr.a(pinmux_aspeed.c.obj)
 .rodata.sig_en_RXD11
                0x000000000000720e        0x4 zephyr/libzephyr.a(pinmux_aspeed.c.obj)
 .rodata.sig_en_TXD11
                0x0000000000007212        0x4 zephyr/libzephyr.a(pinmux_aspeed.c.obj)
 .rodata.main.str1.1
                0x0000000000007216       0x76 app/libapp.a(main.c.obj)
                                         0x9e (size before relaxing)
 .rodata.sys_heap_free.str1.1
                0x000000000000728c       0xe9 zephyr/libzephyr.a(heap.c.obj)
 .rodata.sys_heap_init.str1.1
                0x0000000000007375       0x8e zephyr/libzephyr.a(heap.c.obj)
 .rodata.cbvprintf.str1.1
                0x0000000000007403        0x6 zephyr/libzephyr.a(cbprintf_complete.c.obj)
 .rodata.uart_console_init.str1.1
                0x0000000000007409        0x8 zephyr/libzephyr.a(uart_console.c.obj)
 .rodata.str1.1
                0x0000000000007411        0x7 zephyr/libzephyr.a(clock_control_ast26xx.c.obj)
 .rodata.str1.1
                0x0000000000007418        0x7 zephyr/libzephyr.a(reset_control_aspeed.c.obj)
 .rodata.str1.1
                0x000000000000741f        0x7 zephyr/libzephyr.a(pinmux_aspeed.c.obj)
 .rodata.str1.1
                0x0000000000007426        0xa zephyr/libzephyr.a(sys_clock_init.c.obj)
 .rodata.sys_clock_set_timeout.str1.1
                0x0000000000007430       0x7f zephyr/libzephyr.a(cortex_m_systick.c.obj)
                                         0x9c (size before relaxing)
 .rodata.z_arm_irq_priority_set.str1.1
                0x00000000000074af       0x91 zephyr/arch/arch/arm/core/aarch32/libarch__arm__core__aarch32.a(irq_manage.c.obj)
                                         0xae (size before relaxing)
 .rodata.mem_manage_fault.constprop.0.str1.1
                0x0000000000007540       0xe8 zephyr/arch/arch/arm/core/aarch32/cortex_m/libarch__arm__core__aarch32__cortex_m.a(fault.c.obj)
                                        0x105 (size before relaxing)
 .rodata.z_arm_fault.str1.1
                0x0000000000007628       0x51 zephyr/arch/arch/arm/core/aarch32/cortex_m/libarch__arm__core__aarch32__cortex_m.a(fault.c.obj)
 .rodata.malloc_prepare.str1.1
                0x0000000000007679       0xf9 zephyr/lib/libc/newlib/liblib__libc__newlib.a(libc-hooks.c.obj)
                                        0x116 (size before relaxing)
 .rodata.uart_aspeed_poll_in.str1.1
                0x0000000000007772       0x9c zephyr/drivers/serial/libdrivers__serial.a(uart_aspeed.c.obj)
 .rodata.str1.1
                0x0000000000007772        0x8 zephyr/drivers/serial/libdrivers__serial.a(uart_aspeed.c.obj)
 .rodata.z_fatal_error.str1.1
                0x0000000000007772       0xa5 zephyr/kernel/libkernel.a(fatal.c.obj)
                                         0xc4 (size before relaxing)
 .rodata.z_cstart.str1.1
                0x0000000000007817        0xf zephyr/kernel/libkernel.a(init.c.obj)
 .rodata.init_mem_slab_module.str1.1
                0x0000000000007826       0x61 zephyr/kernel/libkernel.a(mem_slab.c.obj)
                                         0x7e (size before relaxing)
 .rodata.k_thread_foreach.str1.1
                0x0000000000007887       0x54 zephyr/kernel/libkernel.a(thread.c.obj)
                                         0xf0 (size before relaxing)
 .rodata.z_setup_new_thread.str1.1
                0x00000000000078db       0xb1 zephyr/kernel/libkernel.a(thread.c.obj)
 .rodata.z_impl_k_thread_create.str1.1
                0x000000000000798c       0x37 zephyr/kernel/libkernel.a(thread.c.obj)
 .rodata.z_init_static_threads.str1.1
                0x00000000000079c3       0x2d zephyr/kernel/libkernel.a(thread.c.obj)
                                         0x4c (size before relaxing)
 .rodata.idle.str1.1
                0x00000000000079f0       0x49 zephyr/kernel/libkernel.a(idle.c.obj)
                                         0x66 (size before relaxing)
 .rodata.z_impl_k_mutex_lock.str1.1
                0x0000000000007a39       0x47 zephyr/kernel/libkernel.a(mutex.c.obj)
                                         0xf5 (size before relaxing)
 .rodata.z_impl_k_mutex_unlock.str1.1
                0x0000000000007a80       0x76 zephyr/kernel/libkernel.a(mutex.c.obj)
 .rodata.z_impl_k_sem_give.str1.1
                0x0000000000007af6       0x70 zephyr/kernel/libkernel.a(sem.c.obj)
 .rodata.update_cache.str1.1
                0x0000000000007af6       0x49 zephyr/kernel/libkernel.a(sched.c.obj)
                                         0x69 (size before relaxing)
 .rodata.ready_thread.str1.1
                0x0000000000007b3f       0x21 zephyr/kernel/libkernel.a(sched.c.obj)
 .rodata.k_sched_time_slice_set.str1.1
                0x0000000000007b60       0x7f zephyr/kernel/libkernel.a(sched.c.obj)
 .rodata.k_sched_lock.str1.1
                0x0000000000007b60       0x6e zephyr/kernel/libkernel.a(sched.c.obj)
 .rodata.k_sched_unlock.str1.1
                0x0000000000007b60       0x31 zephyr/kernel/libkernel.a(sched.c.obj)
 .rodata.unpend_thread_no_timeout.str1.1
                0x0000000000007b91       0x17 zephyr/kernel/libkernel.a(sched.c.obj)
 .rodata.z_thread_abort.str1.1
                0x0000000000007ba8       0x22 zephyr/kernel/libkernel.a(sched.c.obj)
                                         0x24 (size before relaxing)
 .rodata.z_add_timeout.str1.1
                0x0000000000007bca       0x44 zephyr/kernel/libkernel.a(timeout.c.obj)
                                         0xe3 (size before relaxing)
 .rodata.register_events.str1.1
                0x0000000000007c0e      0x118 zephyr/kernel/libkernel.a(poll.c.obj)
                                        0x1b6 (size before relaxing)
 .rodata.signal_poll_event.str1.1
                0x0000000000007d26       0x35 zephyr/kernel/libkernel.a(poll.c.obj)
 .rodata.boot_banner.str1.1
                0x0000000000007d5b       0x31 zephyr/kernel/libkernel.a(banner.c.obj)
                                         0x32 (size before relaxing)
 .rodata.statics_init.str1.1
                0x0000000000007d8c       0x38 zephyr/kernel/libkernel.a(kheap.c.obj)
                                         0x74 (size before relaxing)
 .rodata.k_sys_work_q_init.str1.1
                0x0000000000007dc4        0x9 zephyr/kernel/libkernel.a(system_work_q.c.obj)
 .rodata.work_queue_main.str1.1
                0x0000000000007dcd       0x38 zephyr/kernel/libkernel.a(work.c.obj)
                                         0xd4 (size before relaxing)
 .rodata.submit_to_queue_locked.str1.1
                0x0000000000007e05       0x1b zephyr/kernel/libkernel.a(work.c.obj)
 .rodata.k_work_init.str1.1
                0x0000000000007e20       0x14 zephyr/kernel/libkernel.a(work.c.obj)
 .rodata.k_work_queue_start.str1.1
                0x0000000000007e34       0x40 zephyr/kernel/libkernel.a(work.c.obj)
 .rodata._ctype_
                0x0000000000007e74      0x101 /root/zephyr-sdk-0.16.1/arm-zephyr-eabi/arm-zephyr-eabi/lib/thumb/v7-m/nofp/libc_nano.a(lib_a-ctype_.o)
                0x0000000000007e74                _ctype_
 .rodata._vfprintf_r.str1.1
                0x0000000000007f75       0x11 /root/zephyr-sdk-0.16.1/arm-zephyr-eabi/arm-zephyr-eabi/lib/thumb/v7-m/nofp/libc_nano.a(lib_a-nano-vfprintf.o)
 .rodata._printf_i.str1.1
                0x0000000000007f86       0x22 /root/zephyr-sdk-0.16.1/arm-zephyr-eabi/arm-zephyr-eabi/lib/thumb/v7-m/nofp/libc_nano.a(lib_a-nano-vfprintf_i.o)
 *(SORT_BY_ALIGNMENT(.gnu.linkonce.r.*))
                0x0000000000007fa8                . = ALIGN (0x4)

.gcc_except_table
 *(SORT_BY_ALIGNMENT(.gcc_except_table) SORT_BY_ALIGNMENT(.gcc_except_table.*))
                0x0000000000007fa8                _image_rodata_end = .
                0x0000000000007fa8                . = ALIGN (_region_min_align)
                0x0000000000007fa8                _image_rom_end = .

/DISCARD/
 *(SORT_BY_ALIGNMENT(.got.plt))
 *(SORT_BY_ALIGNMENT(.igot.plt))
 *(SORT_BY_ALIGNMENT(.got))
 *(SORT_BY_ALIGNMENT(.igot))
                0x0000000000000000                . = 0x0
                0x0000000000000000                . = ALIGN (_region_min_align)
                0x0000000000000000                _image_ram_start = .

.ramfunc        0x0000000000007fa8        0x0
                0x0000000000007fa8                . = ALIGN (_region_min_align)
                0x0000000000007fa8                _ramfunc_ram_start = .
 *(SORT_BY_ALIGNMENT(.ramfunc))
 *(SORT_BY_ALIGNMENT(.ramfunc.*))
                0x0000000000007fa8                . = ALIGN (_region_min_align)
                0x0000000000007fa8                _ramfunc_ram_end = .
                0x0000000000000000                _ramfunc_ram_size = (_ramfunc_ram_end - _ramfunc_ram_start)
                0x0000000000007fa8                _ramfunc_rom_start = LOADADDR (.ramfunc)

.bss_nc         0x0000000001000000     0x7000
                0x0000000001000000                __bss_nc_start__ = .
 *(SORT_BY_ALIGNMENT(.nocache.bss*))
 .nocache.bss   0x0000000001000000     0x7000 zephyr/drivers/serial/libdrivers__serial.a(uart_aspeed.c.obj)
                0x0000000001007000                . = ALIGN (0x4)
                0x0000000001007000                __bss_nc_end__ = .

datas           0x0000000000007fa8      0x4cc
                0x0000000000007fa8                __data_ram_start = .
 *(SORT_BY_ALIGNMENT(.data))
 *(SORT_BY_ALIGNMENT(.data.*))
 .data._char_out
                0x0000000000007fa8        0x4 zephyr/libzephyr.a(printk.c.obj)
                0x0000000000007fa8                _char_out
 .data.aspeed_fun_desc_table
                0x0000000000007fac        0x8 zephyr/libzephyr.a(pinmux_aspeed.c.obj)
                0x0000000000007fac                aspeed_fun_desc_table
 .data.aspeed_sig_desc_table
                0x0000000000007fb4       0x1c zephyr/libzephyr.a(pinmux_aspeed.c.obj)
                0x0000000000007fb4                aspeed_sig_desc_table
 .data.aspeed_pin_desc_table
                0x0000000000007fd0      0x41c zephyr/libzephyr.a(pinmux_aspeed.c.obj)
                0x0000000000007fd0                aspeed_pin_desc_table
 .data.heap_mutex
                0x00000000000083ec       0x14 zephyr/lib/libc/newlib/liblib__libc__newlib.a(libc-hooks.c.obj)
 .data._stdin_hook
                0x0000000000008400        0x4 zephyr/lib/libc/newlib/liblib__libc__newlib.a(libc-hooks.c.obj)
 .data._stdout_hook
                0x0000000000008404        0x4 zephyr/lib/libc/newlib/liblib__libc__newlib.a(libc-hooks.c.obj)
 .data.timeout_list
                0x0000000000008408        0x8 zephyr/kernel/libkernel.a(timeout.c.obj)
 .data._impure_ptr
                0x0000000000008410        0x4 /root/zephyr-sdk-0.16.1/arm-zephyr-eabi/arm-zephyr-eabi/lib/thumb/v7-m/nofp/libc_nano.a(lib_a-impure.o)
                0x0000000000008410                _impure_ptr
 .data.impure_data
                0x0000000000008414       0x60 /root/zephyr-sdk-0.16.1/arm-zephyr-eabi/arm-zephyr-eabi/lib/thumb/v7-m/nofp/libc_nano.a(lib_a-impure.o)
 *(SORT_BY_ALIGNMENT(.kernel.*))
                0x0000000000007fa8                __data_rom_start = LOADADDR (datas)

devices         0x0000000000008474       0x78
                0x0000000000008474                __device_start = .
                0x0000000000008474                __device_PRE_KERNEL_1_start = .
 *(SORT_BY_NAME(SORT_BY_ALIGNMENT(.z_device_PRE_KERNEL_1[0-9]_*)))
 *(SORT_BY_NAME(SORT_BY_ALIGNMENT(.z_device_PRE_KERNEL_1[1-9][0-9]_*)))
 .z_device_PRE_KERNEL_145_
                0x0000000000008474       0x18 zephyr/libzephyr.a(pinmux_aspeed.c.obj)
                0x0000000000008474                __device_dts_ord_30
 .z_device_PRE_KERNEL_150_
                0x000000000000848c       0x18 zephyr/libzephyr.a(clock_control_ast26xx.c.obj)
                0x000000000000848c                __device_dts_ord_10
 .z_device_PRE_KERNEL_150_
                0x00000000000084a4       0x18 zephyr/libzephyr.a(reset_control_aspeed.c.obj)
                0x00000000000084a4                __device_dts_ord_27
 .z_device_PRE_KERNEL_150_
                0x00000000000084bc       0x18 zephyr/drivers/serial/libdrivers__serial.a(uart_aspeed.c.obj)
                0x00000000000084bc                __device_dts_ord_32
                0x00000000000084d4                __device_PRE_KERNEL_2_start = .
 *(SORT_BY_NAME(SORT_BY_ALIGNMENT(.z_device_PRE_KERNEL_2[0-9]_*)))
 .z_device_PRE_KERNEL_20_
                0x00000000000084d4       0x18 zephyr/libzephyr.a(sys_clock_init.c.obj)
 *(SORT_BY_NAME(SORT_BY_ALIGNMENT(.z_device_PRE_KERNEL_2[1-9][0-9]_*)))
                0x00000000000084ec                __device_POST_KERNEL_start = .
 *(SORT_BY_NAME(SORT_BY_ALIGNMENT(.z_device_POST_KERNEL[0-9]_*)))
 *(SORT_BY_NAME(SORT_BY_ALIGNMENT(.z_device_POST_KERNEL[1-9][0-9]_*)))
                0x00000000000084ec                __device_APPLICATION_start = .
 *(SORT_BY_NAME(SORT_BY_ALIGNMENT(.z_device_APPLICATION[0-9]_*)))
 *(SORT_BY_NAME(SORT_BY_ALIGNMENT(.z_device_APPLICATION[1-9][0-9]_*)))
                0x00000000000084ec                __device_SMP_start = .
 *(SORT_BY_NAME(SORT_BY_ALIGNMENT(.z_device_SMP[0-9]_*)))
 *(SORT_BY_NAME(SORT_BY_ALIGNMENT(.z_device_SMP[1-9][0-9]_*)))
                0x00000000000084ec                __device_end = .

initshell       0x00000000000084ec        0x0
                0x00000000000084ec                __shell_module_start = .
 *(SORT_BY_ALIGNMENT(.shell_module_*))
                0x00000000000084ec                __shell_module_end = .
                0x00000000000084ec                __shell_cmd_start = .
 *(SORT_BY_ALIGNMENT(.shell_cmd_*))
                0x00000000000084ec                __shell_cmd_end = .

log_dynamic_sections
                0x00000000000084ec        0x0
                0x00000000000084ec                __log_dynamic_start = .
 *(SORT_BY_NAME(SORT_BY_ALIGNMENT(.log_dynamic_*)))
                0x00000000000084ec                __log_dynamic_end = .

_static_thread_data_area
                0x00000000000084ec        0x0
                0x00000000000084ec                __static_thread_data_list_start = .
 *(SORT_BY_NAME(SORT_BY_ALIGNMENT(.__static_thread_data.static.*)))
                0x00000000000084ec                __static_thread_data_list_end = .

k_timer_area    0x00000000000084ec        0x0
                0x00000000000084ec                _k_timer_list_start = .
 *(SORT_BY_NAME(SORT_BY_ALIGNMENT(._k_timer.static.*)))
                0x00000000000084ec                _k_timer_list_end = .

k_mem_slab_area
                0x00000000000084ec        0x0
                0x00000000000084ec                _k_mem_slab_list_start = .
 *(SORT_BY_NAME(SORT_BY_ALIGNMENT(._k_mem_slab.static.*)))
                0x00000000000084ec                _k_mem_slab_list_end = .

k_mem_pool_area
                0x00000000000084ec        0x0
                0x00000000000084ec                _k_mem_pool_list_start = .
 *(SORT_BY_NAME(SORT_BY_ALIGNMENT(._k_mem_pool.static.*)))
                0x00000000000084ec                _k_mem_pool_list_end = .

k_heap_area     0x00000000000084ec        0x0
                0x00000000000084ec                _k_heap_list_start = .
 *(SORT_BY_NAME(SORT_BY_ALIGNMENT(._k_heap.static.*)))
                0x00000000000084ec                _k_heap_list_end = .

k_mutex_area    0x00000000000084ec        0x0
                0x00000000000084ec                _k_mutex_list_start = .
 *(SORT_BY_NAME(SORT_BY_ALIGNMENT(._k_mutex.static.*)))
                0x00000000000084ec                _k_mutex_list_end = .

k_stack_area    0x00000000000084ec        0x0
                0x00000000000084ec                _k_stack_list_start = .
 *(SORT_BY_NAME(SORT_BY_ALIGNMENT(._k_stack.static.*)))
                0x00000000000084ec                _k_stack_list_end = .

k_msgq_area     0x00000000000084ec        0x0
                0x00000000000084ec                _k_msgq_list_start = .
 *(SORT_BY_NAME(SORT_BY_ALIGNMENT(._k_msgq.static.*)))
                0x00000000000084ec                _k_msgq_list_end = .

k_mbox_area     0x00000000000084ec        0x0
                0x00000000000084ec                _k_mbox_list_start = .
 *(SORT_BY_NAME(SORT_BY_ALIGNMENT(._k_mbox.static.*)))
                0x00000000000084ec                _k_mbox_list_end = .

k_pipe_area     0x00000000000084ec        0x0
                0x00000000000084ec                _k_pipe_list_start = .
 *(SORT_BY_NAME(SORT_BY_ALIGNMENT(._k_pipe.static.*)))
                0x00000000000084ec                _k_pipe_list_end = .

k_sem_area      0x00000000000084ec        0x0
                0x00000000000084ec                _k_sem_list_start = .
 *(SORT_BY_NAME(SORT_BY_ALIGNMENT(._k_sem.static.*)))
                0x00000000000084ec                _k_sem_list_end = .

k_queue_area    0x00000000000084ec        0x0
                0x00000000000084ec                _k_queue_list_start = .
 *(SORT_BY_NAME(SORT_BY_ALIGNMENT(._k_queue.static.*)))
                0x00000000000084ec                _k_queue_list_end = .

k_condvar_area  0x00000000000084ec        0x0
                0x00000000000084ec                _k_condvar_list_start = .
 *(SORT_BY_NAME(SORT_BY_ALIGNMENT(._k_condvar.static.*)))
                0x00000000000084ec                _k_condvar_list_end = .

_net_buf_pool_area
                0x00000000000084ec        0x0
                0x00000000000084ec                _net_buf_pool_list = .
 *(SORT_BY_NAME(SORT_BY_ALIGNMENT(._net_buf_pool.static.*)))

.gcc_except_table
 *(SORT_BY_ALIGNMENT(.gcc_except_table) SORT_BY_ALIGNMENT(.gcc_except_table.*))
                0x00000000000084ec                __data_ram_end = .

bss             0x00000000000084f0      0x354
                0x00000000000084f0                . = ALIGN (0x4)
                0x00000000000084f0                __bss_start = .
                0x00000000000084f0                __kernel_ram_start = .
 *(SORT_BY_ALIGNMENT(.bss))
 *(SORT_BY_ALIGNMENT(.bss.*))
 .bss.z_idle_threads
                0x00000000000084f0       0xb8 zephyr/kernel/libkernel.a(init.c.obj)
                0x00000000000084f0                z_idle_threads
 .bss.z_main_thread
                0x00000000000085a8       0xb8 zephyr/kernel/libkernel.a(init.c.obj)
                0x00000000000085a8                z_main_thread
 .bss.curr_tick
                0x0000000000008660        0x8 zephyr/kernel/libkernel.a(timeout.c.obj)
 .bss.k_sys_work_q
                0x0000000000008668       0xd8 zephyr/kernel/libkernel.a(system_work_q.c.obj)
                0x0000000000008668                k_sys_work_q
 .bss.uart_console_dev
                0x0000000000008740        0x4 zephyr/libzephyr.a(uart_console.c.obj)
 .bss.__devstate_dts_ord_10
                0x0000000000008744        0x4 zephyr/libzephyr.a(clock_control_ast26xx.c.obj)
 .bss.__devstate_dts_ord_27
                0x0000000000008748        0x4 zephyr/libzephyr.a(reset_control_aspeed.c.obj)
 .bss.__devstate_dts_ord_30
                0x000000000000874c        0x4 zephyr/libzephyr.a(pinmux_aspeed.c.obj)
 .bss.__devstate_sys_init_sys_clock_driver_init0
                0x0000000000008750        0x4 zephyr/libzephyr.a(sys_clock_init.c.obj)
 .bss.overflow_cyc
                0x0000000000008754        0x4 zephyr/libzephyr.a(cortex_m_systick.c.obj)
 .bss.announced_cycles
                0x0000000000008758        0x4 zephyr/libzephyr.a(cortex_m_systick.c.obj)
 .bss.cycle_count
                0x000000000000875c        0x4 zephyr/libzephyr.a(cortex_m_systick.c.obj)
 .bss.last_load
                0x0000000000008760        0x4 zephyr/libzephyr.a(cortex_m_systick.c.obj)
 .bss.lock      0x0000000000008764        0x4 zephyr/libzephyr.a(cortex_m_systick.c.obj)
 .bss.heap_sz   0x0000000000008768        0x4 zephyr/lib/libc/newlib/liblib__libc__newlib.a(libc-hooks.c.obj)
 .bss.__devstate_dts_ord_32
                0x000000000000876c        0x4 zephyr/drivers/serial/libdrivers__serial.a(uart_aspeed.c.obj)
 .bss.uart_aspeed_data_0
                0x0000000000008770       0x28 zephyr/drivers/serial/libdrivers__serial.a(uart_aspeed.c.obj)
 .bss.udma_lock
                0x0000000000008798        0x4 zephyr/drivers/serial/libdrivers__serial.a(uart_aspeed.c.obj)
 .bss.udma_udev
                0x000000000000879c       0x38 zephyr/drivers/serial/libdrivers__serial.a(uart_aspeed.c.obj)
 .bss._kernel   0x00000000000087d4       0x30 zephyr/kernel/libkernel.a(init.c.obj)
                0x00000000000087d4                _kernel
 .bss.z_thread_monitor_lock
                0x0000000000008804        0x4 zephyr/kernel/libkernel.a(thread.c.obj)
 .bss.lock      0x0000000000008808        0x4 zephyr/kernel/libkernel.a(mutex.c.obj)
 .bss.lock      0x000000000000880c        0x4 zephyr/kernel/libkernel.a(sem.c.obj)
 .bss.pending_current
                0x0000000000008810        0x4 zephyr/kernel/libkernel.a(sched.c.obj)
 .bss.slice_max_prio
                0x0000000000008814        0x4 zephyr/kernel/libkernel.a(sched.c.obj)
 .bss.slice_time
                0x0000000000008818        0x4 zephyr/kernel/libkernel.a(sched.c.obj)
 .bss.sched_spinlock
                0x000000000000881c        0x4 zephyr/kernel/libkernel.a(sched.c.obj)
                0x000000000000881c                sched_spinlock
 .bss.announce_remaining
                0x0000000000008820        0x4 zephyr/kernel/libkernel.a(timeout.c.obj)
 .bss.timeout_lock
                0x0000000000008824        0x4 zephyr/kernel/libkernel.a(timeout.c.obj)
 .bss.pending_cancels
                0x0000000000008828        0x8 zephyr/kernel/libkernel.a(work.c.obj)
 .bss.lock      0x0000000000008830        0x4 zephyr/kernel/libkernel.a(work.c.obj)
 .bss.__malloc_sbrk_start
                0x0000000000008834        0x4 /root/zephyr-sdk-0.16.1/arm-zephyr-eabi/arm-zephyr-eabi/lib/thumb/v7-m/nofp/libc_nano.a(lib_a-nano-mallocr.o)
                0x0000000000008834                __malloc_sbrk_start
 .bss.__malloc_free_list
                0x0000000000008838        0x4 /root/zephyr-sdk-0.16.1/arm-zephyr-eabi/arm-zephyr-eabi/lib/thumb/v7-m/nofp/libc_nano.a(lib_a-nano-mallocr.o)
                0x0000000000008838                __malloc_free_list
 .bss.errno     0x000000000000883c        0x4 /root/zephyr-sdk-0.16.1/arm-zephyr-eabi/arm-zephyr-eabi/lib/thumb/v7-m/nofp/libc_nano.a(lib_a-reent.o)
                0x000000000000883c                errno
 .bss.udma_init
                0x0000000000008840        0x1 zephyr/drivers/serial/libdrivers__serial.a(uart_aspeed.c.obj)
 .bss.z_sys_post_kernel
                0x0000000000008841        0x1 zephyr/kernel/libkernel.a(init.c.obj)
                0x0000000000008841                z_sys_post_kernel
 .bss.__lock___sfp_recursive_mutex
                0x0000000000008842        0x1 /root/zephyr-sdk-0.16.1/arm-zephyr-eabi/arm-zephyr-eabi/lib/thumb/v7-m/nofp/libc_nano.a(lib_a-lock.o)
                0x0000000000008842                __lock___sfp_recursive_mutex
 .bss.__lock___sinit_recursive_mutex
                0x0000000000008843        0x1 /root/zephyr-sdk-0.16.1/arm-zephyr-eabi/arm-zephyr-eabi/lib/thumb/v7-m/nofp/libc_nano.a(lib_a-lock.o)
                0x0000000000008843                __lock___sinit_recursive_mutex
 *(SORT_BY_ALIGNMENT(COMMON))
 *(SORT_BY_ALIGNMENT(.kernel_bss.*))
                0x0000000000008844                __bss_end = ALIGN (0x4)

noinit          0x0000000000008848     0x1d00
 *(SORT_BY_ALIGNMENT(.noinit))
 *(SORT_BY_ALIGNMENT(.noinit.*))
 .noinit."WEST_TOPDIR/zephyr/kernel/init.c".3
                0x0000000000008848      0x100 zephyr/kernel/libkernel.a(init.c.obj)
 .noinit."WEST_TOPDIR/zephyr/kernel/init.c".2
                0x0000000000008948     0x1000 zephyr/kernel/libkernel.a(init.c.obj)
                0x0000000000008948                z_main_stack
 .noinit."WEST_TOPDIR/zephyr/arch/arm/include/aarch32/cortex_m/stack.h".0
                0x0000000000009948      0x800 zephyr/kernel/libkernel.a(init.c.obj)
                0x0000000000009948                z_interrupt_stacks
 .noinit."WEST_TOPDIR/zephyr/kernel/system_work_q.c".0
                0x000000000000a148      0x400 zephyr/kernel/libkernel.a(system_work_q.c.obj)
 *(SORT_BY_ALIGNMENT(.kernel_noinit.*))
                0x000000000000a548                _image_ram_end = .
                0x000000000000a548                _end = .
                0x0000000000ffc000                __kernel_ram_end = 0xffc000
                0x0000000000ff3b10                __kernel_ram_size = (__kernel_ram_end - __kernel_ram_start)

/DISCARD/
 *(SORT_BY_ALIGNMENT(.irq_info*))
 *(SORT_BY_ALIGNMENT(.intList*))

.stab
 *(SORT_BY_ALIGNMENT(.stab))

.stabstr
 *(SORT_BY_ALIGNMENT(.stabstr))

.stab.excl
 *(SORT_BY_ALIGNMENT(.stab.excl))

.stab.exclstr
 *(SORT_BY_ALIGNMENT(.stab.exclstr))

.stab.index
 *(SORT_BY_ALIGNMENT(.stab.index))

.stab.indexstr
 *(SORT_BY_ALIGNMENT(.stab.indexstr))

.gnu.build.attributes
 *(SORT_BY_ALIGNMENT(.gnu.build.attributes) SORT_BY_ALIGNMENT(.gnu.build.attributes.*))

.comment        0x0000000000000000       0x20
 *(SORT_BY_ALIGNMENT(.comment))
 .comment       0x0000000000000000       0x20 zephyr/CMakeFiles/zephyr_final.dir/isr_tables.c.obj
                                         0x21 (size before relaxing)
 .comment       0x0000000000000020       0x21 zephyr/CMakeFiles/zephyr_final.dir/dev_handles.c.obj
 .comment       0x0000000000000020       0x21 zephyr/CMakeFiles/offsets.dir/./arch/arm/core/offsets/offsets.c.obj
 .comment       0x0000000000000020       0x21 app/libapp.a(main.c.obj)
 .comment       0x0000000000000020       0x21 zephyr/libzephyr.a(printk.c.obj)
 .comment       0x0000000000000020       0x21 zephyr/libzephyr.a(thread_entry.c.obj)
 .comment       0x0000000000000020       0x21 zephyr/libzephyr.a(heap.c.obj)
 .comment       0x0000000000000020       0x21 zephyr/libzephyr.a(cbprintf_complete.c.obj)
 .comment       0x0000000000000020       0x21 zephyr/libzephyr.a(assert.c.obj)
 .comment       0x0000000000000020       0x21 zephyr/libzephyr.a(configs.c.obj)
 .comment       0x0000000000000020       0x21 zephyr/libzephyr.a(soc.c.obj)
 .comment       0x0000000000000020       0x21 zephyr/libzephyr.a(cpp_init_array.c.obj)
 .comment       0x0000000000000020       0x21 zephyr/libzephyr.a(cpp_ctors.c.obj)
 .comment       0x0000000000000020       0x21 zephyr/libzephyr.a(uart_console.c.obj)
 .comment       0x0000000000000020       0x21 zephyr/libzephyr.a(clock_control_ast26xx.c.obj)
 .comment       0x0000000000000020       0x21 zephyr/libzephyr.a(reset_control_aspeed.c.obj)
 .comment       0x0000000000000020       0x21 zephyr/libzephyr.a(pinmux_aspeed.c.obj)
 .comment       0x0000000000000020       0x21 zephyr/libzephyr.a(sys_clock_init.c.obj)
 .comment       0x0000000000000020       0x21 zephyr/libzephyr.a(cortex_m_systick.c.obj)
 .comment       0x0000000000000020       0x21 zephyr/libzephyr.a(cache_aspeed.c.obj)
 .comment       0x0000000000000020       0x21 zephyr/arch/arch/arm/core/aarch32/libarch__arm__core__aarch32.a(swap.c.obj)
 .comment       0x0000000000000020       0x21 zephyr/arch/arch/arm/core/aarch32/libarch__arm__core__aarch32.a(irq_manage.c.obj)
 .comment       0x0000000000000020       0x21 zephyr/arch/arch/arm/core/aarch32/libarch__arm__core__aarch32.a(thread.c.obj)
 .comment       0x0000000000000020       0x21 zephyr/arch/arch/arm/core/aarch32/libarch__arm__core__aarch32.a(fatal.c.obj)
 .comment       0x0000000000000020       0x21 zephyr/arch/arch/arm/core/aarch32/libarch__arm__core__aarch32.a(nmi.c.obj)
 .comment       0x0000000000000020       0x21 zephyr/arch/arch/arm/core/aarch32/libarch__arm__core__aarch32.a(prep_c.c.obj)
 .comment       0x0000000000000020       0x21 zephyr/arch/arch/arm/core/aarch32/cortex_m/libarch__arm__core__aarch32__cortex_m.a(fault.c.obj)
 .comment       0x0000000000000020       0x21 zephyr/arch/arch/arm/core/aarch32/cortex_m/libarch__arm__core__aarch32__cortex_m.a(irq_init.c.obj)
 .comment       0x0000000000000020       0x21 zephyr/arch/arch/arm/core/aarch32/cortex_m/libarch__arm__core__aarch32__cortex_m.a(thread_abort.c.obj)
 .comment       0x0000000000000020       0x21 zephyr/lib/libc/newlib/liblib__libc__newlib.a(libc-hooks.c.obj)
 .comment       0x0000000000000020       0x21 zephyr/drivers/serial/libdrivers__serial.a(uart_aspeed.c.obj)
 .comment       0x0000000000000020       0x21 zephyr/kernel/libkernel.a(device.c.obj)
 .comment       0x0000000000000020       0x21 zephyr/kernel/libkernel.a(errno.c.obj)
 .comment       0x0000000000000020       0x21 zephyr/kernel/libkernel.a(fatal.c.obj)
 .comment       0x0000000000000020       0x21 zephyr/kernel/libkernel.a(init.c.obj)
 .comment       0x0000000000000020       0x21 zephyr/kernel/libkernel.a(mem_slab.c.obj)
 .comment       0x0000000000000020       0x21 zephyr/kernel/libkernel.a(thread.c.obj)
 .comment       0x0000000000000020       0x21 zephyr/kernel/libkernel.a(idle.c.obj)
 .comment       0x0000000000000020       0x21 zephyr/kernel/libkernel.a(mutex.c.obj)
 .comment       0x0000000000000020       0x21 zephyr/kernel/libkernel.a(sem.c.obj)
 .comment       0x0000000000000020       0x21 zephyr/kernel/libkernel.a(sched.c.obj)
 .comment       0x0000000000000020       0x21 zephyr/kernel/libkernel.a(timeout.c.obj)
 .comment       0x0000000000000020       0x21 zephyr/kernel/libkernel.a(poll.c.obj)
 .comment       0x0000000000000020       0x21 zephyr/kernel/libkernel.a(banner.c.obj)
 .comment       0x0000000000000020       0x21 zephyr/kernel/libkernel.a(kheap.c.obj)
 .comment       0x0000000000000020       0x21 zephyr/kernel/libkernel.a(system_work_q.c.obj)
 .comment       0x0000000000000020       0x21 zephyr/kernel/libkernel.a(work.c.obj)

.debug
 *(SORT_BY_ALIGNMENT(.debug))

.line
 *(SORT_BY_ALIGNMENT(.line))

.debug_srcinfo
 *(SORT_BY_ALIGNMENT(.debug_srcinfo))

.debug_sfnames
 *(SORT_BY_ALIGNMENT(.debug_sfnames))

.debug_aranges  0x0000000000000000      0xfb8
 *(SORT_BY_ALIGNMENT(.debug_aranges))
 .debug_aranges
                0x0000000000000000       0x28 zephyr/arch/arch/arm/core/aarch32/libarch__arm__core__aarch32.a(swap_helper.S.obj)
 .debug_aranges
                0x0000000000000028       0x30 zephyr/arch/arch/arm/core/aarch32/libarch__arm__core__aarch32.a(cpu_idle.S.obj)
 .debug_aranges
                0x0000000000000058       0x20 zephyr/arch/arch/arm/core/aarch32/libarch__arm__core__aarch32.a(nmi_on_reset.S.obj)
 .debug_aranges
                0x0000000000000078       0x20 zephyr/arch/arch/arm/core/aarch32/libarch__arm__core__aarch32.a(isr_wrapper.S.obj)
 .debug_aranges
                0x0000000000000098       0x20 zephyr/arch/arch/arm/core/aarch32/cortex_m/libarch__arm__core__aarch32__cortex_m.a(reset.S.obj)
 .debug_aranges
                0x00000000000000b8       0x20 zephyr/arch/arch/arm/core/aarch32/cortex_m/libarch__arm__core__aarch32__cortex_m.a(fault_s.S.obj)
 .debug_aranges
                0x00000000000000d8       0x20 zephyr/arch/arch/arm/core/aarch32/cortex_m/libarch__arm__core__aarch32__cortex_m.a(exc_exit.S.obj)
 .debug_aranges
                0x00000000000000f8       0x18 zephyr/CMakeFiles/zephyr_final.dir/isr_tables.c.obj
 .debug_aranges
                0x0000000000000110       0x18 zephyr/CMakeFiles/zephyr_final.dir/dev_handles.c.obj
 .debug_aranges
                0x0000000000000128       0x20 zephyr/CMakeFiles/offsets.dir/./arch/arm/core/offsets/offsets.c.obj
 .debug_aranges
                0x0000000000000148       0x20 app/libapp.a(main.c.obj)
 .debug_aranges
                0x0000000000000168       0x68 zephyr/libzephyr.a(printk.c.obj)
 .debug_aranges
                0x00000000000001d0       0x20 zephyr/libzephyr.a(thread_entry.c.obj)
 .debug_aranges
                0x00000000000001f0       0xb0 zephyr/libzephyr.a(heap.c.obj)
 .debug_aranges
                0x00000000000002a0       0x38 zephyr/libzephyr.a(cbprintf_complete.c.obj)
 .debug_aranges
                0x00000000000002d8       0x20 zephyr/libzephyr.a(assert.c.obj)
 .debug_aranges
                0x00000000000002f8       0x20 zephyr/libzephyr.a(configs.c.obj)
 .debug_aranges
                0x0000000000000318       0x30 zephyr/libzephyr.a(soc.c.obj)
 .debug_aranges
                0x0000000000000348       0x20 zephyr/libzephyr.a(cpp_init_array.c.obj)
 .debug_aranges
                0x0000000000000368       0x20 zephyr/libzephyr.a(cpp_ctors.c.obj)
 .debug_aranges
                0x0000000000000388       0x28 zephyr/libzephyr.a(uart_console.c.obj)
 .debug_aranges
                0x00000000000003b0       0x38 zephyr/libzephyr.a(clock_control_ast26xx.c.obj)
 .debug_aranges
                0x00000000000003e8       0x30 zephyr/libzephyr.a(reset_control_aspeed.c.obj)
 .debug_aranges
                0x0000000000000418       0x40 zephyr/libzephyr.a(pinmux_aspeed.c.obj)
 .debug_aranges
                0x0000000000000458       0x48 zephyr/libzephyr.a(sys_clock_init.c.obj)
 .debug_aranges
                0x00000000000004a0       0x58 zephyr/libzephyr.a(cortex_m_systick.c.obj)
 .debug_aranges
                0x00000000000004f8       0x58 zephyr/libzephyr.a(cache_aspeed.c.obj)
 .debug_aranges
                0x0000000000000550       0x20 zephyr/arch/arch/arm/core/aarch32/libarch__arm__core__aarch32.a(swap.c.obj)
 .debug_aranges
                0x0000000000000570       0x40 zephyr/arch/arch/arm/core/aarch32/libarch__arm__core__aarch32.a(irq_manage.c.obj)
 .debug_aranges
                0x00000000000005b0       0x28 zephyr/arch/arch/arm/core/aarch32/libarch__arm__core__aarch32.a(thread.c.obj)
 .debug_aranges
                0x00000000000005d8       0x30 zephyr/arch/arch/arm/core/aarch32/libarch__arm__core__aarch32.a(fatal.c.obj)
 .debug_aranges
                0x0000000000000608       0x20 zephyr/arch/arch/arm/core/aarch32/libarch__arm__core__aarch32.a(nmi.c.obj)
 .debug_aranges
                0x0000000000000628       0x20 zephyr/arch/arch/arm/core/aarch32/libarch__arm__core__aarch32.a(prep_c.c.obj)
 .debug_aranges
                0x0000000000000648       0x38 zephyr/arch/arch/arm/core/aarch32/cortex_m/libarch__arm__core__aarch32__cortex_m.a(fault.c.obj)
 .debug_aranges
                0x0000000000000680       0x20 zephyr/arch/arch/arm/core/aarch32/cortex_m/libarch__arm__core__aarch32__cortex_m.a(irq_init.c.obj)
 .debug_aranges
                0x00000000000006a0       0x20 zephyr/arch/arch/arm/core/aarch32/cortex_m/libarch__arm__core__aarch32__cortex_m.a(thread_abort.c.obj)
 .debug_aranges
                0x00000000000006c0       0xd0 zephyr/lib/libc/newlib/liblib__libc__newlib.a(libc-hooks.c.obj)
 .debug_aranges
                0x0000000000000790       0xd0 zephyr/drivers/serial/libdrivers__serial.a(uart_aspeed.c.obj)
 .debug_aranges
                0x0000000000000860       0x58 zephyr/kernel/libkernel.a(device.c.obj)
 .debug_aranges
                0x00000000000008b8       0x20 zephyr/kernel/libkernel.a(errno.c.obj)
 .debug_aranges
                0x00000000000008d8       0x60 zephyr/kernel/libkernel.a(fatal.c.obj)
 .debug_aranges
                0x0000000000000938       0x38 zephyr/kernel/libkernel.a(init.c.obj)
 .debug_aranges
                0x0000000000000970       0x38 zephyr/kernel/libkernel.a(mem_slab.c.obj)
 .debug_aranges
                0x00000000000009a8       0xd8 zephyr/kernel/libkernel.a(thread.c.obj)
 .debug_aranges
                0x0000000000000a80       0x28 zephyr/kernel/libkernel.a(idle.c.obj)
 .debug_aranges
                0x0000000000000aa8       0x38 zephyr/kernel/libkernel.a(mutex.c.obj)
 .debug_aranges
                0x0000000000000ae0       0x38 zephyr/kernel/libkernel.a(sem.c.obj)
 .debug_aranges
                0x0000000000000b18      0x1e8 zephyr/kernel/libkernel.a(sched.c.obj)
 .debug_aranges
                0x0000000000000d00       0x98 zephyr/kernel/libkernel.a(timeout.c.obj)
 .debug_aranges
                0x0000000000000d98       0xa0 zephyr/kernel/libkernel.a(poll.c.obj)
 .debug_aranges
                0x0000000000000e38       0x20 zephyr/kernel/libkernel.a(banner.c.obj)
 .debug_aranges
                0x0000000000000e58       0x40 zephyr/kernel/libkernel.a(kheap.c.obj)
 .debug_aranges
                0x0000000000000e98       0x20 zephyr/kernel/libkernel.a(system_work_q.c.obj)
 .debug_aranges
                0x0000000000000eb8      0x100 zephyr/kernel/libkernel.a(work.c.obj)

.debug_pubnames
 *(SORT_BY_ALIGNMENT(.debug_pubnames))

.debug_info     0x0000000000000000    0x411a4
 *(SORT_BY_ALIGNMENT(.debug_info) SORT_BY_ALIGNMENT(.gnu.linkonce.wi.*))
 .debug_info    0x0000000000000000      0x142 zephyr/CMakeFiles/zephyr_final.dir/isr_tables.c.obj
 .debug_info    0x0000000000000142      0x1a0 zephyr/CMakeFiles/zephyr_final.dir/dev_handles.c.obj
 .debug_info    0x00000000000002e2       0x94 zephyr/CMakeFiles/offsets.dir/./arch/arm/core/offsets/offsets.c.obj
 .debug_info    0x0000000000000376      0x1a4 app/libapp.a(main.c.obj)
 .debug_info    0x000000000000051a      0x506 zephyr/libzephyr.a(printk.c.obj)
 .debug_info    0x0000000000000a20      0x6dd zephyr/libzephyr.a(thread_entry.c.obj)